2026-07-03 15:28:06,047 [INFO] Producer log   : /opt/flink/results/experiments/01_baseline/producer.log
2026-07-03 15:28:06,048 [INFO] Random seed    : 42
2026-07-03 15:28:06,048 [INFO] === Flight Event Producer ===
2026-07-03 15:28:06,048 [INFO]  Prepared data : /prepared/flights_prepared.csv
2026-07-03 15:28:06,048 [INFO]  Kafka brokers : kafka:9092
2026-07-03 15:28:06,049 [INFO]  Topic         : flights
2026-07-03 15:28:06,049 [INFO]  Acceleration  : 57600x
2026-07-03 15:28:06,049 [INFO]  Flush every   : 5000 events
2026-07-03 15:28:06,049 [INFO]  Log every     : 100000 events
2026-07-03 15:28:06,050 [INFO]  Out-of-order  : disabled
2026-07-03 15:28:06,050 [INFO]  End-of-stream : marker per partition
2026-07-03 15:28:06,052 [INFO] <BrokerConnection client_id=kafka-python-2.3.2, node_id=bootstrap-0 host=kafka:9092 <connecting> [IPv4 ('172.18.0.4', 9092)]>: connecting to kafka:9092 [('172.18.0.4', 9092) IPv4]
2026-07-03 15:28:06,053 [INFO] <BrokerConnection client_id=kafka-python-2.3.2, node_id=bootstrap-0 host=kafka:9092 <checking_api_versions_recv> [IPv4 ('172.18.0.4', 9092)]>: Broker version identified as 2.6
2026-07-03 15:28:06,054 [INFO] <BrokerConnection client_id=kafka-python-2.3.2, node_id=bootstrap-0 host=kafka:9092 <connected> [IPv4 ('172.18.0.4', 9092)]>: Connection complete.
2026-07-03 15:28:06,057 [INFO] <BrokerConnection client_id=kafka-python-2.3.2, node_id=1 host=kafka:9092 <connecting> [IPv4 ('172.18.0.4', 9092)]>: connecting to kafka:9092 [('172.18.0.4', 9092) IPv4]
2026-07-03 15:28:06,057 [INFO] <BrokerConnection client_id=kafka-python-2.3.2, node_id=1 host=kafka:9092 <connected> [IPv4 ('172.18.0.4', 9092)]>: Connection complete.
2026-07-03 15:28:06,057 [INFO] <BrokerConnection client_id=kafka-python-2.3.2, node_id=bootstrap-0 host=kafka:9092 <connected> [IPv4 ('172.18.0.4', 9092)]>: Closing connection. 
2026-07-03 15:28:06,159 [INFO] <BrokerConnection client_id=kafka-python-2.3.2, node_id=1 host=kafka:9092 <connected> [IPv4 ('172.18.0.4', 9092)]>: Closing connection. 
2026-07-03 15:28:06,159 [INFO] Loading prepared dataset /prepared/flights_prepared.csv …
2026-07-03 15:28:08,059 [INFO] Loaded 2229453 prepared events
2026-07-03 15:28:08,061 [INFO] Event range: 2025-01-01 00:10:00+00:00 → 2025-04-30 23:59:00+00:00 (120.0 days)
2026-07-03 15:28:08,061 [INFO] Estimated replay duration at 57600x: 3.0 minutes
2026-07-03 15:28:08,067 [INFO] NiFi ready at http://nifi:9876/flights
2026-07-03 15:28:08,068 [INFO] <BrokerConnection client_id=kafka-python-producer-1, node_id=bootstrap-0 host=kafka:9092 <connecting> [IPv4 ('172.18.0.4', 9092)]>: connecting to kafka:9092 [('172.18.0.4', 9092) IPv4]
2026-07-03 15:28:08,071 [INFO] <BrokerConnection client_id=kafka-python-producer-1, node_id=bootstrap-0 host=kafka:9092 <checking_api_versions_recv> [IPv4 ('172.18.0.4', 9092)]>: Broker version identified as 2.6
2026-07-03 15:28:08,071 [INFO] <BrokerConnection client_id=kafka-python-producer-1, node_id=bootstrap-0 host=kafka:9092 <connected> [IPv4 ('172.18.0.4', 9092)]>: Connection complete.
2026-07-03 15:28:08,174 [INFO] <BrokerConnection client_id=kafka-python-producer-1, node_id=1 host=kafka:9092 <connecting> [IPv4 ('172.18.0.4', 9092)]>: connecting to kafka:9092 [('172.18.0.4', 9092) IPv4]
2026-07-03 15:28:08,175 [INFO] <BrokerConnection client_id=kafka-python-producer-1, node_id=1 host=kafka:9092 <connected> [IPv4 ('172.18.0.4', 9092)]>: Connection complete.
2026-07-03 15:28:08,175 [INFO] <BrokerConnection client_id=kafka-python-producer-1, node_id=bootstrap-0 host=kafka:9092 <connected> [IPv4 ('172.18.0.4', 9092)]>: Closing connection. 
2026-07-03 15:28:08,177 [INFO] Connected to Kafka (kafka:9092), topic 'flights'
2026-07-03 15:28:08,177 [INFO] Replay started: 2229453 events, factor=57600x, out-of-order prob=0.00, distribution=exponential, max delivery delay=120s (event time)
2026-07-03 15:28:08,804 [INFO] Sent 5000 / 2229453  (0.2%)  elapsed=0.6s  throughput=7974 ev/s
2026-07-03 15:28:09,101 [INFO] Sent 10000 / 2229453  (0.4%)  elapsed=0.9s  throughput=10822 ev/s
2026-07-03 15:28:09,417 [INFO] Sent 15000 / 2229453  (0.7%)  elapsed=1.2s  throughput=12095 ev/s
2026-07-03 15:28:10,146 [INFO] Sent 20000 / 2229453  (0.9%)  elapsed=2.0s  throughput=10155 ev/s
2026-07-03 15:28:10,418 [INFO] Sent 25000 / 2229453  (1.1%)  elapsed=2.2s  throughput=11154 ev/s
2026-07-03 15:28:10,700 [INFO] Sent 30000 / 2229453  (1.3%)  elapsed=2.5s  throughput=11890 ev/s
2026-07-03 15:28:10,980 [INFO] Sent 35000 / 2229453  (1.6%)  elapsed=2.8s  throughput=12486 ev/s
2026-07-03 15:28:11,669 [INFO] Sent 40000 / 2229453  (1.8%)  elapsed=3.5s  throughput=11454 ev/s
2026-07-03 15:28:11,944 [INFO] Sent 45000 / 2229453  (2.0%)  elapsed=3.8s  throughput=11946 ev/s
2026-07-03 15:28:12,225 [INFO] Sent 50000 / 2229453  (2.2%)  elapsed=4.0s  throughput=12352 ev/s
2026-07-03 15:28:12,533 [INFO] Sent 55000 / 2229453  (2.5%)  elapsed=4.4s  throughput=12627 ev/s
2026-07-03 15:28:13,204 [INFO] Sent 60000 / 2229453  (2.7%)  elapsed=5.0s  throughput=11935 ev/s
2026-07-03 15:28:13,508 [INFO] Sent 65000 / 2229453  (2.9%)  elapsed=5.3s  throughput=12193 ev/s
2026-07-03 15:28:13,804 [INFO] Sent 70000 / 2229453  (3.1%)  elapsed=5.6s  throughput=12440 ev/s
2026-07-03 15:28:14,620 [INFO] Sent 75000 / 2229453  (3.4%)  elapsed=6.3s  throughput=11819 ev/s
2026-07-03 15:28:14,883 [INFO] Sent 80000 / 2229453  (3.6%)  elapsed=6.6s  throughput=12106 ev/s
2026-07-03 15:28:15,156 [INFO] Sent 85000 / 2229453  (3.8%)  elapsed=6.9s  throughput=12352 ev/s
2026-07-03 15:28:15,428 [INFO] Sent 90000 / 2229453  (4.0%)  elapsed=7.2s  throughput=12581 ev/s
2026-07-03 15:28:16,144 [INFO] Sent 95000 / 2229453  (4.3%)  elapsed=7.9s  throughput=12072 ev/s
2026-07-03 15:28:16,403 [INFO] Sent 100000 / 2229453  (4.5%)  elapsed=8.1s  throughput=12302 ev/s
2026-07-03 15:28:16,688 [INFO] Sent 105000 / 2229453  (4.7%)  elapsed=8.4s  throughput=12480 ev/s
2026-07-03 15:28:16,964 [INFO] Sent 110000 / 2229453  (4.9%)  elapsed=8.7s  throughput=12660 ev/s
2026-07-03 15:28:17,730 [INFO] Sent 115000 / 2229453  (5.2%)  elapsed=9.5s  throughput=12163 ev/s
2026-07-03 15:28:18,032 [INFO] Sent 120000 / 2229453  (5.4%)  elapsed=9.8s  throughput=12298 ev/s
2026-07-03 15:28:18,358 [INFO] Sent 125000 / 2229453  (5.6%)  elapsed=10.1s  throughput=12396 ev/s
2026-07-03 15:28:19,172 [INFO] Sent 130000 / 2229453  (5.8%)  elapsed=10.9s  throughput=11930 ev/s
2026-07-03 15:28:19,469 [INFO] Sent 135000 / 2229453  (6.1%)  elapsed=11.2s  throughput=12060 ev/s
2026-07-03 15:28:19,779 [INFO] Sent 140000 / 2229453  (6.3%)  elapsed=11.5s  throughput=12169 ev/s
2026-07-03 15:28:20,260 [INFO] Sent 145000 / 2229453  (6.5%)  elapsed=12.0s  throughput=12098 ev/s
2026-07-03 15:28:20,872 [INFO] Sent 150000 / 2229453  (6.7%)  elapsed=12.6s  throughput=11907 ev/s
2026-07-03 15:28:21,152 [INFO] Sent 155000 / 2229453  (7.0%)  elapsed=12.9s  throughput=12037 ev/s
2026-07-03 15:28:21,426 [INFO] Sent 160000 / 2229453  (7.2%)  elapsed=13.2s  throughput=12165 ev/s
2026-07-03 15:28:22,206 [INFO] Sent 165000 / 2229453  (7.4%)  elapsed=13.9s  throughput=11843 ev/s
2026-07-03 15:28:22,475 [INFO] Sent 170000 / 2229453  (7.6%)  elapsed=14.2s  throughput=11971 ev/s
2026-07-03 15:28:22,765 [INFO] Sent 175000 / 2229453  (7.8%)  elapsed=14.5s  throughput=12077 ev/s
2026-07-03 15:28:23,078 [INFO] Sent 180000 / 2229453  (8.1%)  elapsed=14.8s  throughput=12159 ev/s
2026-07-03 15:28:23,849 [INFO] Sent 185000 / 2229453  (8.3%)  elapsed=15.6s  throughput=11878 ev/s
2026-07-03 15:28:24,171 [INFO] Sent 190000 / 2229453  (8.5%)  elapsed=15.9s  throughput=11952 ev/s
2026-07-03 15:28:24,552 [INFO] Sent 195000 / 2229453  (8.7%)  elapsed=16.3s  throughput=11980 ev/s
2026-07-03 15:28:25,322 [INFO] Sent 200000 / 2229453  (9.0%)  elapsed=17.0s  throughput=11732 ev/s
2026-07-03 15:28:25,603 [INFO] Sent 205000 / 2229453  (9.2%)  elapsed=17.3s  throughput=11830 ev/s
2026-07-03 15:28:25,886 [INFO] Sent 210000 / 2229453  (9.4%)  elapsed=17.6s  throughput=11924 ev/s
2026-07-03 15:28:26,643 [INFO] Sent 215000 / 2229453  (9.6%)  elapsed=18.4s  throughput=11705 ev/s
2026-07-03 15:28:26,912 [INFO] Sent 220000 / 2229453  (9.9%)  elapsed=18.6s  throughput=11804 ev/s
2026-07-03 15:28:27,196 [INFO] Sent 225000 / 2229453  (10.1%)  elapsed=18.9s  throughput=11891 ev/s
2026-07-03 15:28:27,485 [INFO] Sent 230000 / 2229453  (10.3%)  elapsed=19.2s  throughput=11973 ev/s
2026-07-03 15:28:28,277 [INFO] Sent 235000 / 2229453  (10.5%)  elapsed=20.0s  throughput=11748 ev/s
2026-07-03 15:28:28,582 [INFO] Sent 240000 / 2229453  (10.8%)  elapsed=20.3s  throughput=11818 ev/s
2026-07-03 15:28:28,900 [INFO] Sent 245000 / 2229453  (11.0%)  elapsed=20.6s  throughput=11878 ev/s
2026-07-03 15:28:29,730 [INFO] Sent 250000 / 2229453  (11.2%)  elapsed=21.5s  throughput=11652 ev/s
2026-07-03 15:28:30,032 [INFO] Sent 255000 / 2229453  (11.4%)  elapsed=21.8s  throughput=11720 ev/s
2026-07-03 15:28:30,349 [INFO] Sent 260000 / 2229453  (11.7%)  elapsed=22.1s  throughput=11778 ev/s
2026-07-03 15:28:31,156 [INFO] Sent 265000 / 2229453  (11.9%)  elapsed=22.9s  throughput=11581 ev/s
2026-07-03 15:28:31,422 [INFO] Sent 270000 / 2229453  (12.1%)  elapsed=23.1s  throughput=11664 ev/s
2026-07-03 15:28:31,703 [INFO] Sent 275000 / 2229453  (12.3%)  elapsed=23.4s  throughput=11738 ev/s
2026-07-03 15:28:31,984 [INFO] Sent 280000 / 2229453  (12.6%)  elapsed=23.7s  throughput=11810 ev/s
2026-07-03 15:28:32,727 [INFO] Sent 285000 / 2229453  (12.8%)  elapsed=24.5s  throughput=11655 ev/s
2026-07-03 15:28:32,999 [INFO] Sent 290000 / 2229453  (13.0%)  elapsed=24.7s  throughput=11729 ev/s
2026-07-03 15:28:33,286 [INFO] Sent 295000 / 2229453  (13.2%)  elapsed=25.0s  throughput=11795 ev/s
2026-07-03 15:28:33,595 [INFO] Sent 300000 / 2229453  (13.5%)  elapsed=25.3s  throughput=11848 ev/s
2026-07-03 15:28:34,356 [INFO] Sent 305000 / 2229453  (13.7%)  elapsed=26.1s  throughput=11694 ev/s
2026-07-03 15:28:34,677 [INFO] Sent 310000 / 2229453  (13.9%)  elapsed=26.4s  throughput=11741 ev/s
2026-07-03 15:28:35,103 [INFO] Sent 315000 / 2229453  (14.1%)  elapsed=26.8s  throughput=11741 ev/s
2026-07-03 15:28:35,872 [INFO] Sent 320000 / 2229453  (14.4%)  elapsed=27.6s  throughput=11595 ev/s
2026-07-03 15:28:36,162 [INFO] Sent 325000 / 2229453  (14.6%)  elapsed=27.9s  throughput=11654 ev/s
2026-07-03 15:28:36,463 [INFO] Sent 330000 / 2229453  (14.8%)  elapsed=28.2s  throughput=11707 ev/s
2026-07-03 15:28:37,229 [INFO] Sent 335000 / 2229453  (15.0%)  elapsed=29.0s  throughput=11570 ev/s
2026-07-03 15:28:37,500 [INFO] Sent 340000 / 2229453  (15.3%)  elapsed=29.2s  throughput=11634 ev/s
2026-07-03 15:28:37,783 [INFO] Sent 345000 / 2229453  (15.5%)  elapsed=29.5s  throughput=11691 ev/s
2026-07-03 15:28:38,082 [INFO] Sent 350000 / 2229453  (15.7%)  elapsed=29.8s  throughput=11742 ev/s
2026-07-03 15:28:38,833 [INFO] Sent 355000 / 2229453  (15.9%)  elapsed=30.6s  throughput=11617 ev/s
2026-07-03 15:28:39,141 [INFO] Sent 360000 / 2229453  (16.1%)  elapsed=30.9s  throughput=11663 ev/s
2026-07-03 15:28:39,458 [INFO] Sent 365000 / 2229453  (16.4%)  elapsed=31.2s  throughput=11705 ev/s
2026-07-03 15:28:40,277 [INFO] Sent 370000 / 2229453  (16.6%)  elapsed=32.0s  throughput=11562 ev/s
2026-07-03 15:28:40,577 [INFO] Sent 375000 / 2229453  (16.8%)  elapsed=32.3s  throughput=11609 ev/s
2026-07-03 15:28:40,886 [INFO] Sent 380000 / 2229453  (17.0%)  elapsed=32.6s  throughput=11652 ev/s
2026-07-03 15:28:41,704 [INFO] Sent 385000 / 2229453  (17.3%)  elapsed=33.4s  throughput=11517 ev/s
2026-07-03 15:28:41,964 [INFO] Sent 390000 / 2229453  (17.5%)  elapsed=33.7s  throughput=11576 ev/s
2026-07-03 15:28:42,249 [INFO] Sent 395000 / 2229453  (17.7%)  elapsed=34.0s  throughput=11626 ev/s
2026-07-03 15:28:42,537 [INFO] Sent 400000 / 2229453  (17.9%)  elapsed=34.3s  throughput=11675 ev/s
2026-07-03 15:28:43,282 [INFO] Sent 405000 / 2229453  (18.2%)  elapsed=35.0s  throughput=11569 ev/s
2026-07-03 15:28:43,556 [INFO] Sent 410000 / 2229453  (18.4%)  elapsed=35.3s  throughput=11621 ev/s
2026-07-03 15:28:43,844 [INFO] Sent 415000 / 2229453  (18.6%)  elapsed=35.6s  throughput=11667 ev/s
2026-07-03 15:28:44,724 [INFO] Sent 420000 / 2229453  (18.8%)  elapsed=36.3s  throughput=11554 ev/s
2026-07-03 15:28:45,025 [INFO] Sent 425000 / 2229453  (19.1%)  elapsed=36.7s  throughput=11596 ev/s
2026-07-03 15:28:45,354 [INFO] Sent 430000 / 2229453  (19.3%)  elapsed=37.0s  throughput=11628 ev/s
2026-07-03 15:28:46,214 [INFO] Sent 435000 / 2229453  (19.5%)  elapsed=37.8s  throughput=11496 ev/s
2026-07-03 15:28:46,488 [INFO] Sent 440000 / 2229453  (19.7%)  elapsed=38.1s  throughput=11544 ev/s
2026-07-03 15:28:46,761 [INFO] Sent 445000 / 2229453  (20.0%)  elapsed=38.4s  throughput=11592 ev/s
2026-07-03 15:28:47,036 [INFO] Sent 450000 / 2229453  (20.2%)  elapsed=38.7s  throughput=11639 ev/s
2026-07-03 15:28:47,796 [INFO] Sent 455000 / 2229453  (20.4%)  elapsed=39.4s  throughput=11542 ev/s
2026-07-03 15:28:48,057 [INFO] Sent 460000 / 2229453  (20.6%)  elapsed=39.7s  throughput=11592 ev/s
2026-07-03 15:28:48,339 [INFO] Sent 465000 / 2229453  (20.9%)  elapsed=40.0s  throughput=11635 ev/s
2026-07-03 15:28:48,635 [INFO] Sent 470000 / 2229453  (21.1%)  elapsed=40.3s  throughput=11674 ev/s
2026-07-03 15:28:49,411 [INFO] Sent 475000 / 2229453  (21.3%)  elapsed=41.0s  throughput=11575 ev/s
2026-07-03 15:28:49,720 [INFO] Sent 480000 / 2229453  (21.5%)  elapsed=41.3s  throughput=11609 ev/s
2026-07-03 15:28:50,036 [INFO] Sent 485000 / 2229453  (21.8%)  elapsed=41.7s  throughput=11641 ev/s
2026-07-03 15:28:50,865 [INFO] Sent 490000 / 2229453  (22.0%)  elapsed=42.5s  throughput=11532 ev/s
2026-07-03 15:28:51,160 [INFO] Sent 495000 / 2229453  (22.2%)  elapsed=42.8s  throughput=11569 ev/s
2026-07-03 15:28:51,473 [INFO] Sent 500000 / 2229453  (22.4%)  elapsed=43.1s  throughput=11601 ev/s
2026-07-03 15:28:52,286 [INFO] Sent 505000 / 2229453  (22.7%)  elapsed=43.9s  throughput=11500 ev/s
2026-07-03 15:28:52,553 [INFO] Sent 510000 / 2229453  (22.9%)  elapsed=44.2s  throughput=11544 ev/s
2026-07-03 15:28:52,835 [INFO] Sent 515000 / 2229453  (23.1%)  elapsed=44.5s  throughput=11583 ev/s
2026-07-03 15:28:53,119 [INFO] Sent 520000 / 2229453  (23.3%)  elapsed=44.7s  throughput=11621 ev/s
2026-07-03 15:28:53,875 [INFO] Sent 525000 / 2229453  (23.5%)  elapsed=45.5s  throughput=11538 ev/s
2026-07-03 15:28:54,146 [INFO] Sent 530000 / 2229453  (23.8%)  elapsed=45.8s  throughput=11579 ev/s
2026-07-03 15:28:54,432 [INFO] Sent 535000 / 2229453  (24.0%)  elapsed=46.1s  throughput=11616 ev/s
2026-07-03 15:28:55,214 [INFO] Sent 540000 / 2229453  (24.2%)  elapsed=46.8s  throughput=11529 ev/s
2026-07-03 15:28:55,521 [INFO] Sent 545000 / 2229453  (24.4%)  elapsed=47.1s  throughput=11560 ev/s
2026-07-03 15:28:55,844 [INFO] Sent 550000 / 2229453  (24.7%)  elapsed=47.5s  throughput=11586 ev/s
2026-07-03 15:28:56,704 [INFO] Sent 555000 / 2229453  (24.9%)  elapsed=48.3s  throughput=11484 ev/s
2026-07-03 15:28:56,984 [INFO] Sent 560000 / 2229453  (25.1%)  elapsed=48.6s  throughput=11520 ev/s
2026-07-03 15:28:57,256 [INFO] Sent 565000 / 2229453  (25.3%)  elapsed=48.9s  throughput=11558 ev/s
2026-07-03 15:28:57,528 [INFO] Sent 570000 / 2229453  (25.6%)  elapsed=49.2s  throughput=11596 ev/s
2026-07-03 15:28:58,292 [INFO] Sent 575000 / 2229453  (25.8%)  elapsed=49.9s  throughput=11519 ev/s
2026-07-03 15:28:58,557 [INFO] Sent 580000 / 2229453  (26.0%)  elapsed=50.2s  throughput=11558 ev/s
2026-07-03 15:28:58,838 [INFO] Sent 585000 / 2229453  (26.2%)  elapsed=50.5s  throughput=11592 ev/s
2026-07-03 15:28:59,134 [INFO] Sent 590000 / 2229453  (26.5%)  elapsed=50.8s  throughput=11623 ev/s
2026-07-03 15:28:59,911 [INFO] Sent 595000 / 2229453  (26.7%)  elapsed=51.5s  throughput=11545 ev/s
2026-07-03 15:29:00,218 [INFO] Sent 600000 / 2229453  (26.9%)  elapsed=51.8s  throughput=11573 ev/s
2026-07-03 15:29:00,532 [INFO] Sent 605000 / 2229453  (27.1%)  elapsed=52.2s  throughput=11599 ev/s
2026-07-03 15:29:01,365 [INFO] Sent 610000 / 2229453  (27.4%)  elapsed=53.0s  throughput=11511 ev/s
2026-07-03 15:29:01,656 [INFO] Sent 615000 / 2229453  (27.6%)  elapsed=53.3s  throughput=11542 ev/s
2026-07-03 15:29:01,969 [INFO] Sent 620000 / 2229453  (27.8%)  elapsed=53.6s  throughput=11568 ev/s
2026-07-03 15:29:02,771 [INFO] Sent 625000 / 2229453  (28.0%)  elapsed=54.4s  throughput=11490 ev/s
2026-07-03 15:29:03,037 [INFO] Sent 630000 / 2229453  (28.3%)  elapsed=54.7s  throughput=11525 ev/s
2026-07-03 15:29:03,318 [INFO] Sent 635000 / 2229453  (28.5%)  elapsed=54.9s  throughput=11557 ev/s
2026-07-03 15:29:03,593 [INFO] Sent 640000 / 2229453  (28.7%)  elapsed=55.2s  throughput=11590 ev/s
2026-07-03 15:29:04,333 [INFO] Sent 645000 / 2229453  (28.9%)  elapsed=56.0s  throughput=11526 ev/s
2026-07-03 15:29:04,600 [INFO] Sent 650000 / 2229453  (29.2%)  elapsed=56.2s  throughput=11560 ev/s
2026-07-03 15:29:04,883 [INFO] Sent 655000 / 2229453  (29.4%)  elapsed=56.5s  throughput=11591 ev/s
2026-07-03 15:29:05,182 [INFO] Sent 660000 / 2229453  (29.6%)  elapsed=56.8s  throughput=11618 ev/s
2026-07-03 15:29:05,938 [INFO] Sent 665000 / 2229453  (29.8%)  elapsed=57.6s  throughput=11552 ev/s
2026-07-03 15:29:06,261 [INFO] Sent 670000 / 2229453  (30.1%)  elapsed=57.9s  throughput=11574 ev/s
2026-07-03 15:29:06,627 [INFO] Sent 675000 / 2229453  (30.3%)  elapsed=58.3s  throughput=11587 ev/s
2026-07-03 15:29:07,421 [INFO] Sent 680000 / 2229453  (30.5%)  elapsed=59.0s  throughput=11516 ev/s
2026-07-03 15:29:07,709 [INFO] Sent 685000 / 2229453  (30.7%)  elapsed=59.3s  throughput=11545 ev/s
2026-07-03 15:29:07,995 [INFO] Sent 690000 / 2229453  (30.9%)  elapsed=59.6s  throughput=11573 ev/s
2026-07-03 15:29:08,771 [INFO] Sent 695000 / 2229453  (31.2%)  elapsed=60.4s  throughput=11507 ev/s
2026-07-03 15:29:09,037 [INFO] Sent 700000 / 2229453  (31.4%)  elapsed=60.7s  throughput=11539 ev/s
2026-07-03 15:29:09,313 [INFO] Sent 705000 / 2229453  (31.6%)  elapsed=60.9s  throughput=11569 ev/s
2026-07-03 15:29:09,594 [INFO] Sent 710000 / 2229453  (31.8%)  elapsed=61.2s  throughput=11597 ev/s
2026-07-03 15:29:10,370 [INFO] Sent 715000 / 2229453  (32.1%)  elapsed=62.0s  throughput=11533 ev/s
2026-07-03 15:29:10,672 [INFO] Sent 720000 / 2229453  (32.3%)  elapsed=62.3s  throughput=11557 ev/s
2026-07-03 15:29:10,988 [INFO] Sent 725000 / 2229453  (32.5%)  elapsed=62.6s  throughput=11579 ev/s
2026-07-03 15:29:11,808 [INFO] Sent 730000 / 2229453  (32.7%)  elapsed=63.4s  throughput=11508 ev/s
2026-07-03 15:29:12,099 [INFO] Sent 735000 / 2229453  (33.0%)  elapsed=63.7s  throughput=11534 ev/s
2026-07-03 15:29:12,406 [INFO] Sent 740000 / 2229453  (33.2%)  elapsed=64.0s  throughput=11557 ev/s
2026-07-03 15:29:13,197 [INFO] Sent 745000 / 2229453  (33.4%)  elapsed=64.8s  throughput=11493 ev/s
2026-07-03 15:29:13,460 [INFO] Sent 750000 / 2229453  (33.6%)  elapsed=65.1s  throughput=11523 ev/s
2026-07-03 15:29:13,730 [INFO] Sent 755000 / 2229453  (33.9%)  elapsed=65.4s  throughput=11552 ev/s
2026-07-03 15:29:13,996 [INFO] Sent 760000 / 2229453  (34.1%)  elapsed=65.6s  throughput=11581 ev/s
2026-07-03 15:29:14,822 [INFO] Sent 765000 / 2229453  (34.3%)  elapsed=66.3s  throughput=11530 ev/s
2026-07-03 15:29:15,074 [INFO] Sent 770000 / 2229453  (34.5%)  elapsed=66.6s  throughput=11561 ev/s
2026-07-03 15:29:15,339 [INFO] Sent 775000 / 2229453  (34.8%)  elapsed=66.9s  throughput=11590 ev/s
2026-07-03 15:29:15,606 [INFO] Sent 780000 / 2229453  (35.0%)  elapsed=67.1s  throughput=11619 ev/s
2026-07-03 15:29:16,340 [INFO] Sent 785000 / 2229453  (35.2%)  elapsed=67.9s  throughput=11567 ev/s
2026-07-03 15:29:16,615 [INFO] Sent 790000 / 2229453  (35.4%)  elapsed=68.1s  throughput=11593 ev/s
2026-07-03 15:29:16,923 [INFO] Sent 795000 / 2229453  (35.7%)  elapsed=68.5s  throughput=11614 ev/s
2026-07-03 15:29:17,258 [INFO] Sent 800000 / 2229453  (35.9%)  elapsed=68.8s  throughput=11630 ev/s
2026-07-03 15:29:17,990 [INFO] Sent 805000 / 2229453  (36.1%)  elapsed=69.5s  throughput=11580 ev/s
2026-07-03 15:29:18,270 [INFO] Sent 810000 / 2229453  (36.3%)  elapsed=69.8s  throughput=11605 ev/s
2026-07-03 15:29:18,552 [INFO] Sent 815000 / 2229453  (36.6%)  elapsed=70.1s  throughput=11630 ev/s
2026-07-03 15:29:18,933 [INFO] Sent 820000 / 2229453  (36.8%)  elapsed=70.5s  throughput=11638 ev/s
2026-07-03 15:29:19,531 [INFO] Sent 825000 / 2229453  (37.0%)  elapsed=71.1s  throughput=11610 ev/s
2026-07-03 15:29:19,808 [INFO] Sent 830000 / 2229453  (37.2%)  elapsed=71.3s  throughput=11635 ev/s
2026-07-03 15:29:20,076 [INFO] Sent 835000 / 2229453  (37.5%)  elapsed=71.6s  throughput=11661 ev/s
2026-07-03 15:29:20,777 [INFO] Sent 840000 / 2229453  (37.7%)  elapsed=72.3s  throughput=11618 ev/s
2026-07-03 15:29:21,073 [INFO] Sent 845000 / 2229453  (37.9%)  elapsed=72.6s  throughput=11639 ev/s
2026-07-03 15:29:21,360 [INFO] Sent 850000 / 2229453  (38.1%)  elapsed=72.9s  throughput=11662 ev/s
2026-07-03 15:29:21,652 [INFO] Sent 855000 / 2229453  (38.4%)  elapsed=73.2s  throughput=11684 ev/s
2026-07-03 15:29:22,427 [INFO] Sent 860000 / 2229453  (38.6%)  elapsed=74.0s  throughput=11629 ev/s
2026-07-03 15:29:22,709 [INFO] Sent 865000 / 2229453  (38.8%)  elapsed=74.2s  throughput=11652 ev/s
2026-07-03 15:29:23,001 [INFO] Sent 870000 / 2229453  (39.0%)  elapsed=74.5s  throughput=11673 ev/s
2026-07-03 15:29:23,395 [INFO] Sent 875000 / 2229453  (39.2%)  elapsed=74.9s  throughput=11679 ev/s
2026-07-03 15:29:24,031 [INFO] Sent 880000 / 2229453  (39.5%)  elapsed=75.6s  throughput=11647 ev/s
2026-07-03 15:29:24,306 [INFO] Sent 885000 / 2229453  (39.7%)  elapsed=75.8s  throughput=11670 ev/s
2026-07-03 15:29:24,577 [INFO] Sent 890000 / 2229453  (39.9%)  elapsed=76.1s  throughput=11695 ev/s
2026-07-03 15:29:25,296 [INFO] Sent 895000 / 2229453  (40.1%)  elapsed=76.8s  throughput=11650 ev/s
2026-07-03 15:29:25,557 [INFO] Sent 900000 / 2229453  (40.4%)  elapsed=77.1s  throughput=11676 ev/s
2026-07-03 15:29:25,824 [INFO] Sent 905000 / 2229453  (40.6%)  elapsed=77.4s  throughput=11700 ev/s
2026-07-03 15:29:26,093 [INFO] Sent 910000 / 2229453  (40.8%)  elapsed=77.6s  throughput=11724 ev/s
2026-07-03 15:29:26,823 [INFO] Sent 915000 / 2229453  (41.0%)  elapsed=78.3s  throughput=11678 ev/s
2026-07-03 15:29:27,101 [INFO] Sent 920000 / 2229453  (41.3%)  elapsed=78.6s  throughput=11701 ev/s
2026-07-03 15:29:27,407 [INFO] Sent 925000 / 2229453  (41.5%)  elapsed=78.9s  throughput=11719 ev/s
2026-07-03 15:29:27,731 [INFO] Sent 930000 / 2229453  (41.7%)  elapsed=79.3s  throughput=11734 ev/s
2026-07-03 15:29:28,475 [INFO] Sent 935000 / 2229453  (41.9%)  elapsed=80.0s  throughput=11687 ev/s
2026-07-03 15:29:28,745 [INFO] Sent 940000 / 2229453  (42.2%)  elapsed=80.3s  throughput=11710 ev/s
2026-07-03 15:29:29,021 [INFO] Sent 945000 / 2229453  (42.4%)  elapsed=80.5s  throughput=11732 ev/s
2026-07-03 15:29:29,304 [INFO] Sent 950000 / 2229453  (42.6%)  elapsed=80.8s  throughput=11753 ev/s
2026-07-03 15:29:29,989 [INFO] Sent 955000 / 2229453  (42.8%)  elapsed=81.5s  throughput=11715 ev/s
2026-07-03 15:29:30,260 [INFO] Sent 960000 / 2229453  (43.1%)  elapsed=81.8s  throughput=11738 ev/s
2026-07-03 15:29:30,531 [INFO] Sent 965000 / 2229453  (43.3%)  elapsed=82.1s  throughput=11760 ev/s
2026-07-03 15:29:30,869 [INFO] Sent 970000 / 2229453  (43.5%)  elapsed=82.4s  throughput=11772 ev/s
2026-07-03 15:29:31,558 [INFO] Sent 975000 / 2229453  (43.7%)  elapsed=83.1s  throughput=11735 ev/s
2026-07-03 15:29:31,843 [INFO] Sent 980000 / 2229453  (44.0%)  elapsed=83.4s  throughput=11755 ev/s
2026-07-03 15:29:32,141 [INFO] Sent 985000 / 2229453  (44.2%)  elapsed=83.7s  throughput=11773 ev/s
2026-07-03 15:29:32,933 [INFO] Sent 990000 / 2229453  (44.4%)  elapsed=84.5s  throughput=11722 ev/s
2026-07-03 15:29:33,213 [INFO] Sent 995000 / 2229453  (44.6%)  elapsed=84.7s  throughput=11742 ev/s
2026-07-03 15:29:33,507 [INFO] Sent 1000000 / 2229453  (44.9%)  elapsed=85.0s  throughput=11760 ev/s
2026-07-03 15:29:33,942 [INFO] Sent 1005000 / 2229453  (45.1%)  elapsed=85.5s  throughput=11759 ev/s
2026-07-03 15:29:34,534 [INFO] Sent 1010000 / 2229453  (45.3%)  elapsed=86.1s  throughput=11736 ev/s
2026-07-03 15:29:34,807 [INFO] Sent 1015000 / 2229453  (45.5%)  elapsed=86.3s  throughput=11757 ev/s
2026-07-03 15:29:35,079 [INFO] Sent 1020000 / 2229453  (45.8%)  elapsed=86.6s  throughput=11777 ev/s
2026-07-03 15:29:35,781 [INFO] Sent 1025000 / 2229453  (46.0%)  elapsed=87.3s  throughput=11740 ev/s
2026-07-03 15:29:36,048 [INFO] Sent 1030000 / 2229453  (46.2%)  elapsed=87.6s  throughput=11761 ev/s
2026-07-03 15:29:36,319 [INFO] Sent 1035000 / 2229453  (46.4%)  elapsed=87.8s  throughput=11782 ev/s
2026-07-03 15:29:36,593 [INFO] Sent 1040000 / 2229453  (46.6%)  elapsed=88.1s  throughput=11802 ev/s
2026-07-03 15:29:37,312 [INFO] Sent 1045000 / 2229453  (46.9%)  elapsed=88.8s  throughput=11763 ev/s
2026-07-03 15:29:37,595 [INFO] Sent 1050000 / 2229453  (47.1%)  elapsed=89.1s  throughput=11782 ev/s
2026-07-03 15:29:37,899 [INFO] Sent 1055000 / 2229453  (47.3%)  elapsed=89.4s  throughput=11797 ev/s
2026-07-03 15:29:38,224 [INFO] Sent 1060000 / 2229453  (47.5%)  elapsed=89.8s  throughput=11810 ev/s
2026-07-03 15:29:38,969 [INFO] Sent 1065000 / 2229453  (47.8%)  elapsed=90.5s  throughput=11768 ev/s
2026-07-03 15:29:39,239 [INFO] Sent 1070000 / 2229453  (48.0%)  elapsed=90.8s  throughput=11788 ev/s
2026-07-03 15:29:39,515 [INFO] Sent 1075000 / 2229453  (48.2%)  elapsed=91.0s  throughput=11808 ev/s
2026-07-03 15:29:39,801 [INFO] Sent 1080000 / 2229453  (48.4%)  elapsed=91.3s  throughput=11825 ev/s
2026-07-03 15:29:40,487 [INFO] Sent 1085000 / 2229453  (48.7%)  elapsed=92.0s  throughput=11792 ev/s
2026-07-03 15:29:40,755 [INFO] Sent 1090000 / 2229453  (48.9%)  elapsed=92.3s  throughput=11812 ev/s
2026-07-03 15:29:41,030 [INFO] Sent 1095000 / 2229453  (49.1%)  elapsed=92.6s  throughput=11830 ev/s
2026-07-03 15:29:41,365 [INFO] Sent 1100000 / 2229453  (49.3%)  elapsed=92.9s  throughput=11842 ev/s
2026-07-03 15:29:42,058 [INFO] Sent 1105000 / 2229453  (49.6%)  elapsed=93.6s  throughput=11807 ev/s
2026-07-03 15:29:42,344 [INFO] Sent 1110000 / 2229453  (49.8%)  elapsed=93.9s  throughput=11825 ev/s
2026-07-03 15:29:42,642 [INFO] Sent 1115000 / 2229453  (50.0%)  elapsed=94.2s  throughput=11840 ev/s
2026-07-03 15:29:43,433 [INFO] Sent 1120000 / 2229453  (50.2%)  elapsed=95.0s  throughput=11794 ev/s
2026-07-03 15:29:43,713 [INFO] Sent 1125000 / 2229453  (50.5%)  elapsed=95.2s  throughput=11812 ev/s
2026-07-03 15:29:44,010 [INFO] Sent 1130000 / 2229453  (50.7%)  elapsed=95.5s  throughput=11828 ev/s
2026-07-03 15:29:44,459 [INFO] Sent 1135000 / 2229453  (50.9%)  elapsed=96.0s  throughput=11825 ev/s
2026-07-03 15:29:45,127 [INFO] Sent 1140000 / 2229453  (51.1%)  elapsed=96.6s  throughput=11806 ev/s
2026-07-03 15:29:45,402 [INFO] Sent 1145000 / 2229453  (51.4%)  elapsed=96.8s  throughput=11824 ev/s
2026-07-03 15:29:45,670 [INFO] Sent 1150000 / 2229453  (51.6%)  elapsed=97.1s  throughput=11843 ev/s
2026-07-03 15:29:46,009 [INFO] Sent 1155000 / 2229453  (51.8%)  elapsed=97.4s  throughput=11853 ev/s
2026-07-03 15:29:46,622 [INFO] Sent 1160000 / 2229453  (52.0%)  elapsed=98.1s  throughput=11830 ev/s
2026-07-03 15:29:46,891 [INFO] Sent 1165000 / 2229453  (52.3%)  elapsed=98.3s  throughput=11849 ev/s
2026-07-03 15:29:47,164 [INFO] Sent 1170000 / 2229453  (52.5%)  elapsed=98.6s  throughput=11867 ev/s
2026-07-03 15:29:47,487 [INFO] Sent 1175000 / 2229453  (52.7%)  elapsed=98.9s  throughput=11879 ev/s
2026-07-03 15:29:48,133 [INFO] Sent 1180000 / 2229453  (52.9%)  elapsed=99.6s  throughput=11852 ev/s
2026-07-03 15:29:48,437 [INFO] Sent 1185000 / 2229453  (53.2%)  elapsed=99.9s  throughput=11866 ev/s
2026-07-03 15:29:48,741 [INFO] Sent 1190000 / 2229453  (53.4%)  elapsed=100.2s  throughput=11880 ev/s
2026-07-03 15:29:49,470 [INFO] Sent 1195000 / 2229453  (53.6%)  elapsed=100.9s  throughput=11843 ev/s
2026-07-03 15:29:49,732 [INFO] Sent 1200000 / 2229453  (53.8%)  elapsed=101.2s  throughput=11862 ev/s
2026-07-03 15:29:50,003 [INFO] Sent 1205000 / 2229453  (54.0%)  elapsed=101.4s  throughput=11880 ev/s
2026-07-03 15:29:50,267 [INFO] Sent 1210000 / 2229453  (54.3%)  elapsed=101.7s  throughput=11898 ev/s
2026-07-03 15:29:50,957 [INFO] Sent 1215000 / 2229453  (54.5%)  elapsed=102.4s  throughput=11867 ev/s
2026-07-03 15:29:51,211 [INFO] Sent 1220000 / 2229453  (54.7%)  elapsed=102.6s  throughput=11886 ev/s
2026-07-03 15:29:51,481 [INFO] Sent 1225000 / 2229453  (54.9%)  elapsed=102.9s  throughput=11903 ev/s
2026-07-03 15:29:51,743 [INFO] Sent 1230000 / 2229453  (55.2%)  elapsed=103.2s  throughput=11921 ev/s
2026-07-03 15:29:52,450 [INFO] Sent 1235000 / 2229453  (55.4%)  elapsed=103.9s  throughput=11889 ev/s
2026-07-03 15:29:52,718 [INFO] Sent 1240000 / 2229453  (55.6%)  elapsed=104.1s  throughput=11906 ev/s
2026-07-03 15:29:53,002 [INFO] Sent 1245000 / 2229453  (55.8%)  elapsed=104.4s  throughput=11922 ev/s
2026-07-03 15:29:53,286 [INFO] Sent 1250000 / 2229453  (56.1%)  elapsed=104.7s  throughput=11937 ev/s
2026-07-03 15:29:54,012 [INFO] Sent 1255000 / 2229453  (56.3%)  elapsed=105.4s  throughput=11902 ev/s
2026-07-03 15:29:54,283 [INFO] Sent 1260000 / 2229453  (56.5%)  elapsed=105.7s  throughput=11919 ev/s
2026-07-03 15:29:54,570 [INFO] Sent 1265000 / 2229453  (56.7%)  elapsed=106.0s  throughput=11934 ev/s
2026-07-03 15:29:54,857 [INFO] Sent 1270000 / 2229453  (57.0%)  elapsed=106.3s  throughput=11949 ev/s
2026-07-03 15:29:55,560 [INFO] Sent 1275000 / 2229453  (57.2%)  elapsed=107.0s  throughput=11917 ev/s
2026-07-03 15:29:55,819 [INFO] Sent 1280000 / 2229453  (57.4%)  elapsed=107.3s  throughput=11935 ev/s
2026-07-03 15:29:56,090 [INFO] Sent 1285000 / 2229453  (57.6%)  elapsed=107.5s  throughput=11951 ev/s
2026-07-03 15:29:56,355 [INFO] Sent 1290000 / 2229453  (57.9%)  elapsed=107.8s  throughput=11968 ev/s
2026-07-03 15:29:57,038 [INFO] Sent 1295000 / 2229453  (58.1%)  elapsed=108.5s  throughput=11939 ev/s
2026-07-03 15:29:57,299 [INFO] Sent 1300000 / 2229453  (58.3%)  elapsed=108.7s  throughput=11956 ev/s
2026-07-03 15:29:57,571 [INFO] Sent 1305000 / 2229453  (58.5%)  elapsed=109.0s  throughput=11972 ev/s
2026-07-03 15:29:57,836 [INFO] Sent 1310000 / 2229453  (58.8%)  elapsed=109.3s  throughput=11989 ev/s
2026-07-03 15:29:58,528 [INFO] Sent 1315000 / 2229453  (59.0%)  elapsed=110.0s  throughput=11959 ev/s
2026-07-03 15:29:58,823 [INFO] Sent 1320000 / 2229453  (59.2%)  elapsed=110.3s  throughput=11972 ev/s
2026-07-03 15:29:59,122 [INFO] Sent 1325000 / 2229453  (59.4%)  elapsed=110.6s  throughput=11985 ev/s
2026-07-03 15:29:59,486 [INFO] Sent 1330000 / 2229453  (59.7%)  elapsed=110.9s  throughput=11991 ev/s
2026-07-03 15:30:00,121 [INFO] Sent 1335000 / 2229453  (59.9%)  elapsed=111.6s  throughput=11967 ev/s
2026-07-03 15:30:00,393 [INFO] Sent 1340000 / 2229453  (60.1%)  elapsed=111.8s  throughput=11983 ev/s
2026-07-03 15:30:00,663 [INFO] Sent 1345000 / 2229453  (60.3%)  elapsed=112.1s  throughput=11999 ev/s
2026-07-03 15:30:00,981 [INFO] Sent 1350000 / 2229453  (60.6%)  elapsed=112.4s  throughput=12009 ev/s
2026-07-03 15:30:01,601 [INFO] Sent 1355000 / 2229453  (60.8%)  elapsed=113.0s  throughput=11988 ev/s
2026-07-03 15:30:01,868 [INFO] Sent 1360000 / 2229453  (61.0%)  elapsed=113.3s  throughput=12004 ev/s
2026-07-03 15:30:02,138 [INFO] Sent 1365000 / 2229453  (61.2%)  elapsed=113.6s  throughput=12019 ev/s
2026-07-03 15:30:02,433 [INFO] Sent 1370000 / 2229453  (61.5%)  elapsed=113.9s  throughput=12032 ev/s
2026-07-03 15:30:03,100 [INFO] Sent 1375000 / 2229453  (61.7%)  elapsed=114.5s  throughput=12005 ev/s
2026-07-03 15:30:03,379 [INFO] Sent 1380000 / 2229453  (61.9%)  elapsed=114.8s  throughput=12020 ev/s
2026-07-03 15:30:03,668 [INFO] Sent 1385000 / 2229453  (62.1%)  elapsed=115.1s  throughput=12033 ev/s
2026-07-03 15:30:04,423 [INFO] Sent 1390000 / 2229453  (62.3%)  elapsed=115.9s  throughput=11998 ev/s
2026-07-03 15:30:04,676 [INFO] Sent 1395000 / 2229453  (62.6%)  elapsed=116.1s  throughput=12015 ev/s
2026-07-03 15:30:04,947 [INFO] Sent 1400000 / 2229453  (62.8%)  elapsed=116.4s  throughput=12030 ev/s
2026-07-03 15:30:05,226 [INFO] Sent 1405000 / 2229453  (63.0%)  elapsed=116.7s  throughput=12044 ev/s
2026-07-03 15:30:05,945 [INFO] Sent 1410000 / 2229453  (63.2%)  elapsed=117.4s  throughput=12013 ev/s
2026-07-03 15:30:06,200 [INFO] Sent 1415000 / 2229453  (63.5%)  elapsed=117.6s  throughput=12029 ev/s
2026-07-03 15:30:06,465 [INFO] Sent 1420000 / 2229453  (63.7%)  elapsed=117.9s  throughput=12044 ev/s
2026-07-03 15:30:06,730 [INFO] Sent 1425000 / 2229453  (63.9%)  elapsed=118.2s  throughput=12060 ev/s
2026-07-03 15:30:07,436 [INFO] Sent 1430000 / 2229453  (64.1%)  elapsed=118.9s  throughput=12030 ev/s
2026-07-03 15:30:07,683 [INFO] Sent 1435000 / 2229453  (64.4%)  elapsed=119.1s  throughput=12047 ev/s
2026-07-03 15:30:07,944 [INFO] Sent 1440000 / 2229453  (64.6%)  elapsed=119.4s  throughput=12063 ev/s
2026-07-03 15:30:08,213 [INFO] Sent 1445000 / 2229453  (64.8%)  elapsed=119.6s  throughput=12077 ev/s
2026-07-03 15:30:08,919 [INFO] Sent 1450000 / 2229453  (65.0%)  elapsed=120.4s  throughput=12048 ev/s
2026-07-03 15:30:09,185 [INFO] Sent 1455000 / 2229453  (65.3%)  elapsed=120.6s  throughput=12063 ev/s
2026-07-03 15:30:09,480 [INFO] Sent 1460000 / 2229453  (65.5%)  elapsed=120.9s  throughput=12075 ev/s
2026-07-03 15:30:09,778 [INFO] Sent 1465000 / 2229453  (65.7%)  elapsed=121.2s  throughput=12087 ev/s
2026-07-03 15:30:10,499 [INFO] Sent 1470000 / 2229453  (65.9%)  elapsed=121.9s  throughput=12056 ev/s
2026-07-03 15:30:10,757 [INFO] Sent 1475000 / 2229453  (66.2%)  elapsed=122.2s  throughput=12072 ev/s
2026-07-03 15:30:11,034 [INFO] Sent 1480000 / 2229453  (66.4%)  elapsed=122.5s  throughput=12085 ev/s
2026-07-03 15:30:11,294 [INFO] Sent 1485000 / 2229453  (66.6%)  elapsed=122.7s  throughput=12100 ev/s
2026-07-03 15:30:11,997 [INFO] Sent 1490000 / 2229453  (66.8%)  elapsed=123.4s  throughput=12072 ev/s
2026-07-03 15:30:12,241 [INFO] Sent 1495000 / 2229453  (67.1%)  elapsed=123.7s  throughput=12088 ev/s
2026-07-03 15:30:12,508 [INFO] Sent 1500000 / 2229453  (67.3%)  elapsed=123.9s  throughput=12103 ev/s
2026-07-03 15:30:12,772 [INFO] Sent 1505000 / 2229453  (67.5%)  elapsed=124.2s  throughput=12117 ev/s
2026-07-03 15:30:13,482 [INFO] Sent 1510000 / 2229453  (67.7%)  elapsed=124.9s  throughput=12088 ev/s
2026-07-03 15:30:13,746 [INFO] Sent 1515000 / 2229453  (68.0%)  elapsed=125.2s  throughput=12103 ev/s
2026-07-03 15:30:14,028 [INFO] Sent 1520000 / 2229453  (68.2%)  elapsed=125.5s  throughput=12115 ev/s
2026-07-03 15:30:14,306 [INFO] Sent 1525000 / 2229453  (68.4%)  elapsed=125.7s  throughput=12128 ev/s
2026-07-03 15:30:15,119 [INFO] Sent 1530000 / 2229453  (68.6%)  elapsed=126.5s  throughput=12099 ev/s
2026-07-03 15:30:15,391 [INFO] Sent 1535000 / 2229453  (68.9%)  elapsed=126.7s  throughput=12112 ev/s
2026-07-03 15:30:15,673 [INFO] Sent 1540000 / 2229453  (69.1%)  elapsed=127.0s  throughput=12125 ev/s
2026-07-03 15:30:15,963 [INFO] Sent 1545000 / 2229453  (69.3%)  elapsed=127.3s  throughput=12136 ev/s
2026-07-03 15:30:16,652 [INFO] Sent 1550000 / 2229453  (69.5%)  elapsed=128.0s  throughput=12110 ev/s
2026-07-03 15:30:16,917 [INFO] Sent 1555000 / 2229453  (69.7%)  elapsed=128.3s  throughput=12124 ev/s
2026-07-03 15:30:17,188 [INFO] Sent 1560000 / 2229453  (70.0%)  elapsed=128.5s  throughput=12137 ev/s
2026-07-03 15:30:17,458 [INFO] Sent 1565000 / 2229453  (70.2%)  elapsed=128.8s  throughput=12151 ev/s
2026-07-03 15:30:18,134 [INFO] Sent 1570000 / 2229453  (70.4%)  elapsed=129.5s  throughput=12126 ev/s
2026-07-03 15:30:18,394 [INFO] Sent 1575000 / 2229453  (70.6%)  elapsed=129.7s  throughput=12140 ev/s
2026-07-03 15:30:18,666 [INFO] Sent 1580000 / 2229453  (70.9%)  elapsed=130.0s  throughput=12153 ev/s
2026-07-03 15:30:18,932 [INFO] Sent 1585000 / 2229453  (71.1%)  elapsed=130.3s  throughput=12167 ev/s
2026-07-03 15:30:19,623 [INFO] Sent 1590000 / 2229453  (71.3%)  elapsed=131.0s  throughput=12141 ev/s
2026-07-03 15:30:19,916 [INFO] Sent 1595000 / 2229453  (71.5%)  elapsed=131.3s  throughput=12152 ev/s
2026-07-03 15:30:20,213 [INFO] Sent 1600000 / 2229453  (71.8%)  elapsed=131.6s  throughput=12162 ev/s
2026-07-03 15:30:20,575 [INFO] Sent 1605000 / 2229453  (72.0%)  elapsed=131.9s  throughput=12167 ev/s
2026-07-03 15:30:21,212 [INFO] Sent 1610000 / 2229453  (72.2%)  elapsed=132.6s  throughput=12146 ev/s
2026-07-03 15:30:21,484 [INFO] Sent 1615000 / 2229453  (72.4%)  elapsed=132.8s  throughput=12159 ev/s
2026-07-03 15:30:21,757 [INFO] Sent 1620000 / 2229453  (72.7%)  elapsed=133.1s  throughput=12172 ev/s
2026-07-03 15:30:22,078 [INFO] Sent 1625000 / 2229453  (72.9%)  elapsed=133.4s  throughput=12180 ev/s
2026-07-03 15:30:22,697 [INFO] Sent 1630000 / 2229453  (73.1%)  elapsed=134.0s  throughput=12161 ev/s
2026-07-03 15:30:22,968 [INFO] Sent 1635000 / 2229453  (73.3%)  elapsed=134.3s  throughput=12173 ev/s
2026-07-03 15:30:23,239 [INFO] Sent 1640000 / 2229453  (73.6%)  elapsed=134.6s  throughput=12186 ev/s
2026-07-03 15:30:23,556 [INFO] Sent 1645000 / 2229453  (73.8%)  elapsed=134.9s  throughput=12195 ev/s
2026-07-03 15:30:24,203 [INFO] Sent 1650000 / 2229453  (74.0%)  elapsed=135.5s  throughput=12173 ev/s
2026-07-03 15:30:24,484 [INFO] Sent 1655000 / 2229453  (74.2%)  elapsed=135.8s  throughput=12185 ev/s
2026-07-03 15:30:24,766 [INFO] Sent 1660000 / 2229453  (74.5%)  elapsed=136.1s  throughput=12196 ev/s
2026-07-03 15:30:25,526 [INFO] Sent 1665000 / 2229453  (74.7%)  elapsed=136.9s  throughput=12165 ev/s
2026-07-03 15:30:25,772 [INFO] Sent 1670000 / 2229453  (74.9%)  elapsed=137.1s  throughput=12180 ev/s
2026-07-03 15:30:26,045 [INFO] Sent 1675000 / 2229453  (75.1%)  elapsed=137.4s  throughput=12192 ev/s
2026-07-03 15:30:26,322 [INFO] Sent 1680000 / 2229453  (75.4%)  elapsed=137.7s  throughput=12204 ev/s
2026-07-03 15:30:27,046 [INFO] Sent 1685000 / 2229453  (75.6%)  elapsed=138.4s  throughput=12176 ev/s
2026-07-03 15:30:27,298 [INFO] Sent 1690000 / 2229453  (75.8%)  elapsed=138.6s  throughput=12190 ev/s
2026-07-03 15:30:27,567 [INFO] Sent 1695000 / 2229453  (76.0%)  elapsed=138.9s  throughput=12202 ev/s
2026-07-03 15:30:27,832 [INFO] Sent 1700000 / 2229453  (76.3%)  elapsed=139.2s  throughput=12215 ev/s
2026-07-03 15:30:28,533 [INFO] Sent 1705000 / 2229453  (76.5%)  elapsed=139.9s  throughput=12190 ev/s
2026-07-03 15:30:28,785 [INFO] Sent 1710000 / 2229453  (76.7%)  elapsed=140.1s  throughput=12203 ev/s
2026-07-03 15:30:29,052 [INFO] Sent 1715000 / 2229453  (76.9%)  elapsed=140.4s  throughput=12216 ev/s
2026-07-03 15:30:29,312 [INFO] Sent 1720000 / 2229453  (77.1%)  elapsed=140.7s  throughput=12229 ev/s
2026-07-03 15:30:30,027 [INFO] Sent 1725000 / 2229453  (77.4%)  elapsed=141.4s  throughput=12202 ev/s
2026-07-03 15:30:30,290 [INFO] Sent 1730000 / 2229453  (77.6%)  elapsed=141.6s  throughput=12215 ev/s
2026-07-03 15:30:30,587 [INFO] Sent 1735000 / 2229453  (77.8%)  elapsed=141.9s  throughput=12225 ev/s
2026-07-03 15:30:30,894 [INFO] Sent 1740000 / 2229453  (78.0%)  elapsed=142.2s  throughput=12233 ev/s
2026-07-03 15:30:31,606 [INFO] Sent 1745000 / 2229453  (78.3%)  elapsed=142.9s  throughput=12207 ev/s
2026-07-03 15:30:31,871 [INFO] Sent 1750000 / 2229453  (78.5%)  elapsed=143.2s  throughput=12220 ev/s
2026-07-03 15:30:32,145 [INFO] Sent 1755000 / 2229453  (78.7%)  elapsed=143.5s  throughput=12231 ev/s
2026-07-03 15:30:32,406 [INFO] Sent 1760000 / 2229453  (78.9%)  elapsed=143.7s  throughput=12244 ev/s
2026-07-03 15:30:33,093 [INFO] Sent 1765000 / 2229453  (79.2%)  elapsed=144.4s  throughput=12220 ev/s
2026-07-03 15:30:33,350 [INFO] Sent 1770000 / 2229453  (79.4%)  elapsed=144.7s  throughput=12233 ev/s
2026-07-03 15:30:33,619 [INFO] Sent 1775000 / 2229453  (79.6%)  elapsed=145.0s  throughput=12245 ev/s
2026-07-03 15:30:33,884 [INFO] Sent 1780000 / 2229453  (79.8%)  elapsed=145.2s  throughput=12257 ev/s
2026-07-03 15:30:34,589 [INFO] Sent 1785000 / 2229453  (80.1%)  elapsed=145.9s  throughput=12232 ev/s
2026-07-03 15:30:34,853 [INFO] Sent 1790000 / 2229453  (80.3%)  elapsed=146.2s  throughput=12244 ev/s
2026-07-03 15:30:35,141 [INFO] Sent 1795000 / 2229453  (80.5%)  elapsed=146.5s  throughput=12254 ev/s
2026-07-03 15:30:35,432 [INFO] Sent 1800000 / 2229453  (80.7%)  elapsed=146.8s  throughput=12264 ev/s
2026-07-03 15:30:36,156 [INFO] Sent 1805000 / 2229453  (81.0%)  elapsed=147.5s  throughput=12238 ev/s
2026-07-03 15:30:36,428 [INFO] Sent 1810000 / 2229453  (81.2%)  elapsed=147.8s  throughput=12249 ev/s
2026-07-03 15:30:36,714 [INFO] Sent 1815000 / 2229453  (81.4%)  elapsed=148.1s  throughput=12259 ev/s
2026-07-03 15:30:37,052 [INFO] Sent 1820000 / 2229453  (81.6%)  elapsed=148.4s  throughput=12265 ev/s
2026-07-03 15:30:37,690 [INFO] Sent 1825000 / 2229453  (81.9%)  elapsed=149.0s  throughput=12246 ev/s
2026-07-03 15:30:37,958 [INFO] Sent 1830000 / 2229453  (82.1%)  elapsed=149.3s  throughput=12257 ev/s
2026-07-03 15:30:38,224 [INFO] Sent 1835000 / 2229453  (82.3%)  elapsed=149.6s  throughput=12269 ev/s
2026-07-03 15:30:38,511 [INFO] Sent 1840000 / 2229453  (82.5%)  elapsed=149.9s  throughput=12279 ev/s
2026-07-03 15:30:39,171 [INFO] Sent 1845000 / 2229453  (82.8%)  elapsed=150.5s  throughput=12258 ev/s
2026-07-03 15:30:39,438 [INFO] Sent 1850000 / 2229453  (83.0%)  elapsed=150.8s  throughput=12270 ev/s
2026-07-03 15:30:39,707 [INFO] Sent 1855000 / 2229453  (83.2%)  elapsed=151.0s  throughput=12281 ev/s
2026-07-03 15:30:39,983 [INFO] Sent 1860000 / 2229453  (83.4%)  elapsed=151.3s  throughput=12292 ev/s
2026-07-03 15:30:40,678 [INFO] Sent 1865000 / 2229453  (83.7%)  elapsed=152.0s  throughput=12268 ev/s
2026-07-03 15:30:40,974 [INFO] Sent 1870000 / 2229453  (83.9%)  elapsed=152.3s  throughput=12277 ev/s
2026-07-03 15:30:41,276 [INFO] Sent 1875000 / 2229453  (84.1%)  elapsed=152.6s  throughput=12286 ev/s
2026-07-03 15:30:42,041 [INFO] Sent 1880000 / 2229453  (84.3%)  elapsed=153.4s  throughput=12257 ev/s
2026-07-03 15:30:42,296 [INFO] Sent 1885000 / 2229453  (84.5%)  elapsed=153.6s  throughput=12269 ev/s
2026-07-03 15:30:42,565 [INFO] Sent 1890000 / 2229453  (84.8%)  elapsed=153.9s  throughput=12280 ev/s
2026-07-03 15:30:42,828 [INFO] Sent 1895000 / 2229453  (85.0%)  elapsed=154.2s  throughput=12292 ev/s
2026-07-03 15:30:43,528 [INFO] Sent 1900000 / 2229453  (85.2%)  elapsed=154.9s  throughput=12268 ev/s
2026-07-03 15:30:43,776 [INFO] Sent 1905000 / 2229453  (85.4%)  elapsed=155.1s  throughput=12281 ev/s
2026-07-03 15:30:44,036 [INFO] Sent 1910000 / 2229453  (85.7%)  elapsed=155.4s  throughput=12293 ev/s
2026-07-03 15:30:44,297 [INFO] Sent 1915000 / 2229453  (85.9%)  elapsed=155.6s  throughput=12304 ev/s
2026-07-03 15:30:45,124 [INFO] Sent 1920000 / 2229453  (86.1%)  elapsed=156.4s  throughput=12279 ev/s
2026-07-03 15:30:45,374 [INFO] Sent 1925000 / 2229453  (86.3%)  elapsed=156.6s  throughput=12291 ev/s
2026-07-03 15:30:45,654 [INFO] Sent 1930000 / 2229453  (86.6%)  elapsed=156.9s  throughput=12301 ev/s
2026-07-03 15:30:45,936 [INFO] Sent 1935000 / 2229453  (86.8%)  elapsed=157.2s  throughput=12311 ev/s
2026-07-03 15:30:46,687 [INFO] Sent 1940000 / 2229453  (87.0%)  elapsed=157.9s  throughput=12284 ev/s
2026-07-03 15:30:46,945 [INFO] Sent 1945000 / 2229453  (87.2%)  elapsed=158.2s  throughput=12295 ev/s
2026-07-03 15:30:47,228 [INFO] Sent 1950000 / 2229453  (87.5%)  elapsed=158.5s  throughput=12305 ev/s
2026-07-03 15:30:47,503 [INFO] Sent 1955000 / 2229453  (87.7%)  elapsed=158.7s  throughput=12315 ev/s
2026-07-03 15:30:48,213 [INFO] Sent 1960000 / 2229453  (87.9%)  elapsed=159.5s  throughput=12292 ev/s
2026-07-03 15:30:48,467 [INFO] Sent 1965000 / 2229453  (88.1%)  elapsed=159.7s  throughput=12304 ev/s
2026-07-03 15:30:48,741 [INFO] Sent 1970000 / 2229453  (88.4%)  elapsed=160.0s  throughput=12314 ev/s
2026-07-03 15:30:48,998 [INFO] Sent 1975000 / 2229453  (88.6%)  elapsed=160.2s  throughput=12325 ev/s
2026-07-03 15:30:49,692 [INFO] Sent 1980000 / 2229453  (88.8%)  elapsed=160.9s  throughput=12303 ev/s
2026-07-03 15:30:49,952 [INFO] Sent 1985000 / 2229453  (89.0%)  elapsed=161.2s  throughput=12314 ev/s
2026-07-03 15:30:50,217 [INFO] Sent 1990000 / 2229453  (89.3%)  elapsed=161.5s  throughput=12325 ev/s
2026-07-03 15:30:50,474 [INFO] Sent 1995000 / 2229453  (89.5%)  elapsed=161.7s  throughput=12336 ev/s
2026-07-03 15:30:51,189 [INFO] Sent 2000000 / 2229453  (89.7%)  elapsed=162.4s  throughput=12313 ev/s
2026-07-03 15:30:51,465 [INFO] Sent 2005000 / 2229453  (89.9%)  elapsed=162.7s  throughput=12323 ev/s
2026-07-03 15:30:51,769 [INFO] Sent 2010000 / 2229453  (90.2%)  elapsed=163.0s  throughput=12330 ev/s
2026-07-03 15:30:52,123 [INFO] Sent 2015000 / 2229453  (90.4%)  elapsed=163.4s  throughput=12334 ev/s
2026-07-03 15:30:52,795 [INFO] Sent 2020000 / 2229453  (90.6%)  elapsed=164.0s  throughput=12314 ev/s
2026-07-03 15:30:53,063 [INFO] Sent 2025000 / 2229453  (90.8%)  elapsed=164.3s  throughput=12325 ev/s
2026-07-03 15:30:53,332 [INFO] Sent 2030000 / 2229453  (91.1%)  elapsed=164.6s  throughput=12335 ev/s
2026-07-03 15:30:53,624 [INFO] Sent 2035000 / 2229453  (91.3%)  elapsed=164.9s  throughput=12343 ev/s
2026-07-03 15:30:54,270 [INFO] Sent 2040000 / 2229453  (91.5%)  elapsed=165.5s  throughput=12325 ev/s
2026-07-03 15:30:54,534 [INFO] Sent 2045000 / 2229453  (91.7%)  elapsed=165.8s  throughput=12336 ev/s
2026-07-03 15:30:54,801 [INFO] Sent 2050000 / 2229453  (92.0%)  elapsed=166.0s  throughput=12346 ev/s
2026-07-03 15:30:55,077 [INFO] Sent 2055000 / 2229453  (92.2%)  elapsed=166.3s  throughput=12356 ev/s
2026-07-03 15:30:55,772 [INFO] Sent 2060000 / 2229453  (92.4%)  elapsed=167.0s  throughput=12334 ev/s
2026-07-03 15:30:56,051 [INFO] Sent 2065000 / 2229453  (92.6%)  elapsed=167.3s  throughput=12344 ev/s
2026-07-03 15:30:56,342 [INFO] Sent 2070000 / 2229453  (92.8%)  elapsed=167.6s  throughput=12352 ev/s
2026-07-03 15:30:57,092 [INFO] Sent 2075000 / 2229453  (93.1%)  elapsed=168.3s  throughput=12327 ev/s
2026-07-03 15:30:57,358 [INFO] Sent 2080000 / 2229453  (93.3%)  elapsed=168.6s  throughput=12337 ev/s
2026-07-03 15:30:57,634 [INFO] Sent 2085000 / 2229453  (93.5%)  elapsed=168.9s  throughput=12346 ev/s
2026-07-03 15:30:57,913 [INFO] Sent 2090000 / 2229453  (93.7%)  elapsed=169.2s  throughput=12355 ev/s
2026-07-03 15:30:58,644 [INFO] Sent 2095000 / 2229453  (94.0%)  elapsed=169.9s  throughput=12332 ev/s
2026-07-03 15:30:58,894 [INFO] Sent 2100000 / 2229453  (94.2%)  elapsed=170.1s  throughput=12343 ev/s
2026-07-03 15:30:59,161 [INFO] Sent 2105000 / 2229453  (94.4%)  elapsed=170.4s  throughput=12353 ev/s
2026-07-03 15:30:59,421 [INFO] Sent 2110000 / 2229453  (94.6%)  elapsed=170.7s  throughput=12363 ev/s
2026-07-03 15:31:00,129 [INFO] Sent 2115000 / 2229453  (94.9%)  elapsed=171.4s  throughput=12342 ev/s
2026-07-03 15:31:00,377 [INFO] Sent 2120000 / 2229453  (95.1%)  elapsed=171.6s  throughput=12353 ev/s
2026-07-03 15:31:00,639 [INFO] Sent 2125000 / 2229453  (95.3%)  elapsed=171.9s  throughput=12363 ev/s
2026-07-03 15:31:00,903 [INFO] Sent 2130000 / 2229453  (95.5%)  elapsed=172.1s  throughput=12373 ev/s
2026-07-03 15:31:01,624 [INFO] Sent 2135000 / 2229453  (95.8%)  elapsed=172.9s  throughput=12351 ev/s
2026-07-03 15:31:01,890 [INFO] Sent 2140000 / 2229453  (96.0%)  elapsed=173.1s  throughput=12360 ev/s
2026-07-03 15:31:02,189 [INFO] Sent 2145000 / 2229453  (96.2%)  elapsed=173.4s  throughput=12368 ev/s
2026-07-03 15:31:02,499 [INFO] Sent 2150000 / 2229453  (96.4%)  elapsed=173.7s  throughput=12375 ev/s
2026-07-03 15:31:03,243 [INFO] Sent 2155000 / 2229453  (96.7%)  elapsed=174.5s  throughput=12351 ev/s
2026-07-03 15:31:03,499 [INFO] Sent 2160000 / 2229453  (96.9%)  elapsed=174.7s  throughput=12361 ev/s
2026-07-03 15:31:03,766 [INFO] Sent 2165000 / 2229453  (97.1%)  elapsed=175.0s  throughput=12371 ev/s
2026-07-03 15:31:04,030 [INFO] Sent 2170000 / 2229453  (97.3%)  elapsed=175.3s  throughput=12381 ev/s
2026-07-03 15:31:04,708 [INFO] Sent 2175000 / 2229453  (97.6%)  elapsed=176.0s  throughput=12361 ev/s
2026-07-03 15:31:04,966 [INFO] Sent 2180000 / 2229453  (97.8%)  elapsed=176.2s  throughput=12372 ev/s
2026-07-03 15:31:05,238 [INFO] Sent 2185000 / 2229453  (98.0%)  elapsed=176.5s  throughput=12381 ev/s
2026-07-03 15:31:05,496 [INFO] Sent 2190000 / 2229453  (98.2%)  elapsed=176.7s  throughput=12391 ev/s
2026-07-03 15:31:06,206 [INFO] Sent 2195000 / 2229453  (98.5%)  elapsed=177.4s  throughput=12370 ev/s
2026-07-03 15:31:06,482 [INFO] Sent 2200000 / 2229453  (98.7%)  elapsed=177.7s  throughput=12379 ev/s
2026-07-03 15:31:06,778 [INFO] Sent 2205000 / 2229453  (98.9%)  elapsed=178.0s  throughput=12386 ev/s
2026-07-03 15:31:07,093 [INFO] Sent 2210000 / 2229453  (99.1%)  elapsed=178.3s  throughput=12392 ev/s
2026-07-03 15:31:07,795 [INFO] Sent 2215000 / 2229453  (99.4%)  elapsed=179.0s  throughput=12372 ev/s
2026-07-03 15:31:08,071 [INFO] Sent 2220000 / 2229453  (99.6%)  elapsed=179.3s  throughput=12381 ev/s
2026-07-03 15:31:08,357 [INFO] Sent 2225000 / 2229453  (99.8%)  elapsed=179.6s  throughput=12389 ev/s
2026-07-03 15:31:08,747 [INFO] Replay complete: 2229453 events in 180.0 s (avg 12387 ev/s) — delayed: 0 (0.0%)
2026-07-03 15:31:08,748 [INFO] Out-of-order emitted: 0 events (0.00% of emitted events)
2026-07-03 15:31:08,755 [INFO] End-of-stream markers sent to 4 partition(s) (event_time=2200-01-01 00:00:00+00:00) — final event-time windows will flush at the next checkpoint.
2026-07-03 15:31:08,755 [INFO] <KafkaProducer client_id=kafka-python-producer-1 transactional_id=None>: Closing the Kafka producer with 9223372036.0 secs timeout.
2026-07-03 15:31:08,756 [INFO] <BrokerConnection client_id=kafka-python-producer-1, node_id=1 host=kafka:9092 <connected> [IPv4 ('172.18.0.4', 9092)]>: Closing connection. 
2026-07-03 15:31:08,756 [INFO] Producer closed.
