2026-07-04 16:53:54,128 [INFO] Producer log   : /opt/flink/results/producer.log
2026-07-04 16:53:54,129 [INFO] Random seed    : 42
2026-07-04 16:53:54,130 [INFO] === Flight Event Producer ===
2026-07-04 16:53:54,130 [INFO]  Prepared data : /prepared/flights_prepared.csv
2026-07-04 16:53:54,131 [INFO]  Kafka brokers : kafka:9092
2026-07-04 16:53:54,131 [INFO]  Topic         : flights
2026-07-04 16:53:54,132 [INFO]  Acceleration  : 57600x
2026-07-04 16:53:54,132 [INFO]  Flush every   : 5000 events
2026-07-04 16:53:54,133 [INFO]  Log every     : 100000 events
2026-07-04 16:53:54,133 [INFO]  Out-of-order  : 30% of events, delivery delayed up to 120s (event time)
2026-07-04 16:53:54,134 [INFO]  Holdback dist : exponential
2026-07-04 16:53:54,134 [INFO]  Holdback mean : 40.0 s
2026-07-04 16:53:54,134 [INFO]  End-of-stream : marker per partition
2026-07-04 16:53:54,137 [INFO] <BrokerConnection client_id=kafka-python-2.3.2, node_id=bootstrap-0 host=kafka:9092 <connecting> [IPv4 ('172.18.0.2', 9092)]>: connecting to kafka:9092 [('172.18.0.2', 9092) IPv4]
2026-07-04 16:53:54,142 [INFO] <BrokerConnection client_id=kafka-python-2.3.2, node_id=bootstrap-0 host=kafka:9092 <checking_api_versions_recv> [IPv4 ('172.18.0.2', 9092)]>: Broker version identified as 2.6
2026-07-04 16:53:54,143 [INFO] <BrokerConnection client_id=kafka-python-2.3.2, node_id=bootstrap-0 host=kafka:9092 <connected> [IPv4 ('172.18.0.2', 9092)]>: Connection complete.
2026-07-04 16:53:54,147 [INFO] <BrokerConnection client_id=kafka-python-2.3.2, node_id=1 host=kafka:9092 <connecting> [IPv4 ('172.18.0.2', 9092)]>: connecting to kafka:9092 [('172.18.0.2', 9092) IPv4]
2026-07-04 16:53:54,148 [INFO] <BrokerConnection client_id=kafka-python-2.3.2, node_id=2 host=kafka2:9092 <connecting> [IPv4 ('172.18.0.6', 9092)]>: connecting to kafka2:9092 [('172.18.0.6', 9092) IPv4]
2026-07-04 16:53:54,149 [INFO] <BrokerConnection client_id=kafka-python-2.3.2, node_id=1 host=kafka:9092 <connected> [IPv4 ('172.18.0.2', 9092)]>: Connection complete.
2026-07-04 16:53:54,150 [INFO] <BrokerConnection client_id=kafka-python-2.3.2, node_id=bootstrap-0 host=kafka:9092 <connected> [IPv4 ('172.18.0.2', 9092)]>: Closing connection. 
2026-07-04 16:53:54,150 [INFO] <BrokerConnection client_id=kafka-python-2.3.2, node_id=2 host=kafka2:9092 <connected> [IPv4 ('172.18.0.6', 9092)]>: Connection complete.
2026-07-04 16:53:54,252 [INFO] <BrokerConnection client_id=kafka-python-2.3.2, node_id=1 host=kafka:9092 <connected> [IPv4 ('172.18.0.2', 9092)]>: Closing connection. 
2026-07-04 16:53:54,253 [INFO] <BrokerConnection client_id=kafka-python-2.3.2, node_id=2 host=kafka2:9092 <connected> [IPv4 ('172.18.0.6', 9092)]>: Closing connection. 
2026-07-04 16:53:54,254 [INFO] Loading prepared dataset /prepared/flights_prepared.csv …
2026-07-04 16:54:01,344 [INFO] Loaded 2229453 prepared events
2026-07-04 16:54:01,383 [INFO] Event range: 2025-01-01 00:10:00+00:00 → 2025-04-30 23:59:00+00:00 (120.0 days)
2026-07-04 16:54:01,383 [INFO] Estimated replay duration at 57600x: 3.0 minutes
2026-07-04 16:54:01,394 [INFO] <BrokerConnection client_id=kafka-python-producer-1, node_id=bootstrap-0 host=kafka:9092 <connecting> [IPv4 ('172.18.0.2', 9092)]>: connecting to kafka:9092 [('172.18.0.2', 9092) IPv4]
2026-07-04 16:54:01,421 [INFO] <BrokerConnection client_id=kafka-python-producer-1, node_id=bootstrap-0 host=kafka:9092 <checking_api_versions_recv> [IPv4 ('172.18.0.2', 9092)]>: Broker version identified as 2.6
2026-07-04 16:54:01,431 [INFO] <BrokerConnection client_id=kafka-python-producer-1, node_id=bootstrap-0 host=kafka:9092 <connected> [IPv4 ('172.18.0.2', 9092)]>: Connection complete.
2026-07-04 16:54:01,539 [INFO] <BrokerConnection client_id=kafka-python-producer-1, node_id=1 host=kafka:9092 <connecting> [IPv4 ('172.18.0.2', 9092)]>: connecting to kafka:9092 [('172.18.0.2', 9092) IPv4]
2026-07-04 16:54:01,540 [INFO] <BrokerConnection client_id=kafka-python-producer-1, node_id=1 host=kafka:9092 <connected> [IPv4 ('172.18.0.2', 9092)]>: Connection complete.
2026-07-04 16:54:01,541 [INFO] <BrokerConnection client_id=kafka-python-producer-1, node_id=bootstrap-0 host=kafka:9092 <connected> [IPv4 ('172.18.0.2', 9092)]>: Closing connection. 
2026-07-04 16:54:01,543 [INFO] Connected to Kafka (kafka:9092), topic 'flights'
2026-07-04 16:54:01,879 [INFO] Replay started: 2229453 events, factor=57600x, out-of-order prob=0.30, distribution=exponential, max delivery delay=120s (event time)
2026-07-04 16:54:01,919 [INFO] <BrokerConnection client_id=kafka-python-producer-1, node_id=2 host=kafka2:9092 <connecting> [IPv4 ('172.18.0.6', 9092)]>: connecting to kafka2:9092 [('172.18.0.6', 9092) IPv4]
2026-07-04 16:54:01,920 [INFO] <BrokerConnection client_id=kafka-python-producer-1, node_id=2 host=kafka2:9092 <connected> [IPv4 ('172.18.0.6', 9092)]>: Connection complete.
2026-07-04 16:54:02,518 [INFO] Sent 5000 / 2229453  (0.2%)  elapsed=0.6s  throughput=7828 ev/s
2026-07-04 16:54:02,831 [INFO] Sent 10000 / 2229453  (0.4%)  elapsed=1.0s  throughput=10515 ev/s
2026-07-04 16:54:03,136 [INFO] Sent 15000 / 2229453  (0.7%)  elapsed=1.3s  throughput=11939 ev/s
2026-07-04 16:54:03,868 [INFO] Sent 20000 / 2229453  (0.9%)  elapsed=2.0s  throughput=10059 ev/s
2026-07-04 16:54:04,126 [INFO] Sent 25000 / 2229453  (1.1%)  elapsed=2.2s  throughput=11128 ev/s
2026-07-04 16:54:04,411 [INFO] Sent 30000 / 2229453  (1.3%)  elapsed=2.5s  throughput=11850 ev/s
2026-07-04 16:54:04,689 [INFO] Sent 35000 / 2229453  (1.6%)  elapsed=2.8s  throughput=12458 ev/s
2026-07-04 16:54:05,457 [INFO] Sent 40000 / 2229453  (1.8%)  elapsed=3.6s  throughput=11181 ev/s
2026-07-04 16:54:05,861 [INFO] Sent 45000 / 2229453  (2.0%)  elapsed=4.0s  throughput=11301 ev/s
2026-07-04 16:54:06,318 [INFO] Sent 50000 / 2229453  (2.2%)  elapsed=4.4s  throughput=11265 ev/s
2026-07-04 16:54:06,735 [INFO] Sent 55000 / 2229453  (2.5%)  elapsed=4.9s  throughput=11326 ev/s
2026-07-04 16:54:07,051 [INFO] Sent 60000 / 2229453  (2.7%)  elapsed=5.2s  throughput=11601 ev/s
2026-07-04 16:54:07,335 [INFO] Sent 65000 / 2229453  (2.9%)  elapsed=5.5s  throughput=11914 ev/s
2026-07-04 16:54:07,601 [INFO] Sent 70000 / 2229453  (3.1%)  elapsed=5.7s  throughput=12235 ev/s
2026-07-04 16:54:08,229 [INFO] Sent 75000 / 2229453  (3.4%)  elapsed=6.3s  throughput=11812 ev/s
2026-07-04 16:54:08,505 [INFO] Sent 80000 / 2229453  (3.6%)  elapsed=6.6s  throughput=12074 ev/s
2026-07-04 16:54:08,771 [INFO] Sent 85000 / 2229453  (3.8%)  elapsed=6.9s  throughput=12334 ev/s
2026-07-04 16:54:09,041 [INFO] Sent 90000 / 2229453  (4.0%)  elapsed=7.2s  throughput=12567 ev/s
2026-07-04 16:54:09,773 [INFO] Sent 95000 / 2229453  (4.3%)  elapsed=7.9s  throughput=12035 ev/s
2026-07-04 16:54:10,149 [INFO] Sent 100000 / 2229453  (4.5%)  elapsed=8.3s  throughput=12093 ev/s
2026-07-04 16:54:10,633 [INFO] Sent 105000 / 2229453  (4.7%)  elapsed=8.8s  throughput=11996 ev/s
2026-07-04 16:54:11,088 [INFO] Sent 110000 / 2229453  (4.9%)  elapsed=9.2s  throughput=11946 ev/s
2026-07-04 16:54:11,563 [INFO] Sent 115000 / 2229453  (5.2%)  elapsed=9.7s  throughput=11875 ev/s
2026-07-04 16:54:11,900 [INFO] Sent 120000 / 2229453  (5.4%)  elapsed=10.0s  throughput=11976 ev/s
2026-07-04 16:54:12,199 [INFO] Sent 125000 / 2229453  (5.6%)  elapsed=10.3s  throughput=12113 ev/s
2026-07-04 16:54:12,803 [INFO] Sent 130000 / 2229453  (5.8%)  elapsed=10.9s  throughput=11900 ev/s
2026-07-04 16:54:13,174 [INFO] Sent 135000 / 2229453  (6.1%)  elapsed=11.3s  throughput=11953 ev/s
2026-07-04 16:54:13,451 [INFO] Sent 140000 / 2229453  (6.3%)  elapsed=11.6s  throughput=12098 ev/s
2026-07-04 16:54:13,866 [INFO] Sent 145000 / 2229453  (6.5%)  elapsed=12.0s  throughput=12097 ev/s
2026-07-04 16:54:14,496 [INFO] Sent 150000 / 2229453  (6.7%)  elapsed=12.6s  throughput=11889 ev/s
2026-07-04 16:54:14,767 [INFO] Sent 155000 / 2229453  (7.0%)  elapsed=12.9s  throughput=12027 ev/s
2026-07-04 16:54:15,049 [INFO] Sent 160000 / 2229453  (7.2%)  elapsed=13.2s  throughput=12150 ev/s
2026-07-04 16:54:15,925 [INFO] Sent 165000 / 2229453  (7.4%)  elapsed=14.0s  throughput=11747 ev/s
2026-07-04 16:54:16,465 [INFO] Sent 170000 / 2229453  (7.6%)  elapsed=14.6s  throughput=11655 ev/s
2026-07-04 16:54:16,864 [INFO] Sent 175000 / 2229453  (7.8%)  elapsed=15.0s  throughput=11678 ev/s
2026-07-04 16:54:17,200 [INFO] Sent 180000 / 2229453  (8.1%)  elapsed=15.3s  throughput=11749 ev/s
2026-07-04 16:54:17,493 [INFO] Sent 185000 / 2229453  (8.3%)  elapsed=15.6s  throughput=11849 ev/s
2026-07-04 16:54:17,976 [INFO] Sent 190000 / 2229453  (8.5%)  elapsed=16.1s  throughput=11804 ev/s
2026-07-04 16:54:18,269 [INFO] Sent 195000 / 2229453  (8.7%)  elapsed=16.4s  throughput=11898 ev/s
2026-07-04 16:54:18,981 [INFO] Sent 200000 / 2229453  (9.0%)  elapsed=17.1s  throughput=11695 ev/s
2026-07-04 16:54:19,346 [INFO] Sent 205000 / 2229453  (9.2%)  elapsed=17.5s  throughput=11737 ev/s
2026-07-04 16:54:19,645 [INFO] Sent 210000 / 2229453  (9.4%)  elapsed=17.8s  throughput=11821 ev/s
2026-07-04 16:54:20,268 [INFO] Sent 215000 / 2229453  (9.6%)  elapsed=18.4s  throughput=11692 ev/s
2026-07-04 16:54:20,593 [INFO] Sent 220000 / 2229453  (9.9%)  elapsed=18.7s  throughput=11756 ev/s
2026-07-04 16:54:21,057 [INFO] Sent 225000 / 2229453  (10.1%)  elapsed=19.2s  throughput=11733 ev/s
2026-07-04 16:54:21,388 [INFO] Sent 230000 / 2229453  (10.3%)  elapsed=19.5s  throughput=11790 ev/s
2026-07-04 16:54:21,896 [INFO] Sent 235000 / 2229453  (10.5%)  elapsed=20.0s  throughput=11740 ev/s
2026-07-04 16:54:22,193 [INFO] Sent 240000 / 2229453  (10.8%)  elapsed=20.3s  throughput=11815 ev/s
2026-07-04 16:54:22,583 [INFO] Sent 245000 / 2229453  (11.0%)  elapsed=20.7s  throughput=11834 ev/s
2026-07-04 16:54:23,355 [INFO] Sent 250000 / 2229453  (11.2%)  elapsed=21.5s  throughput=11641 ev/s
2026-07-04 16:54:23,642 [INFO] Sent 255000 / 2229453  (11.4%)  elapsed=21.8s  throughput=11717 ev/s
2026-07-04 16:54:23,968 [INFO] Sent 260000 / 2229453  (11.7%)  elapsed=22.1s  throughput=11771 ev/s
2026-07-04 16:54:24,787 [INFO] Sent 265000 / 2229453  (11.9%)  elapsed=22.9s  throughput=11568 ev/s
2026-07-04 16:54:25,142 [INFO] Sent 270000 / 2229453  (12.1%)  elapsed=23.3s  throughput=11607 ev/s
2026-07-04 16:54:25,534 [INFO] Sent 275000 / 2229453  (12.3%)  elapsed=23.7s  throughput=11626 ev/s
2026-07-04 16:54:26,017 [INFO] Sent 280000 / 2229453  (12.6%)  elapsed=24.1s  throughput=11600 ev/s
2026-07-04 16:54:26,425 [INFO] Sent 285000 / 2229453  (12.8%)  elapsed=24.5s  throughput=11611 ev/s
2026-07-04 16:54:26,724 [INFO] Sent 290000 / 2229453  (13.0%)  elapsed=24.8s  throughput=11673 ev/s
2026-07-04 16:54:27,003 [INFO] Sent 295000 / 2229453  (13.2%)  elapsed=25.1s  throughput=11742 ev/s
2026-07-04 16:54:27,288 [INFO] Sent 300000 / 2229453  (13.5%)  elapsed=25.4s  throughput=11807 ev/s
2026-07-04 16:54:27,965 [INFO] Sent 305000 / 2229453  (13.7%)  elapsed=26.1s  throughput=11692 ev/s
2026-07-04 16:54:28,286 [INFO] Sent 310000 / 2229453  (13.9%)  elapsed=26.4s  throughput=11739 ev/s
2026-07-04 16:54:28,708 [INFO] Sent 315000 / 2229453  (14.1%)  elapsed=26.8s  throughput=11740 ev/s
2026-07-04 16:54:29,495 [INFO] Sent 320000 / 2229453  (14.4%)  elapsed=27.6s  throughput=11587 ev/s
2026-07-04 16:54:29,770 [INFO] Sent 325000 / 2229453  (14.6%)  elapsed=27.9s  throughput=11652 ev/s
2026-07-04 16:54:30,089 [INFO] Sent 330000 / 2229453  (14.8%)  elapsed=28.2s  throughput=11697 ev/s
2026-07-04 16:54:31,022 [INFO] Sent 335000 / 2229453  (15.0%)  elapsed=29.1s  throughput=11494 ev/s
2026-07-04 16:54:31,460 [INFO] Sent 340000 / 2229453  (15.3%)  elapsed=29.6s  throughput=11493 ev/s
2026-07-04 16:54:31,784 [INFO] Sent 345000 / 2229453  (15.5%)  elapsed=29.9s  throughput=11536 ev/s
2026-07-04 16:54:32,079 [INFO] Sent 350000 / 2229453  (15.7%)  elapsed=30.2s  throughput=11588 ev/s
2026-07-04 16:54:32,446 [INFO] Sent 355000 / 2229453  (15.9%)  elapsed=30.6s  throughput=11613 ev/s
2026-07-04 16:54:32,749 [INFO] Sent 360000 / 2229453  (16.1%)  elapsed=30.9s  throughput=11661 ev/s
2026-07-04 16:54:33,064 [INFO] Sent 365000 / 2229453  (16.4%)  elapsed=31.2s  throughput=11703 ev/s
2026-07-04 16:54:33,909 [INFO] Sent 370000 / 2229453  (16.6%)  elapsed=32.0s  throughput=11551 ev/s
2026-07-04 16:54:34,191 [INFO] Sent 375000 / 2229453  (16.8%)  elapsed=32.3s  throughput=11605 ev/s
2026-07-04 16:54:34,540 [INFO] Sent 380000 / 2229453  (17.0%)  elapsed=32.7s  throughput=11634 ev/s
2026-07-04 16:54:35,357 [INFO] Sent 385000 / 2229453  (17.3%)  elapsed=33.5s  throughput=11499 ev/s
2026-07-04 16:54:35,826 [INFO] Sent 390000 / 2229453  (17.5%)  elapsed=33.9s  throughput=11488 ev/s
2026-07-04 16:54:36,342 [INFO] Sent 395000 / 2229453  (17.7%)  elapsed=34.5s  throughput=11461 ev/s
2026-07-04 16:54:36,655 [INFO] Sent 400000 / 2229453  (17.9%)  elapsed=34.8s  throughput=11502 ev/s
2026-07-04 16:54:36,923 [INFO] Sent 405000 / 2229453  (18.2%)  elapsed=35.0s  throughput=11556 ev/s
2026-07-04 16:54:37,217 [INFO] Sent 410000 / 2229453  (18.4%)  elapsed=35.3s  throughput=11602 ev/s
2026-07-04 16:54:37,487 [INFO] Sent 415000 / 2229453  (18.6%)  elapsed=35.6s  throughput=11654 ev/s
2026-07-04 16:54:38,228 [INFO] Sent 420000 / 2229453  (18.8%)  elapsed=36.4s  throughput=11554 ev/s
2026-07-04 16:54:38,533 [INFO] Sent 425000 / 2229453  (19.1%)  elapsed=36.7s  throughput=11594 ev/s
2026-07-04 16:54:38,861 [INFO] Sent 430000 / 2229453  (19.3%)  elapsed=37.0s  throughput=11627 ev/s
2026-07-04 16:54:39,721 [INFO] Sent 435000 / 2229453  (19.5%)  elapsed=37.8s  throughput=11495 ev/s
2026-07-04 16:54:39,997 [INFO] Sent 440000 / 2229453  (19.7%)  elapsed=38.1s  throughput=11542 ev/s
2026-07-04 16:54:40,303 [INFO] Sent 445000 / 2229453  (20.0%)  elapsed=38.4s  throughput=11581 ev/s
2026-07-04 16:54:40,644 [INFO] Sent 450000 / 2229453  (20.2%)  elapsed=38.8s  throughput=11608 ev/s
2026-07-04 16:54:41,310 [INFO] Sent 455000 / 2229453  (20.4%)  elapsed=39.4s  throughput=11538 ev/s
2026-07-04 16:54:41,607 [INFO] Sent 460000 / 2229453  (20.6%)  elapsed=39.7s  throughput=11578 ev/s
2026-07-04 16:54:41,918 [INFO] Sent 465000 / 2229453  (20.9%)  elapsed=40.0s  throughput=11613 ev/s
2026-07-04 16:54:42,187 [INFO] Sent 470000 / 2229453  (21.1%)  elapsed=40.3s  throughput=11660 ev/s
2026-07-04 16:54:42,926 [INFO] Sent 475000 / 2229453  (21.3%)  elapsed=41.0s  throughput=11571 ev/s
2026-07-04 16:54:43,228 [INFO] Sent 480000 / 2229453  (21.5%)  elapsed=41.4s  throughput=11608 ev/s
2026-07-04 16:54:43,544 [INFO] Sent 485000 / 2229453  (21.8%)  elapsed=41.7s  throughput=11640 ev/s
2026-07-04 16:54:44,376 [INFO] Sent 490000 / 2229453  (22.0%)  elapsed=42.5s  throughput=11530 ev/s
2026-07-04 16:54:44,665 [INFO] Sent 495000 / 2229453  (22.2%)  elapsed=42.8s  throughput=11569 ev/s
2026-07-04 16:54:44,987 [INFO] Sent 500000 / 2229453  (22.4%)  elapsed=43.1s  throughput=11598 ev/s
2026-07-04 16:54:45,844 [INFO] Sent 505000 / 2229453  (22.7%)  elapsed=44.0s  throughput=11486 ev/s
2026-07-04 16:54:46,214 [INFO] Sent 510000 / 2229453  (22.9%)  elapsed=44.3s  throughput=11503 ev/s
2026-07-04 16:54:46,523 [INFO] Sent 515000 / 2229453  (23.1%)  elapsed=44.6s  throughput=11535 ev/s
2026-07-04 16:54:46,919 [INFO] Sent 520000 / 2229453  (23.3%)  elapsed=45.0s  throughput=11545 ev/s
2026-07-04 16:54:47,394 [INFO] Sent 525000 / 2229453  (23.5%)  elapsed=45.5s  throughput=11534 ev/s
2026-07-04 16:54:47,672 [INFO] Sent 530000 / 2229453  (23.8%)  elapsed=45.8s  throughput=11573 ev/s
2026-07-04 16:54:47,947 [INFO] Sent 535000 / 2229453  (24.0%)  elapsed=46.1s  throughput=11613 ev/s
2026-07-04 16:54:48,717 [INFO] Sent 540000 / 2229453  (24.2%)  elapsed=46.8s  throughput=11528 ev/s
2026-07-04 16:54:49,027 [INFO] Sent 545000 / 2229453  (24.4%)  elapsed=47.2s  throughput=11559 ev/s
2026-07-04 16:54:49,351 [INFO] Sent 550000 / 2229453  (24.7%)  elapsed=47.5s  throughput=11585 ev/s
2026-07-04 16:54:50,208 [INFO] Sent 555000 / 2229453  (24.9%)  elapsed=48.3s  throughput=11483 ev/s
2026-07-04 16:54:50,499 [INFO] Sent 560000 / 2229453  (25.1%)  elapsed=48.6s  throughput=11517 ev/s
2026-07-04 16:54:50,972 [INFO] Sent 565000 / 2229453  (25.3%)  elapsed=49.1s  throughput=11508 ev/s
2026-07-04 16:54:51,298 [INFO] Sent 570000 / 2229453  (25.6%)  elapsed=49.4s  throughput=11534 ev/s
2026-07-04 16:54:51,803 [INFO] Sent 575000 / 2229453  (25.8%)  elapsed=49.9s  throughput=11517 ev/s
2026-07-04 16:54:52,085 [INFO] Sent 580000 / 2229453  (26.0%)  elapsed=50.2s  throughput=11552 ev/s
2026-07-04 16:54:52,376 [INFO] Sent 585000 / 2229453  (26.2%)  elapsed=50.5s  throughput=11584 ev/s
2026-07-04 16:54:52,654 [INFO] Sent 590000 / 2229453  (26.5%)  elapsed=50.8s  throughput=11619 ev/s
2026-07-04 16:54:53,418 [INFO] Sent 595000 / 2229453  (26.7%)  elapsed=51.5s  throughput=11544 ev/s
2026-07-04 16:54:53,725 [INFO] Sent 600000 / 2229453  (26.9%)  elapsed=51.8s  throughput=11572 ev/s
2026-07-04 16:54:54,051 [INFO] Sent 605000 / 2229453  (27.1%)  elapsed=52.2s  throughput=11596 ev/s
2026-07-04 16:54:54,873 [INFO] Sent 610000 / 2229453  (27.4%)  elapsed=53.0s  throughput=11510 ev/s
2026-07-04 16:54:55,164 [INFO] Sent 615000 / 2229453  (27.6%)  elapsed=53.3s  throughput=11541 ev/s
2026-07-04 16:54:55,479 [INFO] Sent 620000 / 2229453  (27.8%)  elapsed=53.6s  throughput=11567 ev/s
2026-07-04 16:54:56,336 [INFO] Sent 625000 / 2229453  (28.0%)  elapsed=54.5s  throughput=11476 ev/s
2026-07-04 16:54:56,640 [INFO] Sent 630000 / 2229453  (28.3%)  elapsed=54.8s  throughput=11504 ev/s
2026-07-04 16:54:56,915 [INFO] Sent 635000 / 2229453  (28.5%)  elapsed=55.0s  throughput=11537 ev/s
2026-07-04 16:54:57,173 [INFO] Sent 640000 / 2229453  (28.7%)  elapsed=55.3s  throughput=11574 ev/s
2026-07-04 16:54:57,853 [INFO] Sent 645000 / 2229453  (28.9%)  elapsed=56.0s  throughput=11523 ev/s
2026-07-04 16:54:58,109 [INFO] Sent 650000 / 2229453  (29.2%)  elapsed=56.2s  throughput=11559 ev/s
2026-07-04 16:54:58,391 [INFO] Sent 655000 / 2229453  (29.4%)  elapsed=56.5s  throughput=11590 ev/s
2026-07-04 16:54:58,688 [INFO] Sent 660000 / 2229453  (29.6%)  elapsed=56.8s  throughput=11617 ev/s
2026-07-04 16:54:59,448 [INFO] Sent 665000 / 2229453  (29.8%)  elapsed=57.6s  throughput=11550 ev/s
2026-07-04 16:54:59,767 [INFO] Sent 670000 / 2229453  (30.1%)  elapsed=57.9s  throughput=11573 ev/s
2026-07-04 16:55:00,130 [INFO] Sent 675000 / 2229453  (30.3%)  elapsed=58.3s  throughput=11587 ev/s
2026-07-04 16:55:00,990 [INFO] Sent 680000 / 2229453  (30.5%)  elapsed=59.1s  throughput=11503 ev/s
2026-07-04 16:55:01,514 [INFO] Sent 685000 / 2229453  (30.7%)  elapsed=59.6s  throughput=11486 ev/s
2026-07-04 16:55:01,869 [INFO] Sent 690000 / 2229453  (30.9%)  elapsed=60.0s  throughput=11501 ev/s
2026-07-04 16:55:02,294 [INFO] Sent 695000 / 2229453  (31.2%)  elapsed=60.4s  throughput=11503 ev/s
2026-07-04 16:55:02,579 [INFO] Sent 700000 / 2229453  (31.4%)  elapsed=60.7s  throughput=11531 ev/s
2026-07-04 16:55:02,865 [INFO] Sent 705000 / 2229453  (31.6%)  elapsed=61.0s  throughput=11559 ev/s
2026-07-04 16:55:03,278 [INFO] Sent 710000 / 2229453  (31.8%)  elapsed=61.4s  throughput=11563 ev/s
2026-07-04 16:55:03,914 [INFO] Sent 715000 / 2229453  (32.1%)  elapsed=62.0s  throughput=11525 ev/s
2026-07-04 16:55:04,197 [INFO] Sent 720000 / 2229453  (32.3%)  elapsed=62.3s  throughput=11553 ev/s
2026-07-04 16:55:04,512 [INFO] Sent 725000 / 2229453  (32.5%)  elapsed=62.6s  throughput=11575 ev/s
2026-07-04 16:55:05,349 [INFO] Sent 730000 / 2229453  (32.7%)  elapsed=63.5s  throughput=11501 ev/s
2026-07-04 16:55:05,726 [INFO] Sent 735000 / 2229453  (33.0%)  elapsed=63.9s  throughput=11511 ev/s
2026-07-04 16:55:06,048 [INFO] Sent 740000 / 2229453  (33.2%)  elapsed=64.2s  throughput=11531 ev/s
2026-07-04 16:55:06,702 [INFO] Sent 745000 / 2229453  (33.4%)  elapsed=64.8s  throughput=11492 ev/s
2026-07-04 16:55:07,002 [INFO] Sent 750000 / 2229453  (33.6%)  elapsed=65.1s  throughput=11516 ev/s
2026-07-04 16:55:07,272 [INFO] Sent 755000 / 2229453  (33.9%)  elapsed=65.4s  throughput=11545 ev/s
2026-07-04 16:55:07,530 [INFO] Sent 760000 / 2229453  (34.1%)  elapsed=65.7s  throughput=11576 ev/s
2026-07-04 16:55:08,228 [INFO] Sent 765000 / 2229453  (34.3%)  elapsed=66.4s  throughput=11529 ev/s
2026-07-04 16:55:08,519 [INFO] Sent 770000 / 2229453  (34.5%)  elapsed=66.6s  throughput=11554 ev/s
2026-07-04 16:55:08,780 [INFO] Sent 775000 / 2229453  (34.8%)  elapsed=66.9s  throughput=11584 ev/s
2026-07-04 16:55:09,036 [INFO] Sent 780000 / 2229453  (35.0%)  elapsed=67.2s  throughput=11614 ev/s
2026-07-04 16:55:09,750 [INFO] Sent 785000 / 2229453  (35.2%)  elapsed=67.9s  throughput=11565 ev/s
2026-07-04 16:55:10,026 [INFO] Sent 790000 / 2229453  (35.4%)  elapsed=68.2s  throughput=11592 ev/s
2026-07-04 16:55:10,331 [INFO] Sent 795000 / 2229453  (35.7%)  elapsed=68.5s  throughput=11613 ev/s
2026-07-04 16:55:10,663 [INFO] Sent 800000 / 2229453  (35.9%)  elapsed=68.8s  throughput=11630 ev/s
2026-07-04 16:55:11,486 [INFO] Sent 805000 / 2229453  (36.1%)  elapsed=69.6s  throughput=11564 ev/s
2026-07-04 16:55:11,815 [INFO] Sent 810000 / 2229453  (36.3%)  elapsed=69.9s  throughput=11581 ev/s
2026-07-04 16:55:12,108 [INFO] Sent 815000 / 2229453  (36.6%)  elapsed=70.2s  throughput=11604 ev/s
2026-07-04 16:55:12,361 [INFO] Sent 820000 / 2229453  (36.8%)  elapsed=70.5s  throughput=11634 ev/s
2026-07-04 16:55:12,966 [INFO] Sent 825000 / 2229453  (37.0%)  elapsed=71.1s  throughput=11605 ev/s
2026-07-04 16:55:13,226 [INFO] Sent 830000 / 2229453  (37.2%)  elapsed=71.4s  throughput=11633 ev/s
2026-07-04 16:55:13,488 [INFO] Sent 835000 / 2229453  (37.5%)  elapsed=71.6s  throughput=11660 ev/s
2026-07-04 16:55:14,182 [INFO] Sent 840000 / 2229453  (37.7%)  elapsed=72.3s  throughput=11617 ev/s
2026-07-04 16:55:14,479 [INFO] Sent 845000 / 2229453  (37.9%)  elapsed=72.6s  throughput=11639 ev/s
2026-07-04 16:55:14,766 [INFO] Sent 850000 / 2229453  (38.1%)  elapsed=72.9s  throughput=11661 ev/s
2026-07-04 16:55:15,060 [INFO] Sent 855000 / 2229453  (38.4%)  elapsed=73.2s  throughput=11683 ev/s
2026-07-04 16:55:15,869 [INFO] Sent 860000 / 2229453  (38.6%)  elapsed=74.0s  throughput=11623 ev/s
2026-07-04 16:55:16,302 [INFO] Sent 865000 / 2229453  (38.8%)  elapsed=74.4s  throughput=11622 ev/s
2026-07-04 16:55:16,587 [INFO] Sent 870000 / 2229453  (39.0%)  elapsed=74.7s  throughput=11645 ev/s
2026-07-04 16:55:16,857 [INFO] Sent 875000 / 2229453  (39.2%)  elapsed=75.0s  throughput=11669 ev/s
2026-07-04 16:55:17,463 [INFO] Sent 880000 / 2229453  (39.5%)  elapsed=75.6s  throughput=11642 ev/s
2026-07-04 16:55:17,746 [INFO] Sent 885000 / 2229453  (39.7%)  elapsed=75.9s  throughput=11665 ev/s
2026-07-04 16:55:18,046 [INFO] Sent 890000 / 2229453  (39.9%)  elapsed=76.2s  throughput=11684 ev/s
2026-07-04 16:55:18,704 [INFO] Sent 895000 / 2229453  (40.1%)  elapsed=76.8s  throughput=11649 ev/s
2026-07-04 16:55:18,964 [INFO] Sent 900000 / 2229453  (40.4%)  elapsed=77.1s  throughput=11675 ev/s
2026-07-04 16:55:19,232 [INFO] Sent 905000 / 2229453  (40.6%)  elapsed=77.4s  throughput=11699 ev/s
2026-07-04 16:55:19,518 [INFO] Sent 910000 / 2229453  (40.8%)  elapsed=77.6s  throughput=11720 ev/s
2026-07-04 16:55:20,229 [INFO] Sent 915000 / 2229453  (41.0%)  elapsed=78.4s  throughput=11678 ev/s
2026-07-04 16:55:20,518 [INFO] Sent 920000 / 2229453  (41.3%)  elapsed=78.6s  throughput=11698 ev/s
2026-07-04 16:55:20,864 [INFO] Sent 925000 / 2229453  (41.5%)  elapsed=79.0s  throughput=11710 ev/s
2026-07-04 16:55:21,274 [INFO] Sent 930000 / 2229453  (41.7%)  elapsed=79.4s  throughput=11713 ev/s
2026-07-04 16:55:21,888 [INFO] Sent 935000 / 2229453  (41.9%)  elapsed=80.0s  throughput=11686 ev/s
2026-07-04 16:55:22,151 [INFO] Sent 940000 / 2229453  (42.2%)  elapsed=80.3s  throughput=11710 ev/s
2026-07-04 16:55:22,427 [INFO] Sent 945000 / 2229453  (42.4%)  elapsed=80.6s  throughput=11732 ev/s
2026-07-04 16:55:22,708 [INFO] Sent 950000 / 2229453  (42.6%)  elapsed=80.8s  throughput=11753 ev/s
2026-07-04 16:55:23,411 [INFO] Sent 955000 / 2229453  (42.8%)  elapsed=81.5s  throughput=11713 ev/s
2026-07-04 16:55:23,665 [INFO] Sent 960000 / 2229453  (43.1%)  elapsed=81.8s  throughput=11737 ev/s
2026-07-04 16:55:23,943 [INFO] Sent 965000 / 2229453  (43.3%)  elapsed=82.1s  throughput=11759 ev/s
2026-07-04 16:55:24,273 [INFO] Sent 970000 / 2229453  (43.5%)  elapsed=82.4s  throughput=11772 ev/s
2026-07-04 16:55:24,967 [INFO] Sent 975000 / 2229453  (43.7%)  elapsed=83.1s  throughput=11734 ev/s
2026-07-04 16:55:25,256 [INFO] Sent 980000 / 2229453  (44.0%)  elapsed=83.4s  throughput=11753 ev/s
2026-07-04 16:55:25,552 [INFO] Sent 985000 / 2229453  (44.2%)  elapsed=83.7s  throughput=11772 ev/s
2026-07-04 16:55:26,445 [INFO] Sent 990000 / 2229453  (44.4%)  elapsed=84.6s  throughput=11706 ev/s
2026-07-04 16:55:26,765 [INFO] Sent 995000 / 2229453  (44.6%)  elapsed=84.9s  throughput=11721 ev/s
2026-07-04 16:55:27,030 [INFO] Sent 1000000 / 2229453  (44.9%)  elapsed=85.2s  throughput=11743 ev/s
2026-07-04 16:55:27,345 [INFO] Sent 1005000 / 2229453  (45.1%)  elapsed=85.5s  throughput=11759 ev/s
2026-07-04 16:55:27,949 [INFO] Sent 1010000 / 2229453  (45.3%)  elapsed=86.1s  throughput=11734 ev/s
2026-07-04 16:55:28,215 [INFO] Sent 1015000 / 2229453  (45.5%)  elapsed=86.3s  throughput=11756 ev/s
2026-07-04 16:55:28,494 [INFO] Sent 1020000 / 2229453  (45.8%)  elapsed=86.6s  throughput=11776 ev/s
2026-07-04 16:55:29,183 [INFO] Sent 1025000 / 2229453  (46.0%)  elapsed=87.3s  throughput=11740 ev/s
2026-07-04 16:55:29,475 [INFO] Sent 1030000 / 2229453  (46.2%)  elapsed=87.6s  throughput=11758 ev/s
2026-07-04 16:55:29,732 [INFO] Sent 1035000 / 2229453  (46.4%)  elapsed=87.9s  throughput=11780 ev/s
2026-07-04 16:55:29,998 [INFO] Sent 1040000 / 2229453  (46.6%)  elapsed=88.1s  throughput=11801 ev/s
2026-07-04 16:55:30,715 [INFO] Sent 1045000 / 2229453  (46.9%)  elapsed=88.8s  throughput=11763 ev/s
2026-07-04 16:55:31,116 [INFO] Sent 1050000 / 2229453  (47.1%)  elapsed=89.2s  throughput=11766 ev/s
2026-07-04 16:55:31,474 [INFO] Sent 1055000 / 2229453  (47.3%)  elapsed=89.6s  throughput=11774 ev/s
2026-07-04 16:55:31,741 [INFO] Sent 1060000 / 2229453  (47.5%)  elapsed=89.9s  throughput=11795 ev/s
2026-07-04 16:55:32,383 [INFO] Sent 1065000 / 2229453  (47.8%)  elapsed=90.5s  throughput=11767 ev/s
2026-07-04 16:55:32,647 [INFO] Sent 1070000 / 2229453  (48.0%)  elapsed=90.8s  throughput=11788 ev/s
2026-07-04 16:55:32,933 [INFO] Sent 1075000 / 2229453  (48.2%)  elapsed=91.1s  throughput=11805 ev/s
2026-07-04 16:55:33,204 [INFO] Sent 1080000 / 2229453  (48.4%)  elapsed=91.3s  throughput=11825 ev/s
2026-07-04 16:55:33,917 [INFO] Sent 1085000 / 2229453  (48.7%)  elapsed=92.0s  throughput=11788 ev/s
2026-07-04 16:55:34,197 [INFO] Sent 1090000 / 2229453  (48.9%)  elapsed=92.3s  throughput=11806 ev/s
2026-07-04 16:55:34,504 [INFO] Sent 1095000 / 2229453  (49.1%)  elapsed=92.6s  throughput=11821 ev/s
2026-07-04 16:55:34,787 [INFO] Sent 1100000 / 2229453  (49.3%)  elapsed=92.9s  throughput=11839 ev/s
2026-07-04 16:55:35,460 [INFO] Sent 1105000 / 2229453  (49.6%)  elapsed=93.6s  throughput=11807 ev/s
2026-07-04 16:55:35,804 [INFO] Sent 1110000 / 2229453  (49.8%)  elapsed=93.9s  throughput=11817 ev/s
2026-07-04 16:55:36,194 [INFO] Sent 1115000 / 2229453  (50.0%)  elapsed=94.3s  throughput=11821 ev/s
2026-07-04 16:55:36,848 [INFO] Sent 1120000 / 2229453  (50.2%)  elapsed=95.0s  throughput=11793 ev/s
2026-07-04 16:55:37,133 [INFO] Sent 1125000 / 2229453  (50.5%)  elapsed=95.3s  throughput=11810 ev/s
2026-07-04 16:55:37,415 [INFO] Sent 1130000 / 2229453  (50.7%)  elapsed=95.5s  throughput=11827 ev/s
2026-07-04 16:55:37,860 [INFO] Sent 1135000 / 2229453  (50.9%)  elapsed=96.0s  throughput=11824 ev/s
2026-07-04 16:55:38,454 [INFO] Sent 1140000 / 2229453  (51.1%)  elapsed=96.6s  throughput=11804 ev/s
2026-07-04 16:55:38,716 [INFO] Sent 1145000 / 2229453  (51.4%)  elapsed=96.8s  throughput=11823 ev/s
2026-07-04 16:55:38,982 [INFO] Sent 1150000 / 2229453  (51.6%)  elapsed=97.1s  throughput=11842 ev/s
2026-07-04 16:55:39,314 [INFO] Sent 1155000 / 2229453  (51.8%)  elapsed=97.4s  throughput=11853 ev/s
2026-07-04 16:55:39,946 [INFO] Sent 1160000 / 2229453  (52.0%)  elapsed=98.1s  throughput=11828 ev/s
2026-07-04 16:55:40,227 [INFO] Sent 1165000 / 2229453  (52.3%)  elapsed=98.4s  throughput=11845 ev/s
2026-07-04 16:55:40,518 [INFO] Sent 1170000 / 2229453  (52.5%)  elapsed=98.6s  throughput=11861 ev/s
2026-07-04 16:55:40,856 [INFO] Sent 1175000 / 2229453  (52.7%)  elapsed=99.0s  throughput=11871 ev/s
2026-07-04 16:55:41,742 [INFO] Sent 1180000 / 2229453  (52.9%)  elapsed=99.9s  throughput=11816 ev/s
2026-07-04 16:55:42,010 [INFO] Sent 1185000 / 2229453  (53.2%)  elapsed=100.1s  throughput=11834 ev/s
2026-07-04 16:55:42,275 [INFO] Sent 1190000 / 2229453  (53.4%)  elapsed=100.4s  throughput=11852 ev/s
2026-07-04 16:55:42,796 [INFO] Sent 1195000 / 2229453  (53.6%)  elapsed=100.9s  throughput=11841 ev/s
2026-07-04 16:55:43,078 [INFO] Sent 1200000 / 2229453  (53.8%)  elapsed=101.2s  throughput=11857 ev/s
2026-07-04 16:55:43,366 [INFO] Sent 1205000 / 2229453  (54.0%)  elapsed=101.5s  throughput=11873 ev/s
2026-07-04 16:55:43,642 [INFO] Sent 1210000 / 2229453  (54.3%)  elapsed=101.8s  throughput=11890 ev/s
2026-07-04 16:55:44,290 [INFO] Sent 1215000 / 2229453  (54.5%)  elapsed=102.4s  throughput=11863 ev/s
2026-07-04 16:55:44,548 [INFO] Sent 1220000 / 2229453  (54.7%)  elapsed=102.7s  throughput=11882 ev/s
2026-07-04 16:55:44,814 [INFO] Sent 1225000 / 2229453  (54.9%)  elapsed=102.9s  throughput=11900 ev/s
2026-07-04 16:55:45,099 [INFO] Sent 1230000 / 2229453  (55.2%)  elapsed=103.2s  throughput=11916 ev/s
2026-07-04 16:55:45,777 [INFO] Sent 1235000 / 2229453  (55.4%)  elapsed=103.9s  throughput=11886 ev/s
2026-07-04 16:55:46,220 [INFO] Sent 1240000 / 2229453  (55.6%)  elapsed=104.3s  throughput=11883 ev/s
2026-07-04 16:55:46,563 [INFO] Sent 1245000 / 2229453  (55.8%)  elapsed=104.7s  throughput=11892 ev/s
2026-07-04 16:55:46,849 [INFO] Sent 1250000 / 2229453  (56.1%)  elapsed=105.0s  throughput=11907 ev/s
2026-07-04 16:55:47,348 [INFO] Sent 1255000 / 2229453  (56.3%)  elapsed=105.5s  throughput=11899 ev/s
2026-07-04 16:55:47,611 [INFO] Sent 1260000 / 2229453  (56.5%)  elapsed=105.7s  throughput=11916 ev/s
2026-07-04 16:55:47,889 [INFO] Sent 1265000 / 2229453  (56.7%)  elapsed=106.0s  throughput=11932 ev/s
2026-07-04 16:55:48,164 [INFO] Sent 1270000 / 2229453  (57.0%)  elapsed=106.3s  throughput=11948 ev/s
2026-07-04 16:55:48,889 [INFO] Sent 1275000 / 2229453  (57.2%)  elapsed=107.0s  throughput=11914 ev/s
2026-07-04 16:55:49,129 [INFO] Sent 1280000 / 2229453  (57.4%)  elapsed=107.3s  throughput=11934 ev/s
2026-07-04 16:55:49,399 [INFO] Sent 1285000 / 2229453  (57.6%)  elapsed=107.5s  throughput=11951 ev/s
2026-07-04 16:55:49,663 [INFO] Sent 1290000 / 2229453  (57.9%)  elapsed=107.8s  throughput=11968 ev/s
2026-07-04 16:55:50,387 [INFO] Sent 1295000 / 2229453  (58.1%)  elapsed=108.5s  throughput=11934 ev/s
2026-07-04 16:55:50,763 [INFO] Sent 1300000 / 2229453  (58.3%)  elapsed=108.9s  throughput=11939 ev/s
2026-07-04 16:55:51,068 [INFO] Sent 1305000 / 2229453  (58.5%)  elapsed=109.2s  throughput=11951 ev/s
2026-07-04 16:55:51,545 [INFO] Sent 1310000 / 2229453  (58.8%)  elapsed=109.7s  throughput=11945 ev/s
2026-07-04 16:55:51,861 [INFO] Sent 1315000 / 2229453  (59.0%)  elapsed=110.0s  throughput=11956 ev/s
2026-07-04 16:55:52,145 [INFO] Sent 1320000 / 2229453  (59.2%)  elapsed=110.3s  throughput=11970 ev/s
2026-07-04 16:55:52,434 [INFO] Sent 1325000 / 2229453  (59.4%)  elapsed=110.6s  throughput=11984 ev/s
2026-07-04 16:55:52,794 [INFO] Sent 1330000 / 2229453  (59.7%)  elapsed=110.9s  throughput=11990 ev/s
2026-07-04 16:55:53,443 [INFO] Sent 1335000 / 2229453  (59.9%)  elapsed=111.6s  throughput=11966 ev/s
2026-07-04 16:55:53,704 [INFO] Sent 1340000 / 2229453  (60.1%)  elapsed=111.8s  throughput=11982 ev/s
2026-07-04 16:55:53,974 [INFO] Sent 1345000 / 2229453  (60.3%)  elapsed=112.1s  throughput=11998 ev/s
2026-07-04 16:55:54,289 [INFO] Sent 1350000 / 2229453  (60.6%)  elapsed=112.4s  throughput=12009 ev/s
2026-07-04 16:55:54,964 [INFO] Sent 1355000 / 2229453  (60.8%)  elapsed=113.1s  throughput=11982 ev/s
2026-07-04 16:55:55,240 [INFO] Sent 1360000 / 2229453  (61.0%)  elapsed=113.4s  throughput=11996 ev/s
2026-07-04 16:55:55,516 [INFO] Sent 1365000 / 2229453  (61.2%)  elapsed=113.6s  throughput=12011 ev/s
2026-07-04 16:55:55,788 [INFO] Sent 1370000 / 2229453  (61.5%)  elapsed=113.9s  throughput=12026 ev/s
2026-07-04 16:55:56,457 [INFO] Sent 1375000 / 2229453  (61.7%)  elapsed=114.6s  throughput=12000 ev/s
2026-07-04 16:55:56,721 [INFO] Sent 1380000 / 2229453  (61.9%)  elapsed=114.8s  throughput=12016 ev/s
2026-07-04 16:55:57,000 [INFO] Sent 1385000 / 2229453  (62.1%)  elapsed=115.1s  throughput=12030 ev/s
2026-07-04 16:55:57,727 [INFO] Sent 1390000 / 2229453  (62.3%)  elapsed=115.9s  throughput=11998 ev/s
2026-07-04 16:55:57,987 [INFO] Sent 1395000 / 2229453  (62.6%)  elapsed=116.1s  throughput=12014 ev/s
2026-07-04 16:55:58,255 [INFO] Sent 1400000 / 2229453  (62.8%)  elapsed=116.4s  throughput=12029 ev/s
2026-07-04 16:55:58,536 [INFO] Sent 1405000 / 2229453  (63.0%)  elapsed=116.7s  throughput=12043 ev/s
2026-07-04 16:55:59,275 [INFO] Sent 1410000 / 2229453  (63.2%)  elapsed=117.4s  throughput=12010 ev/s
2026-07-04 16:55:59,521 [INFO] Sent 1415000 / 2229453  (63.5%)  elapsed=117.7s  throughput=12027 ev/s
2026-07-04 16:55:59,788 [INFO] Sent 1420000 / 2229453  (63.7%)  elapsed=117.9s  throughput=12042 ev/s
2026-07-04 16:56:00,069 [INFO] Sent 1425000 / 2229453  (63.9%)  elapsed=118.2s  throughput=12056 ev/s
2026-07-04 16:56:00,752 [INFO] Sent 1430000 / 2229453  (64.1%)  elapsed=118.9s  throughput=12029 ev/s
2026-07-04 16:56:01,011 [INFO] Sent 1435000 / 2229453  (64.4%)  elapsed=119.1s  throughput=12045 ev/s
2026-07-04 16:56:01,459 [INFO] Sent 1440000 / 2229453  (64.6%)  elapsed=119.6s  throughput=12041 ev/s
2026-07-04 16:56:01,780 [INFO] Sent 1445000 / 2229453  (64.8%)  elapsed=119.9s  throughput=12051 ev/s
2026-07-04 16:56:02,223 [INFO] Sent 1450000 / 2229453  (65.0%)  elapsed=120.4s  throughput=12048 ev/s
2026-07-04 16:56:02,491 [INFO] Sent 1455000 / 2229453  (65.3%)  elapsed=120.6s  throughput=12063 ev/s
2026-07-04 16:56:02,785 [INFO] Sent 1460000 / 2229453  (65.5%)  elapsed=120.9s  throughput=12075 ev/s
2026-07-04 16:56:03,083 [INFO] Sent 1465000 / 2229453  (65.7%)  elapsed=121.2s  throughput=12086 ev/s
2026-07-04 16:56:03,815 [INFO] Sent 1470000 / 2229453  (65.9%)  elapsed=121.9s  throughput=12055 ev/s
2026-07-04 16:56:04,065 [INFO] Sent 1475000 / 2229453  (66.2%)  elapsed=122.2s  throughput=12071 ev/s
2026-07-04 16:56:04,339 [INFO] Sent 1480000 / 2229453  (66.4%)  elapsed=122.5s  throughput=12085 ev/s
2026-07-04 16:56:04,601 [INFO] Sent 1485000 / 2229453  (66.6%)  elapsed=122.7s  throughput=12100 ev/s
2026-07-04 16:56:05,313 [INFO] Sent 1490000 / 2229453  (66.8%)  elapsed=123.4s  throughput=12070 ev/s
2026-07-04 16:56:05,589 [INFO] Sent 1495000 / 2229453  (67.1%)  elapsed=123.7s  throughput=12084 ev/s
2026-07-04 16:56:05,942 [INFO] Sent 1500000 / 2229453  (67.3%)  elapsed=124.1s  throughput=12090 ev/s
2026-07-04 16:56:06,319 [INFO] Sent 1505000 / 2229453  (67.5%)  elapsed=124.4s  throughput=12093 ev/s
2026-07-04 16:56:06,800 [INFO] Sent 1510000 / 2229453  (67.7%)  elapsed=124.9s  throughput=12087 ev/s
2026-07-04 16:56:07,074 [INFO] Sent 1515000 / 2229453  (68.0%)  elapsed=125.2s  throughput=12100 ev/s
2026-07-04 16:56:07,352 [INFO] Sent 1520000 / 2229453  (68.2%)  elapsed=125.5s  throughput=12113 ev/s
2026-07-04 16:56:07,615 [INFO] Sent 1525000 / 2229453  (68.4%)  elapsed=125.7s  throughput=12128 ev/s
2026-07-04 16:56:08,374 [INFO] Sent 1530000 / 2229453  (68.6%)  elapsed=126.5s  throughput=12094 ev/s
2026-07-04 16:56:08,619 [INFO] Sent 1535000 / 2229453  (68.9%)  elapsed=126.7s  throughput=12111 ev/s
2026-07-04 16:56:08,889 [INFO] Sent 1540000 / 2229453  (69.1%)  elapsed=127.0s  throughput=12124 ev/s
2026-07-04 16:56:09,188 [INFO] Sent 1545000 / 2229453  (69.3%)  elapsed=127.3s  throughput=12135 ev/s
2026-07-04 16:56:09,883 [INFO] Sent 1550000 / 2229453  (69.5%)  elapsed=128.0s  throughput=12108 ev/s
2026-07-04 16:56:10,143 [INFO] Sent 1555000 / 2229453  (69.7%)  elapsed=128.3s  throughput=12123 ev/s
2026-07-04 16:56:10,418 [INFO] Sent 1560000 / 2229453  (70.0%)  elapsed=128.5s  throughput=12136 ev/s
2026-07-04 16:56:10,709 [INFO] Sent 1565000 / 2229453  (70.2%)  elapsed=128.8s  throughput=12147 ev/s
2026-07-04 16:56:11,408 [INFO] Sent 1570000 / 2229453  (70.4%)  elapsed=129.5s  throughput=12120 ev/s
2026-07-04 16:56:11,688 [INFO] Sent 1575000 / 2229453  (70.6%)  elapsed=129.8s  throughput=12132 ev/s
2026-07-04 16:56:11,965 [INFO] Sent 1580000 / 2229453  (70.9%)  elapsed=130.1s  throughput=12145 ev/s
2026-07-04 16:56:12,243 [INFO] Sent 1585000 / 2229453  (71.1%)  elapsed=130.4s  throughput=12157 ev/s
2026-07-04 16:56:12,851 [INFO] Sent 1590000 / 2229453  (71.3%)  elapsed=131.0s  throughput=12139 ev/s
2026-07-04 16:56:13,131 [INFO] Sent 1595000 / 2229453  (71.5%)  elapsed=131.3s  throughput=12151 ev/s
2026-07-04 16:56:13,435 [INFO] Sent 1600000 / 2229453  (71.8%)  elapsed=131.6s  throughput=12161 ev/s
2026-07-04 16:56:13,788 [INFO] Sent 1605000 / 2229453  (72.0%)  elapsed=131.9s  throughput=12167 ev/s
2026-07-04 16:56:14,441 [INFO] Sent 1610000 / 2229453  (72.2%)  elapsed=132.6s  throughput=12144 ev/s
2026-07-04 16:56:14,700 [INFO] Sent 1615000 / 2229453  (72.4%)  elapsed=132.8s  throughput=12158 ev/s
2026-07-04 16:56:14,974 [INFO] Sent 1620000 / 2229453  (72.7%)  elapsed=133.1s  throughput=12171 ev/s
2026-07-04 16:56:15,290 [INFO] Sent 1625000 / 2229453  (72.9%)  elapsed=133.4s  throughput=12180 ev/s
2026-07-04 16:56:16,095 [INFO] Sent 1630000 / 2229453  (73.1%)  elapsed=134.2s  throughput=12144 ev/s
2026-07-04 16:56:16,445 [INFO] Sent 1635000 / 2229453  (73.3%)  elapsed=134.6s  throughput=12149 ev/s
2026-07-04 16:56:16,731 [INFO] Sent 1640000 / 2229453  (73.6%)  elapsed=134.9s  throughput=12161 ev/s
2026-07-04 16:56:16,993 [INFO] Sent 1645000 / 2229453  (73.8%)  elapsed=135.1s  throughput=12174 ev/s
2026-07-04 16:56:17,428 [INFO] Sent 1650000 / 2229453  (74.0%)  elapsed=135.6s  throughput=12172 ev/s
2026-07-04 16:56:17,721 [INFO] Sent 1655000 / 2229453  (74.2%)  elapsed=135.9s  throughput=12182 ev/s
2026-07-04 16:56:17,985 [INFO] Sent 1660000 / 2229453  (74.5%)  elapsed=136.1s  throughput=12196 ev/s
2026-07-04 16:56:18,739 [INFO] Sent 1665000 / 2229453  (74.7%)  elapsed=136.9s  throughput=12165 ev/s
2026-07-04 16:56:19,002 [INFO] Sent 1670000 / 2229453  (74.9%)  elapsed=137.1s  throughput=12178 ev/s
2026-07-04 16:56:19,262 [INFO] Sent 1675000 / 2229453  (75.1%)  elapsed=137.4s  throughput=12191 ev/s
2026-07-04 16:56:19,539 [INFO] Sent 1680000 / 2229453  (75.4%)  elapsed=137.7s  throughput=12203 ev/s
2026-07-04 16:56:20,283 [INFO] Sent 1685000 / 2229453  (75.6%)  elapsed=138.4s  throughput=12174 ev/s
2026-07-04 16:56:20,571 [INFO] Sent 1690000 / 2229453  (75.8%)  elapsed=138.7s  throughput=12185 ev/s
2026-07-04 16:56:20,848 [INFO] Sent 1695000 / 2229453  (76.0%)  elapsed=139.0s  throughput=12196 ev/s
2026-07-04 16:56:21,219 [INFO] Sent 1700000 / 2229453  (76.3%)  elapsed=139.3s  throughput=12200 ev/s
2026-07-04 16:56:21,784 [INFO] Sent 1705000 / 2229453  (76.5%)  elapsed=139.9s  throughput=12186 ev/s
2026-07-04 16:56:22,056 [INFO] Sent 1710000 / 2229453  (76.7%)  elapsed=140.2s  throughput=12198 ev/s
2026-07-04 16:56:22,313 [INFO] Sent 1715000 / 2229453  (76.9%)  elapsed=140.4s  throughput=12211 ev/s
2026-07-04 16:56:22,573 [INFO] Sent 1720000 / 2229453  (77.1%)  elapsed=140.7s  throughput=12224 ev/s
2026-07-04 16:56:23,251 [INFO] Sent 1725000 / 2229453  (77.4%)  elapsed=141.4s  throughput=12201 ev/s
2026-07-04 16:56:23,530 [INFO] Sent 1730000 / 2229453  (77.6%)  elapsed=141.7s  throughput=12212 ev/s
2026-07-04 16:56:23,819 [INFO] Sent 1735000 / 2229453  (77.8%)  elapsed=141.9s  throughput=12223 ev/s
2026-07-04 16:56:24,110 [INFO] Sent 1740000 / 2229453  (78.0%)  elapsed=142.2s  throughput=12233 ev/s
2026-07-04 16:56:24,843 [INFO] Sent 1745000 / 2229453  (78.3%)  elapsed=143.0s  throughput=12205 ev/s
2026-07-04 16:56:25,101 [INFO] Sent 1750000 / 2229453  (78.5%)  elapsed=143.2s  throughput=12218 ev/s
2026-07-04 16:56:25,376 [INFO] Sent 1755000 / 2229453  (78.7%)  elapsed=143.5s  throughput=12229 ev/s
2026-07-04 16:56:25,663 [INFO] Sent 1760000 / 2229453  (78.9%)  elapsed=143.8s  throughput=12240 ev/s
2026-07-04 16:56:26,376 [INFO] Sent 1765000 / 2229453  (79.2%)  elapsed=144.5s  throughput=12214 ev/s
2026-07-04 16:56:26,663 [INFO] Sent 1770000 / 2229453  (79.4%)  elapsed=144.8s  throughput=12224 ev/s
2026-07-04 16:56:26,948 [INFO] Sent 1775000 / 2229453  (79.6%)  elapsed=145.1s  throughput=12235 ev/s
2026-07-04 16:56:27,211 [INFO] Sent 1780000 / 2229453  (79.8%)  elapsed=145.3s  throughput=12247 ev/s
2026-07-04 16:56:27,818 [INFO] Sent 1785000 / 2229453  (80.1%)  elapsed=145.9s  throughput=12230 ev/s
2026-07-04 16:56:28,069 [INFO] Sent 1790000 / 2229453  (80.3%)  elapsed=146.2s  throughput=12244 ev/s
2026-07-04 16:56:28,354 [INFO] Sent 1795000 / 2229453  (80.5%)  elapsed=146.5s  throughput=12254 ev/s
2026-07-04 16:56:28,642 [INFO] Sent 1800000 / 2229453  (80.7%)  elapsed=146.8s  throughput=12264 ev/s
2026-07-04 16:56:29,386 [INFO] Sent 1805000 / 2229453  (81.0%)  elapsed=147.5s  throughput=12236 ev/s
2026-07-04 16:56:29,679 [INFO] Sent 1810000 / 2229453  (81.2%)  elapsed=147.8s  throughput=12245 ev/s
2026-07-04 16:56:29,982 [INFO] Sent 1815000 / 2229453  (81.4%)  elapsed=148.1s  throughput=12254 ev/s
2026-07-04 16:56:30,262 [INFO] Sent 1820000 / 2229453  (81.6%)  elapsed=148.4s  throughput=12265 ev/s
2026-07-04 16:56:30,929 [INFO] Sent 1825000 / 2229453  (81.9%)  elapsed=149.1s  throughput=12243 ev/s
2026-07-04 16:56:31,247 [INFO] Sent 1830000 / 2229453  (82.1%)  elapsed=149.4s  throughput=12251 ev/s
2026-07-04 16:56:31,709 [INFO] Sent 1835000 / 2229453  (82.3%)  elapsed=149.8s  throughput=12246 ev/s
2026-07-04 16:56:31,980 [INFO] Sent 1840000 / 2229453  (82.5%)  elapsed=150.1s  throughput=12258 ev/s
2026-07-04 16:56:32,424 [INFO] Sent 1845000 / 2229453  (82.8%)  elapsed=150.6s  throughput=12255 ev/s
2026-07-04 16:56:32,676 [INFO] Sent 1850000 / 2229453  (83.0%)  elapsed=150.8s  throughput=12267 ev/s
2026-07-04 16:56:32,922 [INFO] Sent 1855000 / 2229453  (83.2%)  elapsed=151.1s  throughput=12280 ev/s
2026-07-04 16:56:33,194 [INFO] Sent 1860000 / 2229453  (83.4%)  elapsed=151.3s  throughput=12291 ev/s
2026-07-04 16:56:33,916 [INFO] Sent 1865000 / 2229453  (83.7%)  elapsed=152.0s  throughput=12266 ev/s
2026-07-04 16:56:34,186 [INFO] Sent 1870000 / 2229453  (83.9%)  elapsed=152.3s  throughput=12277 ev/s
2026-07-04 16:56:34,490 [INFO] Sent 1875000 / 2229453  (84.1%)  elapsed=152.6s  throughput=12285 ev/s
2026-07-04 16:56:35,275 [INFO] Sent 1880000 / 2229453  (84.3%)  elapsed=153.4s  throughput=12255 ev/s
2026-07-04 16:56:35,562 [INFO] Sent 1885000 / 2229453  (84.5%)  elapsed=153.7s  throughput=12265 ev/s
2026-07-04 16:56:35,829 [INFO] Sent 1890000 / 2229453  (84.8%)  elapsed=154.0s  throughput=12276 ev/s
2026-07-04 16:56:36,101 [INFO] Sent 1895000 / 2229453  (85.0%)  elapsed=154.2s  throughput=12287 ev/s
2026-07-04 16:56:36,753 [INFO] Sent 1900000 / 2229453  (85.2%)  elapsed=154.9s  throughput=12267 ev/s
2026-07-04 16:56:37,020 [INFO] Sent 1905000 / 2229453  (85.4%)  elapsed=155.2s  throughput=12278 ev/s
2026-07-04 16:56:37,277 [INFO] Sent 1910000 / 2229453  (85.7%)  elapsed=155.4s  throughput=12290 ev/s
2026-07-04 16:56:37,532 [INFO] Sent 1915000 / 2229453  (85.9%)  elapsed=155.7s  throughput=12302 ev/s
2026-07-04 16:56:38,241 [INFO] Sent 1920000 / 2229453  (86.1%)  elapsed=156.4s  throughput=12278 ev/s
2026-07-04 16:56:38,491 [INFO] Sent 1925000 / 2229453  (86.3%)  elapsed=156.6s  throughput=12291 ev/s
2026-07-04 16:56:38,768 [INFO] Sent 1930000 / 2229453  (86.6%)  elapsed=156.9s  throughput=12301 ev/s
2026-07-04 16:56:39,065 [INFO] Sent 1935000 / 2229453  (86.8%)  elapsed=157.2s  throughput=12309 ev/s
2026-07-04 16:56:39,819 [INFO] Sent 1940000 / 2229453  (87.0%)  elapsed=158.0s  throughput=12282 ev/s
2026-07-04 16:56:40,127 [INFO] Sent 1945000 / 2229453  (87.2%)  elapsed=158.3s  throughput=12290 ev/s
2026-07-04 16:56:40,435 [INFO] Sent 1950000 / 2229453  (87.5%)  elapsed=158.6s  throughput=12298 ev/s
2026-07-04 16:56:40,734 [INFO] Sent 1955000 / 2229453  (87.7%)  elapsed=158.9s  throughput=12306 ev/s
2026-07-04 16:56:41,489 [INFO] Sent 1960000 / 2229453  (87.9%)  elapsed=159.6s  throughput=12279 ev/s
2026-07-04 16:56:41,845 [INFO] Sent 1965000 / 2229453  (88.1%)  elapsed=160.0s  throughput=12283 ev/s
2026-07-04 16:56:42,128 [INFO] Sent 1970000 / 2229453  (88.4%)  elapsed=160.3s  throughput=12293 ev/s
2026-07-04 16:56:42,397 [INFO] Sent 1975000 / 2229453  (88.6%)  elapsed=160.5s  throughput=12303 ev/s
2026-07-04 16:56:42,827 [INFO] Sent 1980000 / 2229453  (88.8%)  elapsed=161.0s  throughput=12301 ev/s
2026-07-04 16:56:43,094 [INFO] Sent 1985000 / 2229453  (89.0%)  elapsed=161.2s  throughput=12312 ev/s
2026-07-04 16:56:43,377 [INFO] Sent 1990000 / 2229453  (89.3%)  elapsed=161.5s  throughput=12321 ev/s
2026-07-04 16:56:43,642 [INFO] Sent 1995000 / 2229453  (89.5%)  elapsed=161.8s  throughput=12332 ev/s
2026-07-04 16:56:44,317 [INFO] Sent 2000000 / 2229453  (89.7%)  elapsed=162.4s  throughput=12312 ev/s
2026-07-04 16:56:44,591 [INFO] Sent 2005000 / 2229453  (89.9%)  elapsed=162.7s  throughput=12322 ev/s
2026-07-04 16:56:44,883 [INFO] Sent 2010000 / 2229453  (90.2%)  elapsed=163.0s  throughput=12330 ev/s
2026-07-04 16:56:45,235 [INFO] Sent 2015000 / 2229453  (90.4%)  elapsed=163.4s  throughput=12334 ev/s
2026-07-04 16:56:45,965 [INFO] Sent 2020000 / 2229453  (90.6%)  elapsed=164.1s  throughput=12310 ev/s
2026-07-04 16:56:46,316 [INFO] Sent 2025000 / 2229453  (90.8%)  elapsed=164.4s  throughput=12314 ev/s
2026-07-04 16:56:46,843 [INFO] Sent 2030000 / 2229453  (91.1%)  elapsed=165.0s  throughput=12305 ev/s
2026-07-04 16:56:47,154 [INFO] Sent 2035000 / 2229453  (91.3%)  elapsed=165.3s  throughput=12312 ev/s
2026-07-04 16:56:47,433 [INFO] Sent 2040000 / 2229453  (91.5%)  elapsed=165.6s  throughput=12321 ev/s
2026-07-04 16:56:47,709 [INFO] Sent 2045000 / 2229453  (91.7%)  elapsed=165.8s  throughput=12331 ev/s
2026-07-04 16:56:47,980 [INFO] Sent 2050000 / 2229453  (92.0%)  elapsed=166.1s  throughput=12341 ev/s
2026-07-04 16:56:48,245 [INFO] Sent 2055000 / 2229453  (92.2%)  elapsed=166.4s  throughput=12351 ev/s
2026-07-04 16:56:48,918 [INFO] Sent 2060000 / 2229453  (92.4%)  elapsed=167.1s  throughput=12332 ev/s
2026-07-04 16:56:49,178 [INFO] Sent 2065000 / 2229453  (92.6%)  elapsed=167.3s  throughput=12342 ev/s
2026-07-04 16:56:49,456 [INFO] Sent 2070000 / 2229453  (92.8%)  elapsed=167.6s  throughput=12352 ev/s
2026-07-04 16:56:50,207 [INFO] Sent 2075000 / 2229453  (93.1%)  elapsed=168.3s  throughput=12326 ev/s
2026-07-04 16:56:50,498 [INFO] Sent 2080000 / 2229453  (93.3%)  elapsed=168.6s  throughput=12335 ev/s
2026-07-04 16:56:50,774 [INFO] Sent 2085000 / 2229453  (93.5%)  elapsed=168.9s  throughput=12344 ev/s
2026-07-04 16:56:51,039 [INFO] Sent 2090000 / 2229453  (93.7%)  elapsed=169.2s  throughput=12354 ev/s
2026-07-04 16:56:51,800 [INFO] Sent 2095000 / 2229453  (94.0%)  elapsed=169.9s  throughput=12328 ev/s
2026-07-04 16:56:52,086 [INFO] Sent 2100000 / 2229453  (94.2%)  elapsed=170.2s  throughput=12337 ev/s
2026-07-04 16:56:52,358 [INFO] Sent 2105000 / 2229453  (94.4%)  elapsed=170.5s  throughput=12347 ev/s
2026-07-04 16:56:52,629 [INFO] Sent 2110000 / 2229453  (94.6%)  elapsed=170.8s  throughput=12356 ev/s
2026-07-04 16:56:53,261 [INFO] Sent 2115000 / 2229453  (94.9%)  elapsed=171.4s  throughput=12340 ev/s
2026-07-04 16:56:53,530 [INFO] Sent 2120000 / 2229453  (95.1%)  elapsed=171.7s  throughput=12350 ev/s
2026-07-04 16:56:53,788 [INFO] Sent 2125000 / 2229453  (95.3%)  elapsed=171.9s  throughput=12360 ev/s
2026-07-04 16:56:54,061 [INFO] Sent 2130000 / 2229453  (95.5%)  elapsed=172.2s  throughput=12370 ev/s
2026-07-04 16:56:54,746 [INFO] Sent 2135000 / 2229453  (95.8%)  elapsed=172.9s  throughput=12350 ev/s
2026-07-04 16:56:55,006 [INFO] Sent 2140000 / 2229453  (96.0%)  elapsed=173.1s  throughput=12360 ev/s
2026-07-04 16:56:55,307 [INFO] Sent 2145000 / 2229453  (96.2%)  elapsed=173.4s  throughput=12367 ev/s
2026-07-04 16:56:55,617 [INFO] Sent 2150000 / 2229453  (96.4%)  elapsed=173.7s  throughput=12374 ev/s
2026-07-04 16:56:56,379 [INFO] Sent 2155000 / 2229453  (96.7%)  elapsed=174.5s  throughput=12349 ev/s
2026-07-04 16:56:56,703 [INFO] Sent 2160000 / 2229453  (96.9%)  elapsed=174.8s  throughput=12355 ev/s
2026-07-04 16:56:57,177 [INFO] Sent 2165000 / 2229453  (97.1%)  elapsed=175.3s  throughput=12350 ev/s
2026-07-04 16:56:57,522 [INFO] Sent 2170000 / 2229453  (97.3%)  elapsed=175.7s  throughput=12354 ev/s
2026-07-04 16:56:57,847 [INFO] Sent 2175000 / 2229453  (97.6%)  elapsed=176.0s  throughput=12359 ev/s
2026-07-04 16:56:58,100 [INFO] Sent 2180000 / 2229453  (97.8%)  elapsed=176.2s  throughput=12370 ev/s
2026-07-04 16:56:58,371 [INFO] Sent 2185000 / 2229453  (98.0%)  elapsed=176.5s  throughput=12379 ev/s
2026-07-04 16:56:58,642 [INFO] Sent 2190000 / 2229453  (98.2%)  elapsed=176.8s  throughput=12388 ev/s
2026-07-04 16:56:59,336 [INFO] Sent 2195000 / 2229453  (98.5%)  elapsed=177.5s  throughput=12368 ev/s
2026-07-04 16:56:59,617 [INFO] Sent 2200000 / 2229453  (98.7%)  elapsed=177.8s  throughput=12377 ev/s
2026-07-04 16:56:59,890 [INFO] Sent 2205000 / 2229453  (98.9%)  elapsed=178.0s  throughput=12386 ev/s
2026-07-04 16:57:00,204 [INFO] Sent 2210000 / 2229453  (99.1%)  elapsed=178.3s  throughput=12392 ev/s
2026-07-04 16:57:00,918 [INFO] Sent 2215000 / 2229453  (99.4%)  elapsed=179.1s  throughput=12371 ev/s
2026-07-04 16:57:01,197 [INFO] Sent 2220000 / 2229453  (99.6%)  elapsed=179.3s  throughput=12379 ev/s
2026-07-04 16:57:01,616 [INFO] Sent 2225000 / 2229453  (99.8%)  elapsed=179.8s  throughput=12378 ev/s
2026-07-04 16:57:01,879 [INFO] Replay complete: 2229453 events in 180.0 s (avg 12385 ev/s) — delayed: 669142 (30.0%)
2026-07-04 16:57:01,880 [INFO] Out-of-order emitted: 146204 events (6.56% of emitted events)
2026-07-04 16:57:01,895 [INFO] End-of-stream markers sent to 4 partition(s) (event_time=2200-01-01 00:00:00+00:00) — final event-time windows will flush at the next checkpoint.
2026-07-04 16:57:01,895 [INFO] <KafkaProducer client_id=kafka-python-producer-1 transactional_id=None>: Closing the Kafka producer with 9223372036.0 secs timeout.
2026-07-04 16:57:01,896 [INFO] <BrokerConnection client_id=kafka-python-producer-1, node_id=1 host=kafka:9092 <connected> [IPv4 ('172.18.0.2', 9092)]>: Closing connection. 
2026-07-04 16:57:01,897 [INFO] <BrokerConnection client_id=kafka-python-producer-1, node_id=2 host=kafka2:9092 <connected> [IPv4 ('172.18.0.6', 9092)]>: Closing connection. 
2026-07-04 16:57:01,899 [INFO] Producer closed.
