2026-07-03 19:39:33,680 [INFO] Producer log   : /opt/flink/results/experiments/05_wm_safe/producer.log
2026-07-03 19:39:33,680 [INFO] Random seed    : 42
2026-07-03 19:39:33,680 [INFO] === Flight Event Producer ===
2026-07-03 19:39:33,681 [INFO]  Prepared data : /prepared/flights_prepared.csv
2026-07-03 19:39:33,681 [INFO]  Kafka brokers : kafka:9092
2026-07-03 19:39:33,681 [INFO]  Topic         : flights
2026-07-03 19:39:33,681 [INFO]  Acceleration  : 57600x
2026-07-03 19:39:33,682 [INFO]  Flush every   : 5000 events
2026-07-03 19:39:33,682 [INFO]  Log every     : 100000 events
2026-07-03 19:39:33,682 [INFO]  Out-of-order  : 30% of events, delivery delayed up to 3600s (event time)
2026-07-03 19:39:33,682 [INFO]  Holdback dist : uniform
2026-07-03 19:39:33,683 [INFO]  End-of-stream : marker per partition
2026-07-03 19:39:33,684 [INFO] <BrokerConnection client_id=kafka-python-2.3.2, node_id=bootstrap-0 host=kafka:9092 <connecting> [IPv4 ('172.18.0.2', 9092)]>: connecting to kafka:9092 [('172.18.0.2', 9092) IPv4]
2026-07-03 19:39:33,686 [INFO] <BrokerConnection client_id=kafka-python-2.3.2, node_id=bootstrap-0 host=kafka:9092 <checking_api_versions_recv> [IPv4 ('172.18.0.2', 9092)]>: Broker version identified as 2.6
2026-07-03 19:39:33,686 [INFO] <BrokerConnection client_id=kafka-python-2.3.2, node_id=bootstrap-0 host=kafka:9092 <connected> [IPv4 ('172.18.0.2', 9092)]>: Connection complete.
2026-07-03 19:39:33,689 [INFO] <BrokerConnection client_id=kafka-python-2.3.2, node_id=1 host=kafka:9092 <connecting> [IPv4 ('172.18.0.2', 9092)]>: connecting to kafka:9092 [('172.18.0.2', 9092) IPv4]
2026-07-03 19:39:33,689 [INFO] <BrokerConnection client_id=kafka-python-2.3.2, node_id=1 host=kafka:9092 <connected> [IPv4 ('172.18.0.2', 9092)]>: Connection complete.
2026-07-03 19:39:33,689 [INFO] <BrokerConnection client_id=kafka-python-2.3.2, node_id=bootstrap-0 host=kafka:9092 <connected> [IPv4 ('172.18.0.2', 9092)]>: Closing connection. 
2026-07-03 19:39:33,791 [INFO] <BrokerConnection client_id=kafka-python-2.3.2, node_id=1 host=kafka:9092 <connected> [IPv4 ('172.18.0.2', 9092)]>: Closing connection. 
2026-07-03 19:39:33,791 [INFO] Loading prepared dataset /prepared/flights_prepared.csv …
2026-07-03 19:39:35,300 [INFO] Loaded 2229453 prepared events
2026-07-03 19:39:35,301 [INFO] Event range: 2025-01-01 00:10:00+00:00 → 2025-04-30 23:59:00+00:00 (120.0 days)
2026-07-03 19:39:35,301 [INFO] Estimated replay duration at 57600x: 3.0 minutes
2026-07-03 19:39:35,303 [INFO] <BrokerConnection client_id=kafka-python-producer-1, node_id=bootstrap-0 host=kafka:9092 <connecting> [IPv4 ('172.18.0.2', 9092)]>: connecting to kafka:9092 [('172.18.0.2', 9092) IPv4]
2026-07-03 19:39:35,304 [INFO] <BrokerConnection client_id=kafka-python-producer-1, node_id=bootstrap-0 host=kafka:9092 <checking_api_versions_recv> [IPv4 ('172.18.0.2', 9092)]>: Broker version identified as 2.6
2026-07-03 19:39:35,305 [INFO] <BrokerConnection client_id=kafka-python-producer-1, node_id=bootstrap-0 host=kafka:9092 <connected> [IPv4 ('172.18.0.2', 9092)]>: Connection complete.
2026-07-03 19:39:35,407 [INFO] <BrokerConnection client_id=kafka-python-producer-1, node_id=1 host=kafka:9092 <connecting> [IPv4 ('172.18.0.2', 9092)]>: connecting to kafka:9092 [('172.18.0.2', 9092) IPv4]
2026-07-03 19:39:35,407 [INFO] <BrokerConnection client_id=kafka-python-producer-1, node_id=1 host=kafka:9092 <connected> [IPv4 ('172.18.0.2', 9092)]>: Connection complete.
2026-07-03 19:39:35,408 [INFO] <BrokerConnection client_id=kafka-python-producer-1, node_id=bootstrap-0 host=kafka:9092 <connected> [IPv4 ('172.18.0.2', 9092)]>: Closing connection. 
2026-07-03 19:39:35,409 [INFO] Connected to Kafka (kafka:9092), topic 'flights'
2026-07-03 19:39:35,415 [INFO] Replay started: 2229453 events, factor=57600x, out-of-order prob=0.30, distribution=uniform, max delivery delay=3600s (event time)
2026-07-03 19:39:36,057 [INFO] Sent 5000 / 2229453  (0.2%)  elapsed=0.6s  throughput=7785 ev/s
2026-07-03 19:39:36,357 [INFO] Sent 10000 / 2229453  (0.4%)  elapsed=0.9s  throughput=10620 ev/s
2026-07-03 19:39:36,670 [INFO] Sent 15000 / 2229453  (0.7%)  elapsed=1.3s  throughput=11957 ev/s
2026-07-03 19:39:37,420 [INFO] Sent 20000 / 2229453  (0.9%)  elapsed=2.0s  throughput=9975 ev/s
2026-07-03 19:39:37,687 [INFO] Sent 25000 / 2229453  (1.1%)  elapsed=2.3s  throughput=11006 ev/s
2026-07-03 19:39:37,952 [INFO] Sent 30000 / 2229453  (1.3%)  elapsed=2.5s  throughput=11823 ev/s
2026-07-03 19:39:38,233 [INFO] Sent 35000 / 2229453  (1.6%)  elapsed=2.8s  throughput=12422 ev/s
2026-07-03 19:39:38,920 [INFO] Sent 40000 / 2229453  (1.8%)  elapsed=3.5s  throughput=11412 ev/s
2026-07-03 19:39:39,197 [INFO] Sent 45000 / 2229453  (2.0%)  elapsed=3.8s  throughput=11898 ev/s
2026-07-03 19:39:39,479 [INFO] Sent 50000 / 2229453  (2.2%)  elapsed=4.1s  throughput=12304 ev/s
2026-07-03 19:39:39,783 [INFO] Sent 55000 / 2229453  (2.5%)  elapsed=4.4s  throughput=12593 ev/s
2026-07-03 19:39:40,461 [INFO] Sent 60000 / 2229453  (2.7%)  elapsed=5.0s  throughput=11890 ev/s
2026-07-03 19:39:40,761 [INFO] Sent 65000 / 2229453  (2.9%)  elapsed=5.3s  throughput=12158 ev/s
2026-07-03 19:39:41,058 [INFO] Sent 70000 / 2229453  (3.1%)  elapsed=5.6s  throughput=12405 ev/s
2026-07-03 19:39:41,773 [INFO] Sent 75000 / 2229453  (3.4%)  elapsed=6.4s  throughput=11797 ev/s
2026-07-03 19:39:42,037 [INFO] Sent 80000 / 2229453  (3.6%)  elapsed=6.6s  throughput=12081 ev/s
2026-07-03 19:39:42,313 [INFO] Sent 85000 / 2229453  (3.8%)  elapsed=6.9s  throughput=12322 ev/s
2026-07-03 19:39:42,588 [INFO] Sent 90000 / 2229453  (4.0%)  elapsed=7.2s  throughput=12548 ev/s
2026-07-03 19:39:43,303 [INFO] Sent 95000 / 2229453  (4.3%)  elapsed=7.9s  throughput=12043 ev/s
2026-07-03 19:39:43,576 [INFO] Sent 100000 / 2229453  (4.5%)  elapsed=8.2s  throughput=12254 ev/s
2026-07-03 19:39:43,843 [INFO] Sent 105000 / 2229453  (4.7%)  elapsed=8.4s  throughput=12459 ev/s
2026-07-03 19:39:44,120 [INFO] Sent 110000 / 2229453  (4.9%)  elapsed=8.7s  throughput=12636 ev/s
2026-07-03 19:39:44,885 [INFO] Sent 115000 / 2229453  (5.2%)  elapsed=9.5s  throughput=12143 ev/s
2026-07-03 19:39:45,190 [INFO] Sent 120000 / 2229453  (5.4%)  elapsed=9.8s  throughput=12276 ev/s
2026-07-03 19:39:45,510 [INFO] Sent 125000 / 2229453  (5.6%)  elapsed=10.1s  throughput=12382 ev/s
2026-07-03 19:39:46,329 [INFO] Sent 130000 / 2229453  (5.8%)  elapsed=10.9s  throughput=11911 ev/s
2026-07-03 19:39:46,621 [INFO] Sent 135000 / 2229453  (6.1%)  elapsed=11.2s  throughput=12048 ev/s
2026-07-03 19:39:46,935 [INFO] Sent 140000 / 2229453  (6.3%)  elapsed=11.5s  throughput=12152 ev/s
2026-07-03 19:39:47,404 [INFO] Sent 145000 / 2229453  (6.5%)  elapsed=12.0s  throughput=12094 ev/s
2026-07-03 19:39:48,029 [INFO] Sent 150000 / 2229453  (6.7%)  elapsed=12.6s  throughput=11892 ev/s
2026-07-03 19:39:48,308 [INFO] Sent 155000 / 2229453  (7.0%)  elapsed=12.9s  throughput=12022 ev/s
2026-07-03 19:39:48,587 [INFO] Sent 160000 / 2229453  (7.2%)  elapsed=13.2s  throughput=12147 ev/s
2026-07-03 19:39:49,367 [INFO] Sent 165000 / 2229453  (7.4%)  elapsed=14.0s  throughput=11826 ev/s
2026-07-03 19:39:49,633 [INFO] Sent 170000 / 2229453  (7.6%)  elapsed=14.2s  throughput=11957 ev/s
2026-07-03 19:39:49,919 [INFO] Sent 175000 / 2229453  (7.8%)  elapsed=14.5s  throughput=12066 ev/s
2026-07-03 19:39:50,233 [INFO] Sent 180000 / 2229453  (8.1%)  elapsed=14.8s  throughput=12147 ev/s
2026-07-03 19:39:51,004 [INFO] Sent 185000 / 2229453  (8.3%)  elapsed=15.6s  throughput=11867 ev/s
2026-07-03 19:39:51,324 [INFO] Sent 190000 / 2229453  (8.5%)  elapsed=15.9s  throughput=11943 ev/s
2026-07-03 19:39:51,705 [INFO] Sent 195000 / 2229453  (8.7%)  elapsed=16.3s  throughput=11970 ev/s
2026-07-03 19:39:52,478 [INFO] Sent 200000 / 2229453  (9.0%)  elapsed=17.1s  throughput=11721 ev/s
2026-07-03 19:39:52,758 [INFO] Sent 205000 / 2229453  (9.2%)  elapsed=17.3s  throughput=11820 ev/s
2026-07-03 19:39:53,041 [INFO] Sent 210000 / 2229453  (9.4%)  elapsed=17.6s  throughput=11914 ev/s
2026-07-03 19:39:53,802 [INFO] Sent 215000 / 2229453  (9.6%)  elapsed=18.4s  throughput=11693 ev/s
2026-07-03 19:39:54,070 [INFO] Sent 220000 / 2229453  (9.9%)  elapsed=18.7s  throughput=11793 ev/s
2026-07-03 19:39:54,348 [INFO] Sent 225000 / 2229453  (10.1%)  elapsed=18.9s  throughput=11884 ev/s
2026-07-03 19:39:54,640 [INFO] Sent 230000 / 2229453  (10.3%)  elapsed=19.2s  throughput=11964 ev/s
2026-07-03 19:39:55,431 [INFO] Sent 235000 / 2229453  (10.5%)  elapsed=20.0s  throughput=11740 ev/s
2026-07-03 19:39:55,736 [INFO] Sent 240000 / 2229453  (10.8%)  elapsed=20.3s  throughput=11811 ev/s
2026-07-03 19:39:56,057 [INFO] Sent 245000 / 2229453  (11.0%)  elapsed=20.6s  throughput=11869 ev/s
2026-07-03 19:39:56,885 [INFO] Sent 250000 / 2229453  (11.2%)  elapsed=21.5s  throughput=11643 ev/s
2026-07-03 19:39:57,195 [INFO] Sent 255000 / 2229453  (11.4%)  elapsed=21.8s  throughput=11707 ev/s
2026-07-03 19:39:57,501 [INFO] Sent 260000 / 2229453  (11.7%)  elapsed=22.1s  throughput=11771 ev/s
2026-07-03 19:39:58,315 [INFO] Sent 265000 / 2229453  (11.9%)  elapsed=22.9s  throughput=11572 ev/s
2026-07-03 19:39:58,580 [INFO] Sent 270000 / 2229453  (12.1%)  elapsed=23.2s  throughput=11655 ev/s
2026-07-03 19:39:58,863 [INFO] Sent 275000 / 2229453  (12.3%)  elapsed=23.4s  throughput=11728 ev/s
2026-07-03 19:39:59,140 [INFO] Sent 280000 / 2229453  (12.6%)  elapsed=23.7s  throughput=11801 ev/s
2026-07-03 19:39:59,895 [INFO] Sent 285000 / 2229453  (12.8%)  elapsed=24.5s  throughput=11641 ev/s
2026-07-03 19:40:00,197 [INFO] Sent 290000 / 2229453  (13.0%)  elapsed=24.8s  throughput=11701 ev/s
2026-07-03 19:40:00,498 [INFO] Sent 295000 / 2229453  (13.2%)  elapsed=25.1s  throughput=11760 ev/s
2026-07-03 19:40:00,886 [INFO] Sent 300000 / 2229453  (13.5%)  elapsed=25.5s  throughput=11778 ev/s
2026-07-03 19:40:01,508 [INFO] Sent 305000 / 2229453  (13.7%)  elapsed=26.1s  throughput=11688 ev/s
2026-07-03 19:40:01,833 [INFO] Sent 310000 / 2229453  (13.9%)  elapsed=26.4s  throughput=11734 ev/s
2026-07-03 19:40:02,250 [INFO] Sent 315000 / 2229453  (14.1%)  elapsed=26.8s  throughput=11738 ev/s
2026-07-03 19:40:03,041 [INFO] Sent 320000 / 2229453  (14.4%)  elapsed=27.6s  throughput=11583 ev/s
2026-07-03 19:40:03,333 [INFO] Sent 325000 / 2229453  (14.6%)  elapsed=27.9s  throughput=11641 ev/s
2026-07-03 19:40:03,617 [INFO] Sent 330000 / 2229453  (14.8%)  elapsed=28.2s  throughput=11701 ev/s
2026-07-03 19:40:04,391 [INFO] Sent 335000 / 2229453  (15.0%)  elapsed=29.0s  throughput=11561 ev/s
2026-07-03 19:40:04,660 [INFO] Sent 340000 / 2229453  (15.3%)  elapsed=29.2s  throughput=11625 ev/s
2026-07-03 19:40:04,937 [INFO] Sent 345000 / 2229453  (15.5%)  elapsed=29.5s  throughput=11686 ev/s
2026-07-03 19:40:05,235 [INFO] Sent 350000 / 2229453  (15.7%)  elapsed=29.8s  throughput=11737 ev/s
2026-07-03 19:40:05,989 [INFO] Sent 355000 / 2229453  (15.9%)  elapsed=30.6s  throughput=11611 ev/s
2026-07-03 19:40:06,300 [INFO] Sent 360000 / 2229453  (16.1%)  elapsed=30.9s  throughput=11656 ev/s
2026-07-03 19:40:06,617 [INFO] Sent 365000 / 2229453  (16.4%)  elapsed=31.2s  throughput=11698 ev/s
2026-07-03 19:40:07,433 [INFO] Sent 370000 / 2229453  (16.6%)  elapsed=32.0s  throughput=11556 ev/s
2026-07-03 19:40:07,732 [INFO] Sent 375000 / 2229453  (16.8%)  elapsed=32.3s  throughput=11603 ev/s
2026-07-03 19:40:08,045 [INFO] Sent 380000 / 2229453  (17.0%)  elapsed=32.6s  throughput=11645 ev/s
2026-07-03 19:40:08,856 [INFO] Sent 385000 / 2229453  (17.3%)  elapsed=33.4s  throughput=11512 ev/s
2026-07-03 19:40:09,118 [INFO] Sent 390000 / 2229453  (17.5%)  elapsed=33.7s  throughput=11571 ev/s
2026-07-03 19:40:09,429 [INFO] Sent 395000 / 2229453  (17.7%)  elapsed=34.0s  throughput=11613 ev/s
2026-07-03 19:40:09,841 [INFO] Sent 400000 / 2229453  (17.9%)  elapsed=34.4s  throughput=11619 ev/s
2026-07-03 19:40:10,446 [INFO] Sent 405000 / 2229453  (18.2%)  elapsed=35.0s  throughput=11561 ev/s
2026-07-03 19:40:10,718 [INFO] Sent 410000 / 2229453  (18.4%)  elapsed=35.3s  throughput=11613 ev/s
2026-07-03 19:40:11,034 [INFO] Sent 415000 / 2229453  (18.6%)  elapsed=35.6s  throughput=11651 ev/s
2026-07-03 19:40:11,775 [INFO] Sent 420000 / 2229453  (18.8%)  elapsed=36.4s  throughput=11551 ev/s
2026-07-03 19:40:12,081 [INFO] Sent 425000 / 2229453  (19.1%)  elapsed=36.7s  throughput=11591 ev/s
2026-07-03 19:40:12,411 [INFO] Sent 430000 / 2229453  (19.3%)  elapsed=37.0s  throughput=11623 ev/s
2026-07-03 19:40:13,264 [INFO] Sent 435000 / 2229453  (19.5%)  elapsed=37.9s  throughput=11493 ev/s
2026-07-03 19:40:13,545 [INFO] Sent 440000 / 2229453  (19.7%)  elapsed=38.1s  throughput=11539 ev/s
2026-07-03 19:40:13,854 [INFO] Sent 445000 / 2229453  (20.0%)  elapsed=38.4s  throughput=11577 ev/s
2026-07-03 19:40:14,171 [INFO] Sent 450000 / 2229453  (20.2%)  elapsed=38.8s  throughput=11611 ev/s
2026-07-03 19:40:14,854 [INFO] Sent 455000 / 2229453  (20.4%)  elapsed=39.4s  throughput=11537 ev/s
2026-07-03 19:40:15,149 [INFO] Sent 460000 / 2229453  (20.6%)  elapsed=39.7s  throughput=11577 ev/s
2026-07-03 19:40:15,467 [INFO] Sent 465000 / 2229453  (20.9%)  elapsed=40.1s  throughput=11610 ev/s
2026-07-03 19:40:15,945 [INFO] Sent 470000 / 2229453  (21.1%)  elapsed=40.5s  throughput=11596 ev/s
2026-07-03 19:40:16,475 [INFO] Sent 475000 / 2229453  (21.3%)  elapsed=41.1s  throughput=11568 ev/s
2026-07-03 19:40:16,777 [INFO] Sent 480000 / 2229453  (21.5%)  elapsed=41.4s  throughput=11605 ev/s
2026-07-03 19:40:17,089 [INFO] Sent 485000 / 2229453  (21.8%)  elapsed=41.7s  throughput=11638 ev/s
2026-07-03 19:40:17,917 [INFO] Sent 490000 / 2229453  (22.0%)  elapsed=42.5s  throughput=11528 ev/s
2026-07-03 19:40:18,213 [INFO] Sent 495000 / 2229453  (22.2%)  elapsed=42.8s  throughput=11566 ev/s
2026-07-03 19:40:18,539 [INFO] Sent 500000 / 2229453  (22.4%)  elapsed=43.1s  throughput=11594 ev/s
2026-07-03 19:40:19,343 [INFO] Sent 505000 / 2229453  (22.7%)  elapsed=43.9s  throughput=11496 ev/s
2026-07-03 19:40:19,610 [INFO] Sent 510000 / 2229453  (22.9%)  elapsed=44.2s  throughput=11540 ev/s
2026-07-03 19:40:19,891 [INFO] Sent 515000 / 2229453  (23.1%)  elapsed=44.5s  throughput=11579 ev/s
2026-07-03 19:40:20,175 [INFO] Sent 520000 / 2229453  (23.3%)  elapsed=44.8s  throughput=11617 ev/s
2026-07-03 19:40:20,938 [INFO] Sent 525000 / 2229453  (23.5%)  elapsed=45.5s  throughput=11532 ev/s
2026-07-03 19:40:21,202 [INFO] Sent 530000 / 2229453  (23.8%)  elapsed=45.8s  throughput=11575 ev/s
2026-07-03 19:40:21,508 [INFO] Sent 535000 / 2229453  (24.0%)  elapsed=46.1s  throughput=11607 ev/s
2026-07-03 19:40:22,263 [INFO] Sent 540000 / 2229453  (24.2%)  elapsed=46.8s  throughput=11526 ev/s
2026-07-03 19:40:22,575 [INFO] Sent 545000 / 2229453  (24.4%)  elapsed=47.2s  throughput=11556 ev/s
2026-07-03 19:40:22,899 [INFO] Sent 550000 / 2229453  (24.7%)  elapsed=47.5s  throughput=11583 ev/s
2026-07-03 19:40:23,749 [INFO] Sent 555000 / 2229453  (24.9%)  elapsed=48.3s  throughput=11482 ev/s
2026-07-03 19:40:24,034 [INFO] Sent 560000 / 2229453  (25.1%)  elapsed=48.6s  throughput=11518 ev/s
2026-07-03 19:40:24,314 [INFO] Sent 565000 / 2229453  (25.3%)  elapsed=48.9s  throughput=11554 ev/s
2026-07-03 19:40:24,612 [INFO] Sent 570000 / 2229453  (25.6%)  elapsed=49.2s  throughput=11586 ev/s
2026-07-03 19:40:25,350 [INFO] Sent 575000 / 2229453  (25.8%)  elapsed=49.9s  throughput=11515 ev/s
2026-07-03 19:40:25,623 [INFO] Sent 580000 / 2229453  (26.0%)  elapsed=50.2s  throughput=11552 ev/s
2026-07-03 19:40:25,891 [INFO] Sent 585000 / 2229453  (26.2%)  elapsed=50.5s  throughput=11589 ev/s
2026-07-03 19:40:26,189 [INFO] Sent 590000 / 2229453  (26.5%)  elapsed=50.8s  throughput=11620 ev/s
2026-07-03 19:40:26,964 [INFO] Sent 595000 / 2229453  (26.7%)  elapsed=51.6s  throughput=11542 ev/s
2026-07-03 19:40:27,270 [INFO] Sent 600000 / 2229453  (26.9%)  elapsed=51.9s  throughput=11570 ev/s
2026-07-03 19:40:27,601 [INFO] Sent 605000 / 2229453  (27.1%)  elapsed=52.2s  throughput=11593 ev/s
2026-07-03 19:40:28,413 [INFO] Sent 610000 / 2229453  (27.4%)  elapsed=53.0s  throughput=11509 ev/s
2026-07-03 19:40:28,710 [INFO] Sent 615000 / 2229453  (27.6%)  elapsed=53.3s  throughput=11539 ev/s
2026-07-03 19:40:29,023 [INFO] Sent 620000 / 2229453  (27.8%)  elapsed=53.6s  throughput=11565 ev/s
2026-07-03 19:40:29,828 [INFO] Sent 625000 / 2229453  (28.0%)  elapsed=54.4s  throughput=11486 ev/s
2026-07-03 19:40:30,092 [INFO] Sent 630000 / 2229453  (28.3%)  elapsed=54.7s  throughput=11522 ev/s
2026-07-03 19:40:30,371 [INFO] Sent 635000 / 2229453  (28.5%)  elapsed=55.0s  throughput=11554 ev/s
2026-07-03 19:40:30,666 [INFO] Sent 640000 / 2229453  (28.7%)  elapsed=55.3s  throughput=11583 ev/s
2026-07-03 19:40:31,396 [INFO] Sent 645000 / 2229453  (28.9%)  elapsed=56.0s  throughput=11521 ev/s
2026-07-03 19:40:31,657 [INFO] Sent 650000 / 2229453  (29.2%)  elapsed=56.2s  throughput=11557 ev/s
2026-07-03 19:40:31,938 [INFO] Sent 655000 / 2229453  (29.4%)  elapsed=56.5s  throughput=11588 ev/s
2026-07-03 19:40:32,277 [INFO] Sent 660000 / 2229453  (29.6%)  elapsed=56.9s  throughput=11607 ev/s
2026-07-03 19:40:32,995 [INFO] Sent 665000 / 2229453  (29.8%)  elapsed=57.6s  throughput=11549 ev/s
2026-07-03 19:40:33,331 [INFO] Sent 670000 / 2229453  (30.1%)  elapsed=57.9s  throughput=11568 ev/s
2026-07-03 19:40:33,702 [INFO] Sent 675000 / 2229453  (30.3%)  elapsed=58.3s  throughput=11580 ev/s
2026-07-03 19:40:34,494 [INFO] Sent 680000 / 2229453  (30.5%)  elapsed=59.1s  throughput=11510 ev/s
2026-07-03 19:40:34,773 [INFO] Sent 685000 / 2229453  (30.7%)  elapsed=59.4s  throughput=11540 ev/s
2026-07-03 19:40:35,052 [INFO] Sent 690000 / 2229453  (30.9%)  elapsed=59.6s  throughput=11569 ev/s
2026-07-03 19:40:35,830 [INFO] Sent 695000 / 2229453  (31.2%)  elapsed=60.4s  throughput=11503 ev/s
2026-07-03 19:40:36,091 [INFO] Sent 700000 / 2229453  (31.4%)  elapsed=60.7s  throughput=11536 ev/s
2026-07-03 19:40:36,368 [INFO] Sent 705000 / 2229453  (31.6%)  elapsed=61.0s  throughput=11566 ev/s
2026-07-03 19:40:36,655 [INFO] Sent 710000 / 2229453  (31.8%)  elapsed=61.2s  throughput=11593 ev/s
2026-07-03 19:40:37,424 [INFO] Sent 715000 / 2229453  (32.1%)  elapsed=62.0s  throughput=11530 ev/s
2026-07-03 19:40:37,723 [INFO] Sent 720000 / 2229453  (32.3%)  elapsed=62.3s  throughput=11555 ev/s
2026-07-03 19:40:38,045 [INFO] Sent 725000 / 2229453  (32.5%)  elapsed=62.6s  throughput=11575 ev/s
2026-07-03 19:40:38,868 [INFO] Sent 730000 / 2229453  (32.7%)  elapsed=63.5s  throughput=11504 ev/s
2026-07-03 19:40:39,153 [INFO] Sent 735000 / 2229453  (33.0%)  elapsed=63.7s  throughput=11531 ev/s
2026-07-03 19:40:39,458 [INFO] Sent 740000 / 2229453  (33.2%)  elapsed=64.0s  throughput=11554 ev/s
2026-07-03 19:40:40,243 [INFO] Sent 745000 / 2229453  (33.4%)  elapsed=64.8s  throughput=11492 ev/s
2026-07-03 19:40:40,535 [INFO] Sent 750000 / 2229453  (33.6%)  elapsed=65.1s  throughput=11517 ev/s
2026-07-03 19:40:40,785 [INFO] Sent 755000 / 2229453  (33.9%)  elapsed=65.4s  throughput=11549 ev/s
2026-07-03 19:40:41,057 [INFO] Sent 760000 / 2229453  (34.1%)  elapsed=65.6s  throughput=11578 ev/s
2026-07-03 19:40:41,775 [INFO] Sent 765000 / 2229453  (34.3%)  elapsed=66.4s  throughput=11528 ev/s
2026-07-03 19:40:42,027 [INFO] Sent 770000 / 2229453  (34.5%)  elapsed=66.6s  throughput=11559 ev/s
2026-07-03 19:40:42,295 [INFO] Sent 775000 / 2229453  (34.8%)  elapsed=66.9s  throughput=11587 ev/s
2026-07-03 19:40:42,587 [INFO] Sent 780000 / 2229453  (35.0%)  elapsed=67.2s  throughput=11612 ev/s
2026-07-03 19:40:43,294 [INFO] Sent 785000 / 2229453  (35.2%)  elapsed=67.9s  throughput=11564 ev/s
2026-07-03 19:40:43,572 [INFO] Sent 790000 / 2229453  (35.4%)  elapsed=68.2s  throughput=11590 ev/s
2026-07-03 19:40:43,876 [INFO] Sent 795000 / 2229453  (35.7%)  elapsed=68.5s  throughput=11612 ev/s
2026-07-03 19:40:44,209 [INFO] Sent 800000 / 2229453  (35.9%)  elapsed=68.8s  throughput=11628 ev/s
2026-07-03 19:40:44,948 [INFO] Sent 805000 / 2229453  (36.1%)  elapsed=69.5s  throughput=11577 ev/s
2026-07-03 19:40:45,225 [INFO] Sent 810000 / 2229453  (36.3%)  elapsed=69.8s  throughput=11602 ev/s
2026-07-03 19:40:45,520 [INFO] Sent 815000 / 2229453  (36.6%)  elapsed=70.1s  throughput=11625 ev/s
2026-07-03 19:40:45,886 [INFO] Sent 820000 / 2229453  (36.8%)  elapsed=70.5s  throughput=11636 ev/s
2026-07-03 19:40:46,490 [INFO] Sent 825000 / 2229453  (37.0%)  elapsed=71.1s  throughput=11607 ev/s
2026-07-03 19:40:46,761 [INFO] Sent 830000 / 2229453  (37.2%)  elapsed=71.3s  throughput=11633 ev/s
2026-07-03 19:40:47,031 [INFO] Sent 835000 / 2229453  (37.5%)  elapsed=71.6s  throughput=11659 ev/s
2026-07-03 19:40:47,721 [INFO] Sent 840000 / 2229453  (37.7%)  elapsed=72.3s  throughput=11617 ev/s
2026-07-03 19:40:48,027 [INFO] Sent 845000 / 2229453  (37.9%)  elapsed=72.6s  throughput=11637 ev/s
2026-07-03 19:40:48,322 [INFO] Sent 850000 / 2229453  (38.1%)  elapsed=72.9s  throughput=11658 ev/s
2026-07-03 19:40:48,607 [INFO] Sent 855000 / 2229453  (38.4%)  elapsed=73.2s  throughput=11681 ev/s
2026-07-03 19:40:49,385 [INFO] Sent 860000 / 2229453  (38.6%)  elapsed=74.0s  throughput=11626 ev/s
2026-07-03 19:40:49,662 [INFO] Sent 865000 / 2229453  (38.8%)  elapsed=74.2s  throughput=11650 ev/s
2026-07-03 19:40:49,955 [INFO] Sent 870000 / 2229453  (39.0%)  elapsed=74.5s  throughput=11671 ev/s
2026-07-03 19:40:50,345 [INFO] Sent 875000 / 2229453  (39.2%)  elapsed=74.9s  throughput=11677 ev/s
2026-07-03 19:40:50,988 [INFO] Sent 880000 / 2229453  (39.5%)  elapsed=75.6s  throughput=11644 ev/s
2026-07-03 19:40:51,277 [INFO] Sent 885000 / 2229453  (39.7%)  elapsed=75.9s  throughput=11666 ev/s
2026-07-03 19:40:51,537 [INFO] Sent 890000 / 2229453  (39.9%)  elapsed=76.1s  throughput=11691 ev/s
2026-07-03 19:40:52,247 [INFO] Sent 895000 / 2229453  (40.1%)  elapsed=76.8s  throughput=11648 ev/s
2026-07-03 19:40:52,512 [INFO] Sent 900000 / 2229453  (40.4%)  elapsed=77.1s  throughput=11673 ev/s
2026-07-03 19:40:52,781 [INFO] Sent 905000 / 2229453  (40.6%)  elapsed=77.4s  throughput=11697 ev/s
2026-07-03 19:40:53,051 [INFO] Sent 910000 / 2229453  (40.8%)  elapsed=77.6s  throughput=11721 ev/s
2026-07-03 19:40:53,777 [INFO] Sent 915000 / 2229453  (41.0%)  elapsed=78.4s  throughput=11676 ev/s
2026-07-03 19:40:54,070 [INFO] Sent 920000 / 2229453  (41.3%)  elapsed=78.7s  throughput=11696 ev/s
2026-07-03 19:40:54,362 [INFO] Sent 925000 / 2229453  (41.5%)  elapsed=78.9s  throughput=11716 ev/s
2026-07-03 19:40:54,686 [INFO] Sent 930000 / 2229453  (41.7%)  elapsed=79.3s  throughput=11732 ev/s
2026-07-03 19:40:55,430 [INFO] Sent 935000 / 2229453  (41.9%)  elapsed=80.0s  throughput=11685 ev/s
2026-07-03 19:40:55,699 [INFO] Sent 940000 / 2229453  (42.2%)  elapsed=80.3s  throughput=11708 ev/s
2026-07-03 19:40:55,974 [INFO] Sent 945000 / 2229453  (42.4%)  elapsed=80.6s  throughput=11730 ev/s
2026-07-03 19:40:56,255 [INFO] Sent 950000 / 2229453  (42.6%)  elapsed=80.8s  throughput=11751 ev/s
2026-07-03 19:40:56,943 [INFO] Sent 955000 / 2229453  (42.8%)  elapsed=81.5s  throughput=11713 ev/s
2026-07-03 19:40:57,212 [INFO] Sent 960000 / 2229453  (43.1%)  elapsed=81.8s  throughput=11736 ev/s
2026-07-03 19:40:57,486 [INFO] Sent 965000 / 2229453  (43.3%)  elapsed=82.1s  throughput=11758 ev/s
2026-07-03 19:40:57,814 [INFO] Sent 970000 / 2229453  (43.5%)  elapsed=82.4s  throughput=11771 ev/s
2026-07-03 19:40:58,505 [INFO] Sent 975000 / 2229453  (43.7%)  elapsed=83.1s  throughput=11734 ev/s
2026-07-03 19:40:58,798 [INFO] Sent 980000 / 2229453  (44.0%)  elapsed=83.4s  throughput=11752 ev/s
2026-07-03 19:40:59,094 [INFO] Sent 985000 / 2229453  (44.2%)  elapsed=83.7s  throughput=11771 ev/s
2026-07-03 19:40:59,886 [INFO] Sent 990000 / 2229453  (44.4%)  elapsed=84.5s  throughput=11719 ev/s
2026-07-03 19:41:00,165 [INFO] Sent 995000 / 2229453  (44.6%)  elapsed=84.8s  throughput=11740 ev/s
2026-07-03 19:41:00,462 [INFO] Sent 1000000 / 2229453  (44.9%)  elapsed=85.1s  throughput=11758 ev/s
2026-07-03 19:41:00,890 [INFO] Sent 1005000 / 2229453  (45.1%)  elapsed=85.5s  throughput=11757 ev/s
2026-07-03 19:41:01,499 [INFO] Sent 1010000 / 2229453  (45.3%)  elapsed=86.1s  throughput=11732 ev/s
2026-07-03 19:41:01,760 [INFO] Sent 1015000 / 2229453  (45.5%)  elapsed=86.3s  throughput=11755 ev/s
2026-07-03 19:41:02,035 [INFO] Sent 1020000 / 2229453  (45.8%)  elapsed=86.6s  throughput=11775 ev/s
2026-07-03 19:41:02,727 [INFO] Sent 1025000 / 2229453  (46.0%)  elapsed=87.3s  throughput=11739 ev/s
2026-07-03 19:41:03,000 [INFO] Sent 1030000 / 2229453  (46.2%)  elapsed=87.6s  throughput=11760 ev/s
2026-07-03 19:41:03,274 [INFO] Sent 1035000 / 2229453  (46.4%)  elapsed=87.9s  throughput=11780 ev/s
2026-07-03 19:41:03,544 [INFO] Sent 1040000 / 2229453  (46.6%)  elapsed=88.1s  throughput=11800 ev/s
2026-07-03 19:41:04,259 [INFO] Sent 1045000 / 2229453  (46.9%)  elapsed=88.8s  throughput=11762 ev/s
2026-07-03 19:41:04,550 [INFO] Sent 1050000 / 2229453  (47.1%)  elapsed=89.1s  throughput=11779 ev/s
2026-07-03 19:41:04,852 [INFO] Sent 1055000 / 2229453  (47.3%)  elapsed=89.4s  throughput=11795 ev/s
2026-07-03 19:41:05,175 [INFO] Sent 1060000 / 2229453  (47.5%)  elapsed=89.8s  throughput=11809 ev/s
2026-07-03 19:41:05,925 [INFO] Sent 1065000 / 2229453  (47.8%)  elapsed=90.5s  throughput=11766 ev/s
2026-07-03 19:41:06,195 [INFO] Sent 1070000 / 2229453  (48.0%)  elapsed=90.8s  throughput=11786 ev/s
2026-07-03 19:41:06,471 [INFO] Sent 1075000 / 2229453  (48.2%)  elapsed=91.1s  throughput=11805 ev/s
2026-07-03 19:41:06,752 [INFO] Sent 1080000 / 2229453  (48.4%)  elapsed=91.3s  throughput=11824 ev/s
2026-07-03 19:41:07,439 [INFO] Sent 1085000 / 2229453  (48.7%)  elapsed=92.0s  throughput=11790 ev/s
2026-07-03 19:41:07,708 [INFO] Sent 1090000 / 2229453  (48.9%)  elapsed=92.3s  throughput=11810 ev/s
2026-07-03 19:41:07,985 [INFO] Sent 1095000 / 2229453  (49.1%)  elapsed=92.6s  throughput=11828 ev/s
2026-07-03 19:41:08,313 [INFO] Sent 1100000 / 2229453  (49.3%)  elapsed=92.9s  throughput=11840 ev/s
2026-07-03 19:41:09,007 [INFO] Sent 1105000 / 2229453  (49.6%)  elapsed=93.6s  throughput=11806 ev/s
2026-07-03 19:41:09,299 [INFO] Sent 1110000 / 2229453  (49.8%)  elapsed=93.9s  throughput=11823 ev/s
2026-07-03 19:41:09,614 [INFO] Sent 1115000 / 2229453  (50.0%)  elapsed=94.2s  throughput=11836 ev/s
2026-07-03 19:41:10,399 [INFO] Sent 1120000 / 2229453  (50.2%)  elapsed=95.0s  throughput=11791 ev/s
2026-07-03 19:41:10,669 [INFO] Sent 1125000 / 2229453  (50.5%)  elapsed=95.3s  throughput=11810 ev/s
2026-07-03 19:41:10,965 [INFO] Sent 1130000 / 2229453  (50.7%)  elapsed=95.6s  throughput=11826 ev/s
2026-07-03 19:41:11,401 [INFO] Sent 1135000 / 2229453  (50.9%)  elapsed=96.0s  throughput=11824 ev/s
2026-07-03 19:41:11,989 [INFO] Sent 1140000 / 2229453  (51.1%)  elapsed=96.6s  throughput=11804 ev/s
2026-07-03 19:41:12,260 [INFO] Sent 1145000 / 2229453  (51.4%)  elapsed=96.8s  throughput=11823 ev/s
2026-07-03 19:41:12,537 [INFO] Sent 1150000 / 2229453  (51.6%)  elapsed=97.1s  throughput=11840 ev/s
2026-07-03 19:41:12,873 [INFO] Sent 1155000 / 2229453  (51.8%)  elapsed=97.5s  throughput=11851 ev/s
2026-07-03 19:41:13,480 [INFO] Sent 1160000 / 2229453  (52.0%)  elapsed=98.1s  throughput=11828 ev/s
2026-07-03 19:41:13,751 [INFO] Sent 1165000 / 2229453  (52.3%)  elapsed=98.3s  throughput=11847 ev/s
2026-07-03 19:41:14,021 [INFO] Sent 1170000 / 2229453  (52.5%)  elapsed=98.6s  throughput=11865 ev/s
2026-07-03 19:41:14,338 [INFO] Sent 1175000 / 2229453  (52.7%)  elapsed=98.9s  throughput=11878 ev/s
2026-07-03 19:41:14,992 [INFO] Sent 1180000 / 2229453  (52.9%)  elapsed=99.6s  throughput=11850 ev/s
2026-07-03 19:41:15,298 [INFO] Sent 1185000 / 2229453  (53.2%)  elapsed=99.9s  throughput=11863 ev/s
2026-07-03 19:41:15,596 [INFO] Sent 1190000 / 2229453  (53.4%)  elapsed=100.2s  throughput=11878 ev/s
2026-07-03 19:41:16,336 [INFO] Sent 1195000 / 2229453  (53.6%)  elapsed=100.9s  throughput=11841 ev/s
2026-07-03 19:41:16,591 [INFO] Sent 1200000 / 2229453  (53.8%)  elapsed=101.2s  throughput=11860 ev/s
2026-07-03 19:41:16,862 [INFO] Sent 1205000 / 2229453  (54.0%)  elapsed=101.5s  throughput=11878 ev/s
2026-07-03 19:41:17,127 [INFO] Sent 1210000 / 2229453  (54.3%)  elapsed=101.7s  throughput=11896 ev/s
2026-07-03 19:41:17,825 [INFO] Sent 1215000 / 2229453  (54.5%)  elapsed=102.4s  throughput=11864 ev/s
2026-07-03 19:41:18,077 [INFO] Sent 1220000 / 2229453  (54.7%)  elapsed=102.7s  throughput=11883 ev/s
2026-07-03 19:41:18,337 [INFO] Sent 1225000 / 2229453  (54.9%)  elapsed=102.9s  throughput=11902 ev/s
2026-07-03 19:41:18,602 [INFO] Sent 1230000 / 2229453  (55.2%)  elapsed=103.2s  throughput=11920 ev/s
2026-07-03 19:41:19,317 [INFO] Sent 1235000 / 2229453  (55.4%)  elapsed=103.9s  throughput=11886 ev/s
2026-07-03 19:41:19,576 [INFO] Sent 1240000 / 2229453  (55.6%)  elapsed=104.2s  throughput=11904 ev/s
2026-07-03 19:41:19,861 [INFO] Sent 1245000 / 2229453  (55.8%)  elapsed=104.4s  throughput=11920 ev/s
2026-07-03 19:41:20,144 [INFO] Sent 1250000 / 2229453  (56.1%)  elapsed=104.7s  throughput=11935 ev/s
2026-07-03 19:41:20,895 [INFO] Sent 1255000 / 2229453  (56.3%)  elapsed=105.5s  throughput=11898 ev/s
2026-07-03 19:41:21,141 [INFO] Sent 1260000 / 2229453  (56.5%)  elapsed=105.7s  throughput=11917 ev/s
2026-07-03 19:41:21,423 [INFO] Sent 1265000 / 2229453  (56.7%)  elapsed=106.0s  throughput=11933 ev/s
2026-07-03 19:41:21,713 [INFO] Sent 1270000 / 2229453  (57.0%)  elapsed=106.3s  throughput=11947 ev/s
2026-07-03 19:41:22,415 [INFO] Sent 1275000 / 2229453  (57.2%)  elapsed=107.0s  throughput=11915 ev/s
2026-07-03 19:41:22,675 [INFO] Sent 1280000 / 2229453  (57.4%)  elapsed=107.3s  throughput=11933 ev/s
2026-07-03 19:41:22,947 [INFO] Sent 1285000 / 2229453  (57.6%)  elapsed=107.5s  throughput=11950 ev/s
2026-07-03 19:41:23,215 [INFO] Sent 1290000 / 2229453  (57.9%)  elapsed=107.8s  throughput=11966 ev/s
2026-07-03 19:41:23,901 [INFO] Sent 1295000 / 2229453  (58.1%)  elapsed=108.5s  throughput=11937 ev/s
2026-07-03 19:41:24,156 [INFO] Sent 1300000 / 2229453  (58.3%)  elapsed=108.7s  throughput=11955 ev/s
2026-07-03 19:41:24,431 [INFO] Sent 1305000 / 2229453  (58.5%)  elapsed=109.0s  throughput=11970 ev/s
2026-07-03 19:41:24,708 [INFO] Sent 1310000 / 2229453  (58.8%)  elapsed=109.3s  throughput=11986 ev/s
2026-07-03 19:41:25,392 [INFO] Sent 1315000 / 2229453  (59.0%)  elapsed=110.0s  throughput=11957 ev/s
2026-07-03 19:41:25,679 [INFO] Sent 1320000 / 2229453  (59.2%)  elapsed=110.3s  throughput=11971 ev/s
2026-07-03 19:41:25,984 [INFO] Sent 1325000 / 2229453  (59.4%)  elapsed=110.6s  throughput=11983 ev/s
2026-07-03 19:41:26,342 [INFO] Sent 1330000 / 2229453  (59.7%)  elapsed=110.9s  throughput=11989 ev/s
2026-07-03 19:41:26,976 [INFO] Sent 1335000 / 2229453  (59.9%)  elapsed=111.6s  throughput=11966 ev/s
2026-07-03 19:41:27,249 [INFO] Sent 1340000 / 2229453  (60.1%)  elapsed=111.8s  throughput=11982 ev/s
2026-07-03 19:41:27,522 [INFO] Sent 1345000 / 2229453  (60.3%)  elapsed=112.1s  throughput=11997 ev/s
2026-07-03 19:41:27,831 [INFO] Sent 1350000 / 2229453  (60.6%)  elapsed=112.4s  throughput=12008 ev/s
2026-07-03 19:41:28,460 [INFO] Sent 1355000 / 2229453  (60.8%)  elapsed=113.1s  throughput=11986 ev/s
2026-07-03 19:41:28,730 [INFO] Sent 1360000 / 2229453  (61.0%)  elapsed=113.3s  throughput=12001 ev/s
2026-07-03 19:41:28,997 [INFO] Sent 1365000 / 2229453  (61.2%)  elapsed=113.6s  throughput=12017 ev/s
2026-07-03 19:41:29,287 [INFO] Sent 1370000 / 2229453  (61.5%)  elapsed=113.9s  throughput=12031 ev/s
2026-07-03 19:41:29,960 [INFO] Sent 1375000 / 2229453  (61.7%)  elapsed=114.5s  throughput=12004 ev/s
2026-07-03 19:41:30,236 [INFO] Sent 1380000 / 2229453  (61.9%)  elapsed=114.8s  throughput=12018 ev/s
2026-07-03 19:41:30,525 [INFO] Sent 1385000 / 2229453  (62.1%)  elapsed=115.1s  throughput=12031 ev/s
2026-07-03 19:41:31,278 [INFO] Sent 1390000 / 2229453  (62.3%)  elapsed=115.9s  throughput=11996 ev/s
2026-07-03 19:41:31,530 [INFO] Sent 1395000 / 2229453  (62.6%)  elapsed=116.1s  throughput=12013 ev/s
2026-07-03 19:41:31,805 [INFO] Sent 1400000 / 2229453  (62.8%)  elapsed=116.4s  throughput=12028 ev/s
2026-07-03 19:41:32,081 [INFO] Sent 1405000 / 2229453  (63.0%)  elapsed=116.7s  throughput=12042 ev/s
2026-07-03 19:41:32,816 [INFO] Sent 1410000 / 2229453  (63.2%)  elapsed=117.4s  throughput=12010 ev/s
2026-07-03 19:41:33,065 [INFO] Sent 1415000 / 2229453  (63.5%)  elapsed=117.7s  throughput=12027 ev/s
2026-07-03 19:41:33,324 [INFO] Sent 1420000 / 2229453  (63.7%)  elapsed=117.9s  throughput=12043 ev/s
2026-07-03 19:41:33,589 [INFO] Sent 1425000 / 2229453  (63.9%)  elapsed=118.2s  throughput=12058 ev/s
2026-07-03 19:41:34,298 [INFO] Sent 1430000 / 2229453  (64.1%)  elapsed=118.9s  throughput=12028 ev/s
2026-07-03 19:41:34,536 [INFO] Sent 1435000 / 2229453  (64.4%)  elapsed=119.1s  throughput=12046 ev/s
2026-07-03 19:41:34,802 [INFO] Sent 1440000 / 2229453  (64.6%)  elapsed=119.4s  throughput=12061 ev/s
2026-07-03 19:41:35,068 [INFO] Sent 1445000 / 2229453  (64.8%)  elapsed=119.7s  throughput=12076 ev/s
2026-07-03 19:41:35,776 [INFO] Sent 1450000 / 2229453  (65.0%)  elapsed=120.4s  throughput=12047 ev/s
2026-07-03 19:41:36,039 [INFO] Sent 1455000 / 2229453  (65.3%)  elapsed=120.6s  throughput=12062 ev/s
2026-07-03 19:41:36,336 [INFO] Sent 1460000 / 2229453  (65.5%)  elapsed=120.9s  throughput=12074 ev/s
2026-07-03 19:41:36,658 [INFO] Sent 1465000 / 2229453  (65.7%)  elapsed=121.2s  throughput=12083 ev/s
2026-07-03 19:41:37,359 [INFO] Sent 1470000 / 2229453  (65.9%)  elapsed=121.9s  throughput=12054 ev/s
2026-07-03 19:41:37,615 [INFO] Sent 1475000 / 2229453  (66.2%)  elapsed=122.2s  throughput=12070 ev/s
2026-07-03 19:41:37,900 [INFO] Sent 1480000 / 2229453  (66.4%)  elapsed=122.5s  throughput=12083 ev/s
2026-07-03 19:41:38,153 [INFO] Sent 1485000 / 2229453  (66.6%)  elapsed=122.7s  throughput=12098 ev/s
2026-07-03 19:41:38,850 [INFO] Sent 1490000 / 2229453  (66.8%)  elapsed=123.4s  throughput=12071 ev/s
2026-07-03 19:41:39,099 [INFO] Sent 1495000 / 2229453  (67.1%)  elapsed=123.7s  throughput=12087 ev/s
2026-07-03 19:41:39,369 [INFO] Sent 1500000 / 2229453  (67.3%)  elapsed=124.0s  throughput=12101 ev/s
2026-07-03 19:41:39,633 [INFO] Sent 1505000 / 2229453  (67.5%)  elapsed=124.2s  throughput=12115 ev/s
2026-07-03 19:41:40,343 [INFO] Sent 1510000 / 2229453  (67.7%)  elapsed=124.9s  throughput=12086 ev/s
2026-07-03 19:41:40,608 [INFO] Sent 1515000 / 2229453  (68.0%)  elapsed=125.2s  throughput=12101 ev/s
2026-07-03 19:41:40,884 [INFO] Sent 1520000 / 2229453  (68.2%)  elapsed=125.5s  throughput=12114 ev/s
2026-07-03 19:41:41,162 [INFO] Sent 1525000 / 2229453  (68.4%)  elapsed=125.8s  throughput=12127 ev/s
2026-07-03 19:41:41,892 [INFO] Sent 1530000 / 2229453  (68.6%)  elapsed=126.5s  throughput=12097 ev/s
2026-07-03 19:41:42,156 [INFO] Sent 1535000 / 2229453  (68.9%)  elapsed=126.7s  throughput=12111 ev/s
2026-07-03 19:41:42,438 [INFO] Sent 1540000 / 2229453  (69.1%)  elapsed=127.0s  throughput=12123 ev/s
2026-07-03 19:41:42,727 [INFO] Sent 1545000 / 2229453  (69.3%)  elapsed=127.3s  throughput=12135 ev/s
2026-07-03 19:41:43,439 [INFO] Sent 1550000 / 2229453  (69.5%)  elapsed=128.0s  throughput=12107 ev/s
2026-07-03 19:41:43,681 [INFO] Sent 1555000 / 2229453  (69.7%)  elapsed=128.3s  throughput=12123 ev/s
2026-07-03 19:41:43,955 [INFO] Sent 1560000 / 2229453  (70.0%)  elapsed=128.5s  throughput=12136 ev/s
2026-07-03 19:41:44,221 [INFO] Sent 1565000 / 2229453  (70.2%)  elapsed=128.8s  throughput=12150 ev/s
2026-07-03 19:41:44,906 [INFO] Sent 1570000 / 2229453  (70.4%)  elapsed=129.5s  throughput=12124 ev/s
2026-07-03 19:41:45,160 [INFO] Sent 1575000 / 2229453  (70.6%)  elapsed=129.7s  throughput=12139 ev/s
2026-07-03 19:41:45,433 [INFO] Sent 1580000 / 2229453  (70.9%)  elapsed=130.0s  throughput=12152 ev/s
2026-07-03 19:41:45,702 [INFO] Sent 1585000 / 2229453  (71.1%)  elapsed=130.3s  throughput=12165 ev/s
2026-07-03 19:41:46,391 [INFO] Sent 1590000 / 2229453  (71.3%)  elapsed=131.0s  throughput=12139 ev/s
2026-07-03 19:41:46,678 [INFO] Sent 1595000 / 2229453  (71.5%)  elapsed=131.3s  throughput=12151 ev/s
2026-07-03 19:41:46,979 [INFO] Sent 1600000 / 2229453  (71.8%)  elapsed=131.6s  throughput=12161 ev/s
2026-07-03 19:41:47,335 [INFO] Sent 1605000 / 2229453  (72.0%)  elapsed=131.9s  throughput=12166 ev/s
2026-07-03 19:41:47,975 [INFO] Sent 1610000 / 2229453  (72.2%)  elapsed=132.6s  throughput=12145 ev/s
2026-07-03 19:41:48,251 [INFO] Sent 1615000 / 2229453  (72.4%)  elapsed=132.8s  throughput=12157 ev/s
2026-07-03 19:41:48,531 [INFO] Sent 1620000 / 2229453  (72.7%)  elapsed=133.1s  throughput=12169 ev/s
2026-07-03 19:41:48,835 [INFO] Sent 1625000 / 2229453  (72.9%)  elapsed=133.4s  throughput=12179 ev/s
2026-07-03 19:41:49,466 [INFO] Sent 1630000 / 2229453  (73.1%)  elapsed=134.1s  throughput=12159 ev/s
2026-07-03 19:41:49,735 [INFO] Sent 1635000 / 2229453  (73.3%)  elapsed=134.3s  throughput=12172 ev/s
2026-07-03 19:41:50,008 [INFO] Sent 1640000 / 2229453  (73.6%)  elapsed=134.6s  throughput=12184 ev/s
2026-07-03 19:41:50,318 [INFO] Sent 1645000 / 2229453  (73.8%)  elapsed=134.9s  throughput=12193 ev/s
2026-07-03 19:41:50,971 [INFO] Sent 1650000 / 2229453  (74.0%)  elapsed=135.6s  throughput=12172 ev/s
2026-07-03 19:41:51,249 [INFO] Sent 1655000 / 2229453  (74.2%)  elapsed=135.8s  throughput=12184 ev/s
2026-07-03 19:41:51,533 [INFO] Sent 1660000 / 2229453  (74.5%)  elapsed=136.1s  throughput=12195 ev/s
2026-07-03 19:41:52,283 [INFO] Sent 1665000 / 2229453  (74.7%)  elapsed=136.9s  throughput=12165 ev/s
2026-07-03 19:41:52,536 [INFO] Sent 1670000 / 2229453  (74.9%)  elapsed=137.1s  throughput=12179 ev/s
2026-07-03 19:41:52,816 [INFO] Sent 1675000 / 2229453  (75.1%)  elapsed=137.4s  throughput=12190 ev/s
2026-07-03 19:41:53,089 [INFO] Sent 1680000 / 2229453  (75.4%)  elapsed=137.7s  throughput=12202 ev/s
2026-07-03 19:41:53,819 [INFO] Sent 1685000 / 2229453  (75.6%)  elapsed=138.4s  throughput=12174 ev/s
2026-07-03 19:41:54,068 [INFO] Sent 1690000 / 2229453  (75.8%)  elapsed=138.7s  throughput=12188 ev/s
2026-07-03 19:41:54,339 [INFO] Sent 1695000 / 2229453  (76.0%)  elapsed=138.9s  throughput=12200 ev/s
2026-07-03 19:41:54,600 [INFO] Sent 1700000 / 2229453  (76.3%)  elapsed=139.2s  throughput=12214 ev/s
2026-07-03 19:41:55,309 [INFO] Sent 1705000 / 2229453  (76.5%)  elapsed=139.9s  throughput=12187 ev/s
2026-07-03 19:41:55,559 [INFO] Sent 1710000 / 2229453  (76.7%)  elapsed=140.1s  throughput=12201 ev/s
2026-07-03 19:41:55,817 [INFO] Sent 1715000 / 2229453  (76.9%)  elapsed=140.4s  throughput=12214 ev/s
2026-07-03 19:41:56,082 [INFO] Sent 1720000 / 2229453  (77.1%)  elapsed=140.7s  throughput=12227 ev/s
2026-07-03 19:41:56,788 [INFO] Sent 1725000 / 2229453  (77.4%)  elapsed=141.4s  throughput=12201 ev/s
2026-07-03 19:41:57,057 [INFO] Sent 1730000 / 2229453  (77.6%)  elapsed=141.6s  throughput=12213 ev/s
2026-07-03 19:41:57,354 [INFO] Sent 1735000 / 2229453  (77.8%)  elapsed=141.9s  throughput=12223 ev/s
2026-07-03 19:41:57,655 [INFO] Sent 1740000 / 2229453  (78.0%)  elapsed=142.2s  throughput=12232 ev/s
2026-07-03 19:41:58,383 [INFO] Sent 1745000 / 2229453  (78.3%)  elapsed=143.0s  throughput=12205 ev/s
2026-07-03 19:41:58,640 [INFO] Sent 1750000 / 2229453  (78.5%)  elapsed=143.2s  throughput=12218 ev/s
2026-07-03 19:41:58,911 [INFO] Sent 1755000 / 2229453  (78.7%)  elapsed=143.5s  throughput=12230 ev/s
2026-07-03 19:41:59,174 [INFO] Sent 1760000 / 2229453  (78.9%)  elapsed=143.8s  throughput=12242 ev/s
2026-07-03 19:41:59,862 [INFO] Sent 1765000 / 2229453  (79.2%)  elapsed=144.5s  throughput=12218 ev/s
2026-07-03 19:42:00,116 [INFO] Sent 1770000 / 2229453  (79.4%)  elapsed=144.7s  throughput=12232 ev/s
2026-07-03 19:42:00,394 [INFO] Sent 1775000 / 2229453  (79.6%)  elapsed=145.0s  throughput=12243 ev/s
2026-07-03 19:42:00,659 [INFO] Sent 1780000 / 2229453  (79.8%)  elapsed=145.3s  throughput=12255 ev/s
2026-07-03 19:42:01,360 [INFO] Sent 1785000 / 2229453  (80.1%)  elapsed=146.0s  throughput=12230 ev/s
2026-07-03 19:42:01,619 [INFO] Sent 1790000 / 2229453  (80.3%)  elapsed=146.2s  throughput=12243 ev/s
2026-07-03 19:42:01,906 [INFO] Sent 1795000 / 2229453  (80.5%)  elapsed=146.5s  throughput=12253 ev/s
2026-07-03 19:42:02,196 [INFO] Sent 1800000 / 2229453  (80.7%)  elapsed=146.8s  throughput=12263 ev/s
2026-07-03 19:42:02,922 [INFO] Sent 1805000 / 2229453  (81.0%)  elapsed=147.5s  throughput=12236 ev/s
2026-07-03 19:42:03,199 [INFO] Sent 1810000 / 2229453  (81.2%)  elapsed=147.8s  throughput=12247 ev/s
2026-07-03 19:42:03,476 [INFO] Sent 1815000 / 2229453  (81.4%)  elapsed=148.1s  throughput=12258 ev/s
2026-07-03 19:42:03,810 [INFO] Sent 1820000 / 2229453  (81.6%)  elapsed=148.4s  throughput=12264 ev/s
2026-07-03 19:42:04,457 [INFO] Sent 1825000 / 2229453  (81.9%)  elapsed=149.0s  throughput=12244 ev/s
2026-07-03 19:42:04,722 [INFO] Sent 1830000 / 2229453  (82.1%)  elapsed=149.3s  throughput=12256 ev/s
2026-07-03 19:42:04,989 [INFO] Sent 1835000 / 2229453  (82.3%)  elapsed=149.6s  throughput=12268 ev/s
2026-07-03 19:42:05,275 [INFO] Sent 1840000 / 2229453  (82.5%)  elapsed=149.9s  throughput=12278 ev/s
2026-07-03 19:42:05,956 [INFO] Sent 1845000 / 2229453  (82.8%)  elapsed=150.5s  throughput=12255 ev/s
2026-07-03 19:42:06,202 [INFO] Sent 1850000 / 2229453  (83.0%)  elapsed=150.8s  throughput=12268 ev/s
2026-07-03 19:42:06,473 [INFO] Sent 1855000 / 2229453  (83.2%)  elapsed=151.1s  throughput=12280 ev/s
2026-07-03 19:42:06,745 [INFO] Sent 1860000 / 2229453  (83.4%)  elapsed=151.3s  throughput=12290 ev/s
2026-07-03 19:42:07,444 [INFO] Sent 1865000 / 2229453  (83.7%)  elapsed=152.0s  throughput=12267 ev/s
2026-07-03 19:42:07,737 [INFO] Sent 1870000 / 2229453  (83.9%)  elapsed=152.3s  throughput=12276 ev/s
2026-07-03 19:42:08,040 [INFO] Sent 1875000 / 2229453  (84.1%)  elapsed=152.6s  throughput=12284 ev/s
2026-07-03 19:42:08,838 [INFO] Sent 1880000 / 2229453  (84.3%)  elapsed=153.4s  throughput=12253 ev/s
2026-07-03 19:42:09,084 [INFO] Sent 1885000 / 2229453  (84.5%)  elapsed=153.7s  throughput=12266 ev/s
2026-07-03 19:42:09,333 [INFO] Sent 1890000 / 2229453  (84.8%)  elapsed=153.9s  throughput=12279 ev/s
2026-07-03 19:42:09,592 [INFO] Sent 1895000 / 2229453  (85.0%)  elapsed=154.2s  throughput=12291 ev/s
2026-07-03 19:42:10,294 [INFO] Sent 1900000 / 2229453  (85.2%)  elapsed=154.9s  throughput=12267 ev/s
2026-07-03 19:42:10,535 [INFO] Sent 1905000 / 2229453  (85.4%)  elapsed=155.1s  throughput=12280 ev/s
2026-07-03 19:42:10,797 [INFO] Sent 1910000 / 2229453  (85.7%)  elapsed=155.4s  throughput=12292 ev/s
2026-07-03 19:42:11,067 [INFO] Sent 1915000 / 2229453  (85.9%)  elapsed=155.7s  throughput=12303 ev/s
2026-07-03 19:42:11,784 [INFO] Sent 1920000 / 2229453  (86.1%)  elapsed=156.4s  throughput=12278 ev/s
2026-07-03 19:42:12,039 [INFO] Sent 1925000 / 2229453  (86.3%)  elapsed=156.6s  throughput=12290 ev/s
2026-07-03 19:42:12,320 [INFO] Sent 1930000 / 2229453  (86.6%)  elapsed=156.9s  throughput=12300 ev/s
2026-07-03 19:42:12,604 [INFO] Sent 1935000 / 2229453  (86.8%)  elapsed=157.2s  throughput=12310 ev/s
2026-07-03 19:42:13,354 [INFO] Sent 1940000 / 2229453  (87.0%)  elapsed=157.9s  throughput=12283 ev/s
2026-07-03 19:42:13,612 [INFO] Sent 1945000 / 2229453  (87.2%)  elapsed=158.2s  throughput=12294 ev/s
2026-07-03 19:42:13,893 [INFO] Sent 1950000 / 2229453  (87.5%)  elapsed=158.5s  throughput=12304 ev/s
2026-07-03 19:42:14,168 [INFO] Sent 1955000 / 2229453  (87.7%)  elapsed=158.8s  throughput=12314 ev/s
2026-07-03 19:42:14,891 [INFO] Sent 1960000 / 2229453  (87.9%)  elapsed=159.5s  throughput=12290 ev/s
2026-07-03 19:42:15,150 [INFO] Sent 1965000 / 2229453  (88.1%)  elapsed=159.7s  throughput=12301 ev/s
2026-07-03 19:42:15,408 [INFO] Sent 1970000 / 2229453  (88.4%)  elapsed=160.0s  throughput=12313 ev/s
2026-07-03 19:42:15,664 [INFO] Sent 1975000 / 2229453  (88.6%)  elapsed=160.3s  throughput=12324 ev/s
2026-07-03 19:42:16,368 [INFO] Sent 1980000 / 2229453  (88.8%)  elapsed=161.0s  throughput=12301 ev/s
2026-07-03 19:42:16,616 [INFO] Sent 1985000 / 2229453  (89.0%)  elapsed=161.2s  throughput=12313 ev/s
2026-07-03 19:42:16,885 [INFO] Sent 1990000 / 2229453  (89.3%)  elapsed=161.5s  throughput=12324 ev/s
2026-07-03 19:42:17,141 [INFO] Sent 1995000 / 2229453  (89.5%)  elapsed=161.7s  throughput=12335 ev/s
2026-07-03 19:42:17,873 [INFO] Sent 2000000 / 2229453  (89.7%)  elapsed=162.5s  throughput=12310 ev/s
2026-07-03 19:42:18,132 [INFO] Sent 2005000 / 2229453  (89.9%)  elapsed=162.7s  throughput=12322 ev/s
2026-07-03 19:42:18,432 [INFO] Sent 2010000 / 2229453  (90.2%)  elapsed=163.0s  throughput=12330 ev/s
2026-07-03 19:42:18,784 [INFO] Sent 2015000 / 2229453  (90.4%)  elapsed=163.4s  throughput=12334 ev/s
2026-07-03 19:42:19,475 [INFO] Sent 2020000 / 2229453  (90.6%)  elapsed=164.1s  throughput=12312 ev/s
2026-07-03 19:42:19,732 [INFO] Sent 2025000 / 2229453  (90.8%)  elapsed=164.3s  throughput=12323 ev/s
2026-07-03 19:42:19,998 [INFO] Sent 2030000 / 2229453  (91.1%)  elapsed=164.6s  throughput=12334 ev/s
2026-07-03 19:42:20,286 [INFO] Sent 2035000 / 2229453  (91.3%)  elapsed=164.9s  throughput=12343 ev/s
2026-07-03 19:42:20,943 [INFO] Sent 2040000 / 2229453  (91.5%)  elapsed=165.5s  throughput=12324 ev/s
2026-07-03 19:42:21,199 [INFO] Sent 2045000 / 2229453  (91.7%)  elapsed=165.8s  throughput=12335 ev/s
2026-07-03 19:42:21,469 [INFO] Sent 2050000 / 2229453  (92.0%)  elapsed=166.1s  throughput=12345 ev/s
2026-07-03 19:42:21,740 [INFO] Sent 2055000 / 2229453  (92.2%)  elapsed=166.3s  throughput=12355 ev/s
2026-07-03 19:42:22,438 [INFO] Sent 2060000 / 2229453  (92.4%)  elapsed=167.0s  throughput=12333 ev/s
2026-07-03 19:42:22,715 [INFO] Sent 2065000 / 2229453  (92.6%)  elapsed=167.3s  throughput=12343 ev/s
2026-07-03 19:42:23,008 [INFO] Sent 2070000 / 2229453  (92.8%)  elapsed=167.6s  throughput=12351 ev/s
2026-07-03 19:42:23,758 [INFO] Sent 2075000 / 2229453  (93.1%)  elapsed=168.3s  throughput=12326 ev/s
2026-07-03 19:42:24,022 [INFO] Sent 2080000 / 2229453  (93.3%)  elapsed=168.6s  throughput=12336 ev/s
2026-07-03 19:42:24,301 [INFO] Sent 2085000 / 2229453  (93.5%)  elapsed=168.9s  throughput=12345 ev/s
2026-07-03 19:42:24,594 [INFO] Sent 2090000 / 2229453  (93.7%)  elapsed=169.2s  throughput=12353 ev/s
2026-07-03 19:42:25,319 [INFO] Sent 2095000 / 2229453  (94.0%)  elapsed=169.9s  throughput=12330 ev/s
2026-07-03 19:42:25,564 [INFO] Sent 2100000 / 2229453  (94.2%)  elapsed=170.2s  throughput=12342 ev/s
2026-07-03 19:42:25,831 [INFO] Sent 2105000 / 2229453  (94.4%)  elapsed=170.4s  throughput=12352 ev/s
2026-07-03 19:42:26,089 [INFO] Sent 2110000 / 2229453  (94.6%)  elapsed=170.7s  throughput=12362 ev/s
2026-07-03 19:42:26,803 [INFO] Sent 2115000 / 2229453  (94.9%)  elapsed=171.4s  throughput=12340 ev/s
2026-07-03 19:42:27,044 [INFO] Sent 2120000 / 2229453  (95.1%)  elapsed=171.6s  throughput=12352 ev/s
2026-07-03 19:42:27,308 [INFO] Sent 2125000 / 2229453  (95.3%)  elapsed=171.9s  throughput=12362 ev/s
2026-07-03 19:42:27,568 [INFO] Sent 2130000 / 2229453  (95.5%)  elapsed=172.2s  throughput=12372 ev/s
2026-07-03 19:42:28,286 [INFO] Sent 2135000 / 2229453  (95.8%)  elapsed=172.9s  throughput=12350 ev/s
2026-07-03 19:42:28,555 [INFO] Sent 2140000 / 2229453  (96.0%)  elapsed=173.1s  throughput=12359 ev/s
2026-07-03 19:42:28,854 [INFO] Sent 2145000 / 2229453  (96.2%)  elapsed=173.4s  throughput=12367 ev/s
2026-07-03 19:42:29,166 [INFO] Sent 2150000 / 2229453  (96.4%)  elapsed=173.8s  throughput=12373 ev/s
2026-07-03 19:42:29,908 [INFO] Sent 2155000 / 2229453  (96.7%)  elapsed=174.5s  throughput=12349 ev/s
2026-07-03 19:42:30,163 [INFO] Sent 2160000 / 2229453  (96.9%)  elapsed=174.8s  throughput=12360 ev/s
2026-07-03 19:42:30,433 [INFO] Sent 2165000 / 2229453  (97.1%)  elapsed=175.0s  throughput=12370 ev/s
2026-07-03 19:42:30,699 [INFO] Sent 2170000 / 2229453  (97.3%)  elapsed=175.3s  throughput=12379 ev/s
2026-07-03 19:42:31,397 [INFO] Sent 2175000 / 2229453  (97.6%)  elapsed=176.0s  throughput=12359 ev/s
2026-07-03 19:42:31,633 [INFO] Sent 2180000 / 2229453  (97.8%)  elapsed=176.2s  throughput=12371 ev/s
2026-07-03 19:42:31,903 [INFO] Sent 2185000 / 2229453  (98.0%)  elapsed=176.5s  throughput=12380 ev/s
2026-07-03 19:42:32,162 [INFO] Sent 2190000 / 2229453  (98.2%)  elapsed=176.8s  throughput=12390 ev/s
2026-07-03 19:42:32,881 [INFO] Sent 2195000 / 2229453  (98.5%)  elapsed=177.5s  throughput=12368 ev/s
2026-07-03 19:42:33,150 [INFO] Sent 2200000 / 2229453  (98.7%)  elapsed=177.7s  throughput=12377 ev/s
2026-07-03 19:42:33,441 [INFO] Sent 2205000 / 2229453  (98.9%)  elapsed=178.0s  throughput=12385 ev/s
2026-07-03 19:42:33,760 [INFO] Sent 2210000 / 2229453  (99.1%)  elapsed=178.4s  throughput=12391 ev/s
2026-07-03 19:42:34,460 [INFO] Sent 2215000 / 2229453  (99.4%)  elapsed=179.1s  throughput=12371 ev/s
2026-07-03 19:42:34,739 [INFO] Sent 2220000 / 2229453  (99.6%)  elapsed=179.3s  throughput=12379 ev/s
2026-07-03 19:42:35,024 [INFO] Sent 2225000 / 2229453  (99.8%)  elapsed=179.6s  throughput=12388 ev/s
2026-07-03 19:42:35,456 [INFO] Replay complete: 2229453 events in 180.0 s (avg 12383 ev/s) — delayed: 669488 (30.0%)
2026-07-03 19:42:35,456 [INFO] Out-of-order emitted: 657439 events (29.49% of emitted events)
2026-07-03 19:42:35,462 [INFO] End-of-stream markers sent to 4 partition(s) (event_time=2200-01-01 00:00:00+00:00) — final event-time windows will flush at the next checkpoint.
2026-07-03 19:42:35,462 [INFO] <KafkaProducer client_id=kafka-python-producer-1 transactional_id=None>: Closing the Kafka producer with 9223372036.0 secs timeout.
2026-07-03 19:42:35,463 [INFO] <BrokerConnection client_id=kafka-python-producer-1, node_id=1 host=kafka:9092 <connected> [IPv4 ('172.18.0.2', 9092)]>: Closing connection. 
2026-07-03 19:42:35,463 [INFO] Producer closed.
